Archive member included to satisfy reference by file (symbol)

c:/program files (x86)/arduino/hardware/tools/avr/bin/../lib/gcc/avr/4.8.1/avr5\libgcc.a(_mulsi3.o)
                              ./libraries/core/WMath.o (__mulsi3)
c:/program files (x86)/arduino/hardware/tools/avr/bin/../lib/gcc/avr/4.8.1/avr5\libgcc.a(_udivmodqi4.o)
                              ./libraries/SD/utility/SdFile.o (__udivmodqi4)
c:/program files (x86)/arduino/hardware/tools/avr/bin/../lib/gcc/avr/4.8.1/avr5\libgcc.a(_divmodhi4.o)
                              ./libraries/Time/Time.o (__divmodhi4)
c:/program files (x86)/arduino/hardware/tools/avr/bin/../lib/gcc/avr/4.8.1/avr5\libgcc.a(_udivmodsi4.o)
                              ./libraries/core/HardwareSerial.o (__udivmodsi4)
c:/program files (x86)/arduino/hardware/tools/avr/bin/../lib/gcc/avr/4.8.1/avr5\libgcc.a(_divmodsi4.o)
                              ./libraries/core/WMath.o (__divmodsi4)
c:/program files (x86)/arduino/hardware/tools/avr/bin/../lib/gcc/avr/4.8.1/avr5\libgcc.a(_negsi2.o)
                              c:/program files (x86)/arduino/hardware/tools/avr/bin/../lib/gcc/avr/4.8.1/avr5\libgcc.a(_divmodsi4.o) (__negsi2)
c:/program files (x86)/arduino/hardware/tools/avr/bin/../lib/gcc/avr/4.8.1/avr5\libgcc.a(_exit.o)
                              c:/program files (x86)/arduino/hardware/tools/avr/bin/../lib/gcc/avr/4.8.1/../../../../avr/lib/avr5/crtm328p.o (exit)
c:/program files (x86)/arduino/hardware/tools/avr/bin/../lib/gcc/avr/4.8.1/avr5\libgcc.a(_copy_data.o)
                              ./libraries/core/HardwareSerial.o (__do_copy_data)
c:/program files (x86)/arduino/hardware/tools/avr/bin/../lib/gcc/avr/4.8.1/avr5\libgcc.a(_clear_bss.o)
                              ./libraries/core/HardwareSerial0.o (__do_clear_bss)
c:/program files (x86)/arduino/hardware/tools/avr/bin/../lib/gcc/avr/4.8.1/avr5\libgcc.a(_ctors.o)
                              ./libraries/core/HardwareSerial0.o (__do_global_ctors)
c:/program files (x86)/arduino/hardware/tools/avr/bin/../lib/gcc/avr/4.8.1/avr5\libgcc.a(_dtors.o)
                              ./trapapoul.o (__do_global_dtors)
c:/program files (x86)/arduino/hardware/tools/avr/bin/../lib/gcc/avr/4.8.1/avr5\libgcc.a(_umulhisi3.o)
                              ./libraries/Time/Time.o (__umulhisi3)
c:/program files (x86)/arduino/hardware/tools/avr/bin/../lib/gcc/avr/4.8.1/avr5\libgcc.a(_muluhisi3.o)
                              ./libraries/core/Stream.o (__muluhisi3)
c:/program files (x86)/arduino/hardware/tools/avr/bin/../lib/gcc/avr/4.8.1/avr5\libgcc.a(_mulshisi3.o)
                              ./libraries/Time/Time.o (__mulshisi3)
c:/program files (x86)/arduino/hardware/tools/avr/bin/../lib/gcc/avr/4.8.1/avr5\libgcc.a(_udivmodhi4.o)
                              c:/program files (x86)/arduino/hardware/tools/avr/bin/../lib/gcc/avr/4.8.1/avr5\libgcc.a(_divmodhi4.o) (__udivmodhi4)
c:/program files (x86)/arduino/hardware/tools/avr/bin/../lib/gcc/avr/4.8.1/avr5\libgcc.a(_tablejump.o)
                              c:/program files (x86)/arduino/hardware/tools/avr/bin/../lib/gcc/avr/4.8.1/avr5\libgcc.a(_ctors.o) (__tablejump__)
c:/program files (x86)/arduino/hardware/tools/avr/bin/../lib/gcc/avr/4.8.1/../../../../avr/lib/avr5\libm.a(addsf3.o)
                              ./libraries/core/Print.o (__subsf3)
c:/program files (x86)/arduino/hardware/tools/avr/bin/../lib/gcc/avr/4.8.1/../../../../avr/lib/avr5\libm.a(addsf3x.o)
                              c:/program files (x86)/arduino/hardware/tools/avr/bin/../lib/gcc/avr/4.8.1/../../../../avr/lib/avr5\libm.a(addsf3.o) (__addsf3x)
c:/program files (x86)/arduino/hardware/tools/avr/bin/../lib/gcc/avr/4.8.1/../../../../avr/lib/avr5\libm.a(cmpsf2.o)
                              ./libraries/core/Print.o (__ltsf2)
c:/program files (x86)/arduino/hardware/tools/avr/bin/../lib/gcc/avr/4.8.1/../../../../avr/lib/avr5\libm.a(divsf3.o)
                              ./libraries/core/Print.o (__divsf3)
c:/program files (x86)/arduino/hardware/tools/avr/bin/../lib/gcc/avr/4.8.1/../../../../avr/lib/avr5\libm.a(divsf3x.o)
                              c:/program files (x86)/arduino/hardware/tools/avr/bin/../lib/gcc/avr/4.8.1/../../../../avr/lib/avr5\libm.a(divsf3.o) (__divsf3x)
c:/program files (x86)/arduino/hardware/tools/avr/bin/../lib/gcc/avr/4.8.1/../../../../avr/lib/avr5\libm.a(fixsfsi.o)
                              ./libraries/core/Print.o (__fixsfsi)
c:/program files (x86)/arduino/hardware/tools/avr/bin/../lib/gcc/avr/4.8.1/../../../../avr/lib/avr5\libm.a(fixunssfsi.o)
                              ./libraries/core/Print.o (__fixunssfsi)
c:/program files (x86)/arduino/hardware/tools/avr/bin/../lib/gcc/avr/4.8.1/../../../../avr/lib/avr5\libm.a(floatsisf.o)
                              ./libraries/core/Print.o (__floatunsisf)
c:/program files (x86)/arduino/hardware/tools/avr/bin/../lib/gcc/avr/4.8.1/../../../../avr/lib/avr5\libm.a(fp_cmp.o)
[...]
Memory Configuration

Name             Origin             Length             Attributes
text             0x00000000         0x00020000         xr
data             0x00800060         0x0000ffa0         rw !x
eeprom           0x00810000         0x00010000         rw !x
fuse             0x00820000         0x00000400         rw !x
lock             0x00830000         0x00000400         rw !x
signature        0x00840000         0x00000400         rw !x
*default*        0x00000000         0xffffffff

Linker script and memory map

Address of section .data set to 0x800100
LOAD c:/program files (x86)/arduino/hardware/tools/avr/bin/../lib/gcc/avr/4.8.1/../../../../avr/lib/avr5/crtm328p.o
LOAD ./libraries/core/CDC.o
LOAD ./libraries/core/HID.o
LOAD ./libraries/core/HardwareSerial.o
LOAD ./libraries/core/HardwareSerial0.o
LOAD ./libraries/core/HardwareSerial1.o
LOAD ./libraries/core/HardwareSerial2.o
LOAD ./libraries/core/HardwareSerial3.o
LOAD ./libraries/core/IPAddress.o
LOAD ./libraries/core/Print.o
LOAD ./libraries/core/Stream.o
LOAD ./libraries/core/Tone.o
LOAD ./libraries/core/USBCore.o
LOAD ./libraries/core/WInterrupts.o
LOAD ./libraries/core/WMath.o
LOAD ./libraries/core/WString.o
LOAD ./libraries/core/abi.o
LOAD ./libraries/core/hooks.o
LOAD ./libraries/core/main.o
LOAD ./libraries/core/new.o
LOAD ./libraries/core/wiring.o
LOAD ./libraries/core/wiring_analog.o
LOAD ./libraries/core/wiring_digital.o
LOAD ./libraries/core/wiring_pulse.o
LOAD ./libraries/core/wiring_shift.o
LOAD ./libraries/Wire/utility/twi.o
LOAD ./libraries/Wire/Wire.o
LOAD ./libraries/TimerOne/TimerOne.o
LOAD ./libraries/Time/DateStrings.o
LOAD ./libraries/Time/Time.o
LOAD ./libraries/SPI/SPI.o
LOAD ./libraries/SD/utility/Sd2Card.o
LOAD ./libraries/SD/utility/SdFile.o
LOAD ./libraries/SD/utility/SdVolume.o
LOAD ./libraries/SD/File.o
LOAD ./libraries/SD/SD.o
LOAD ./libraries/LiquidCrystal_I2C/LiquidCrystal_I2C.o
LOAD ./libraries/DS1337RTC/DS1337RTC.o
LOAD ./trapapoul.o
LOAD c:/program files (x86)/arduino/hardware/tools/avr/bin/../lib/gcc/avr/4.8.1/avr5\libgcc.a
LOAD c:/program files (x86)/arduino/hardware/tools/avr/bin/../lib/gcc/avr/4.8.1/../../../../avr/lib/avr5\libm.a
START GROUP
LOAD c:/program files (x86)/arduino/hardware/tools/avr/bin/../lib/gcc/avr/4.8.1/avr5\libgcc.a
LOAD c:/program files (x86)/arduino/hardware/tools/avr/bin/../lib/gcc/avr/4.8.1/../../../../avr/lib/avr5\libm.a
LOAD c:/program files (x86)/arduino/hardware/tools/avr/bin/../lib/gcc/avr/4.8.1/../../../../avr/lib/avr5\libc.a
END GROUP

.hash
 *(.hash)

.dynsym
 *(.dynsym)

.dynstr
 *(.dynstr)

.gnu.version
 *(.gnu.version)

.gnu.version_d
 *(.gnu.version_d)

.gnu.version_r
 *(.gnu.version_r)

.rel.init
 *(.rel.init)

.rela.init
 *(.rela.init)

.rel.text
 *(.rel.text)
 *(.rel.text.*)
 *(.rel.gnu.linkonce.t*)

.rela.text
 *(.rela.text)
 *(.rela.text.*)
 *(.rela.gnu.linkonce.t*)

.rel.fini
 *(.rel.fini)

.rela.fini
 *(.rela.fini)

.rel.rodata
 *(.rel.rodata)
 *(.rel.rodata.*)
 *(.rel.gnu.linkonce.r*)

.rela.rodata
 *(.rela.rodata)
 *(.rela.rodata.*)
 *(.rela.gnu.linkonce.r*)

.rel.data
 *(.rel.data)
 *(.rel.data.*)
 *(.rel.gnu.linkonce.d*)

.rela.data
 *(.rela.data)
 *(.rela.data.*)
 *(.rela.gnu.linkonce.d*)

.rel.ctors
 *(.rel.ctors)

.rela.ctors
 *(.rela.ctors)

.rel.dtors
 *(.rel.dtors)

.rela.dtors
 *(.rela.dtors)

.rel.got
 *(.rel.got)

.rela.got
 *(.rela.got)

.rel.bss
 *(.rel.bss)

.rela.bss
 *(.rela.bss)

.rel.plt
 *(.rel.plt)

.rela.plt
 *(.rela.plt)

.text           0x00000000     0x3ea0
 *(.vectors)
 .vectors       0x00000000       0x68 c:/program files (x86)/arduino/hardware/tools/avr/bin/../lib/gcc/avr/4.8.1/../../../../avr/lib/avr5/crtm328p.o
                0x00000000                __vector_default
                0x00000000                __vectors
 *(.vectors)
 *(.progmem.gcc*)
                0x00000068                . = ALIGN (0x2)
                0x00000068                __trampolines_start = .
 *(.trampolines)
 .trampolines   0x00000068        0x0 linker stubs
 *(.trampolines*)
                0x00000068                __trampolines_end = .
 *(.progmem*)
 .progmem.data._ZL21tone_pin_to_timer_PGM
                0x00000068        0x1 ./libraries/core/Tone.o
 .progmem.data.digital_pin_to_timer_PGM
                0x00000069       0x14 ./libraries/core/wiring_digital.o
                0x00000069                digital_pin_to_timer_PGM
 .progmem.data.digital_pin_to_bit_mask_PGM
                0x0000007d       0x14 ./libraries/core/wiring_digital.o
                0x0000007d                digital_pin_to_bit_mask_PGM
 .progmem.data.digital_pin_to_port_PGM
                0x00000091       0x14 ./libraries/core/wiring_digital.o
                0x00000091                digital_pin_to_port_PGM
 .progmem.data.port_to_input_PGM
                0x000000a5        0xa ./libraries/core/wiring_digital.o
                0x000000a5                port_to_input_PGM
 .progmem.data.port_to_output_PGM
                0x000000af        0xa ./libraries/core/wiring_digital.o
                0x000000af                port_to_output_PGM
 .progmem.data.port_to_mode_PGM
                0x000000b9        0xa ./libraries/core/wiring_digital.o
                0x000000b9                port_to_mode_PGM
                0x000000c4                . = ALIGN (0x2)
 *fill*         0x000000c3        0x1 
 *(.jumptables)
 *(.jumptables*)
 *(.lowtext)
 *(.lowtext*)
                0x000000c4                __ctors_start = .
 *(.ctors)
 .ctors         0x000000c4        0x2 ./libraries/core/HardwareSerial0.o
 .ctors         0x000000c6        0x2 ./libraries/core/IPAddress.o
 .ctors         0x000000c8        0x2 ./libraries/Wire/Wire.o
 .ctors         0x000000ca        0x2 ./libraries/SD/utility/Sd2Card.o
 .ctors         0x000000cc        0x2 ./libraries/SD/SD.o
 .ctors         0x000000ce        0x2 ./libraries/DS1337RTC/DS1337RTC.o
 .ctors         0x000000d0        0x2 ./trapapoul.o
                0x000000d2                __ctors_end = .
                0x000000d2                __dtors_start = .
 *(.dtors)
 .dtors         0x000000d2        0x2 ./trapapoul.o
                0x000000d4                __dtors_end = .
 SORT(*)(.ctors)
 SORT(*)(.dtors)
 *(.init0)
 .init0         0x000000d4        0x0 c:/program files (x86)/arduino/hardware/tools/avr/bin/../lib/gcc/avr/4.8.1/../../../../avr/lib/avr5/crtm328p.o
                0x000000d4                __init
 *(.init0)
 *(.init1)
 *(.init1)
 *(.init2)
 .init2         0x000000d4        0xc c:/program files (x86)/arduino/hardware/tools/avr/bin/../lib/gcc/avr/4.8.1/../../../../avr/lib/avr5/crtm328p.o
 *(.init2)
 *(.init3)
 *(.init3)
 *(.init4)
 .init4         0x000000e0       0x16 c:/program files (x86)/arduino/hardware/tools/avr/bin/../lib/gcc/avr/4.8.1/avr5\libgcc.a(_copy_data.o)
                0x000000e0                __do_copy_data
 .init4         0x000000f6       0x10 c:/program files (x86)/arduino/hardware/tools/avr/bin/../lib/gcc/avr/4.8.1/avr5\libgcc.a(_clear_bss.o)
                0x000000f6                __do_clear_bss
 *(.init4)
 *(.init5)
 *(.init5)
 *(.init6)
 .init6         0x00000106       0x16 c:/program files (x86)/arduino/hardware/tools/avr/bin/../lib/gcc/avr/4.8.1/avr5\libgcc.a(_ctors.o)
                0x00000106                __do_global_ctors
 *(.init6)
 *(.init7)
 *(.init7)
 *(.init8)
 *(.init8)
 *(.init9)
 .init9         0x0000011c        0x6 c:/program files (x86)/arduino/hardware/tools/avr/bin/../lib/gcc/avr/4.8.1/../../../../avr/lib/avr5/crtm328p.o
 *(.init9)
 *(.text)
 .text          0x00000122        0x2 c:/program files (x86)/arduino/hardware/tools/avr/bin/../lib/gcc/avr/4.8.1/../../../../avr/lib/avr5/crtm328p.o
                0x00000122                __vector_22
                0x00000122                __vector_12
                0x00000122                __bad_interrupt
                0x00000122                __vector_6
                0x00000122                __vector_3
                0x00000122                __vector_23
                0x00000122                __vector_25
                0x00000122                __vector_11
                0x00000122                __vector_17
                0x00000122                __vector_5
                0x00000122                __vector_4
                0x00000122                __vector_9
                0x00000122                __vector_21
                0x00000122                __vector_15
                0x00000122                __vector_8
                0x00000122                __vector_14
                0x00000122                __vector_10
                0x00000122                __vector_20
                0x00000124                . = ALIGN (0x2)
 *(.text.*)
 .text._ZN14HardwareSerial9availableEv
                0x00000124       0x16 ./libraries/core/HardwareSerial.o
                0x00000124                _ZN14HardwareSerial9availableEv
 .text._ZN14HardwareSerial4peekEv
                0x0000013a       0x1c ./libraries/core/HardwareSerial.o
                0x0000013a                _ZN14HardwareSerial4peekEv
 .text._ZN14HardwareSerial4readEv
                0x00000156       0x28 ./libraries/core/HardwareSerial.o
                0x00000156                _ZN14HardwareSerial4readEv
 .text._Z14serialEventRunv
                0x0000017e       0x1a ./libraries/core/HardwareSerial.o
                0x0000017e                _Z14serialEventRunv
 .text._ZN14HardwareSerial17_tx_udr_empty_irqEv
                0x00000198       0x42 ./libraries/core/HardwareSerial.o
                0x00000198                _ZN14HardwareSerial17_tx_udr_empty_irqEv
 .text._ZN14HardwareSerial5flushEv
                0x000001da       0x42 ./libraries/core/HardwareSerial.o
                0x000001da                _ZN14HardwareSerial5flushEv
 .text._ZN14HardwareSerial5writeEh
                0x0000021c       0xc8 ./libraries/core/HardwareSerial.o
                0x0000021c                _ZN14HardwareSerial5writeEh
 .text._ZN14HardwareSerial5beginEmh
                0x000002e4       0xc4 ./libraries/core/HardwareSerial.o
                0x000002e4                _ZN14HardwareSerial5beginEmh
 .text.__vector_18
                0x000003a8       0x64 ./libraries/core/HardwareSerial0.o
                0x000003a8                __vector_18
 .text.__vector_19
                0x0000040c       0x4a ./libraries/core/HardwareSerial0.o
                0x0000040c                __vector_19
 .text._Z17Serial0_availablev
                0x00000456       0x12 ./libraries/core/HardwareSerial0.o
                0x00000456                _Z17Serial0_availablev
 .text.startup._GLOBAL__sub_I___vector_18
                0x00000468       0x86 ./libraries/core/HardwareSerial0.o
 .text._ZNK9IPAddress7printToER5Print
                0x000004ee       0x6e ./libraries/core/IPAddress.o
                0x000004ee                _ZNK9IPAddress7printToER5Print
 .text.startup._GLOBAL__sub_I__ZN9IPAddressC2Ev
                0x0000055c       0x1e ./libraries/core/IPAddress.o
 .text._ZN5Print5writeEPKhj
                0x0000057a       0x50 ./libraries/core/Print.o
                0x0000057a                _ZN5Print5writeEPKhj
 .text._ZN5Print5writeEPKc
                0x000005ca       0x2c ./libraries/core/Print.o
                0x000005ca                _ZN5Print5writeEPKc
 .text._ZN5Print5printEPKc
                0x000005f6        0x2 ./libraries/core/Print.o
                0x000005f6                _ZN5Print5printEPKc
 .text._ZN5Print5printEc
                0x000005f8        0xe ./libraries/core/Print.o
                0x000005f8                _ZN5Print5printEc
 .text._ZN5Print7printlnEv
                0x00000606        0x6 ./libraries/core/Print.o
                0x00000606                _ZN5Print7printlnEv
 .text._ZN5Print7printlnEPKc
                0x0000060c       0x20 ./libraries/core/Print.o
                0x0000060c                _ZN5Print7printlnEPKc
 .text._ZN5Print11printNumberEmh
                0x0000062c       0xb0 ./libraries/core/Print.o
                0x0000062c                _ZN5Print11printNumberEmh
 .text._ZN5Print5printEmi
                0x000006dc       0x18 ./libraries/core/Print.o
                0x000006dc                _ZN5Print5printEmi
 .text._ZN5Print5printEhi
                0x000006f4        0xc ./libraries/core/Print.o
                0x000006f4                _ZN5Print5printEhi
 .text._ZN5Print5printEji
                0x00000700        0xa ./libraries/core/Print.o
                0x00000700                _ZN5Print5printEji
 .text._Z12disableTimerh
                0x0000070a       0x40 ./libraries/core/Tone.o
                0x0000070a                _Z12disableTimerh
 .text._Z6noToneh
                0x0000074a       0x26 ./libraries/core/Tone.o
                0x0000074a                _Z6noToneh
 .text.__vector_7
                0x00000770       0xb6 ./libraries/core/Tone.o
                0x00000770                __vector_7
 .text.attachInterrupt
                0x00000826       0x40 ./libraries/core/WInterrupts.o
                0x00000826                attachInterrupt
 .text.__vector_1
                0x00000866       0x5a ./libraries/core/WInterrupts.o
                0x00000866                __vector_1
 .text.__vector_2
                0x000008c0       0x5a ./libraries/core/WInterrupts.o
                0x000008c0                __vector_2
 .text._ZN6StringD2Ev
                0x0000091a        0xa ./libraries/core/WString.o
                0x0000091a                _ZN6StringD2Ev
                0x0000091a                _ZN6StringD1Ev
 .text._ZN6String10invalidateEv
                0x00000924       0x24 ./libraries/core/WString.o
                0x00000924                _ZN6String10invalidateEv
 .text._ZN6String12changeBufferEj
                0x00000948       0x34 ./libraries/core/WString.o
                0x00000948                _ZN6String12changeBufferEj
 .text._ZN6String7reserveEj
                0x0000097c       0x36 ./libraries/core/WString.o
                0x0000097c                _ZN6String7reserveEj
 .text._ZN6String4copyEPKcj
                0x000009b2       0x3e ./libraries/core/WString.o
                0x000009b2                _ZN6String4copyEPKcj
 .text._ZN6StringC2EPKc
                0x000009f0       0x2a ./libraries/core/WString.o
                0x000009f0                _ZN6StringC2EPKc
                0x000009f0                _ZN6StringC1EPKc
 .text.__empty  0x00000a1a        0x2 ./libraries/core/hooks.o
                0x00000a1a                yield
 .text.initVariant
                0x00000a1c        0x2 ./libraries/core/main.o
                0x00000a1c                initVariant
 .text.startup.main
                0x00000a1e       0x18 ./libraries/core/main.o
                0x00000a1e                main
 .text.__vector_16
                0x00000a36       0x94 ./libraries/core/wiring.o
                0x00000a36                __vector_16
 .text.millis   0x00000aca       0x18 ./libraries/core/wiring.o
                0x00000aca                millis
 .text.micros   0x00000ae2       0x46 ./libraries/core/wiring.o
                0x00000ae2                micros
 .text.delay    0x00000b28       0x4a ./libraries/core/wiring.o
                0x00000b28                delay
 .text.delayMicroseconds
                0x00000b72       0x16 ./libraries/core/wiring.o
                0x00000b72                delayMicroseconds
 .text.init     0x00000b88       0x76 ./libraries/core/wiring.o
                0x00000b88                init
 .text.turnOffPWM
                0x00000bfe       0x52 ./libraries/core/wiring_digital.o
 .text.pinMode  0x00000c50       0x72 ./libraries/core/wiring_digital.o
                0x00000c50                pinMode
 .text.digitalWrite
                0x00000cc2       0x6a ./libraries/core/wiring_digital.o
                0x00000cc2                digitalWrite
 .text.digitalRead
                0x00000d2c       0x50 ./libraries/core/wiring_digital.o
                0x00000d2c                digitalRead
 .text.twi_init
                0x00000d7c       0x38 ./libraries/Wire/utility/twi.o
                0x00000d7c                twi_init
 .text.twi_readFrom
                0x00000db4       0x88 ./libraries/Wire/utility/twi.o
                0x00000db4                twi_readFrom
 .text.twi_writeTo
                0x00000e3c       0xa6 ./libraries/Wire/utility/twi.o
                0x00000e3c                twi_writeTo
 .text.twi_transmit
                0x00000ee2       0x32 ./libraries/Wire/utility/twi.o
                0x00000ee2                twi_transmit
 .text.twi_stop
                0x00000f14       0x14 ./libraries/Wire/utility/twi.o
                0x00000f14                twi_stop
 .text.twi_releaseBus
                0x00000f28        0xc ./libraries/Wire/utility/twi.o
                0x00000f28                twi_releaseBus
 .text.__vector_24
                0x00000f34      0x254 ./libraries/Wire/utility/twi.o
                0x00000f34                __vector_24
 .text._ZN7TwoWire9availableEv
                0x00001188       0x10 ./libraries/Wire/Wire.o
                0x00001188                _ZN7TwoWire9availableEv
 .text._ZN7TwoWire4readEv
                0x00001198       0x26 ./libraries/Wire/Wire.o
                0x00001198                _ZN7TwoWire4readEv
 .text._ZN7TwoWire4peekEv
                0x000011be       0x1e ./libraries/Wire/Wire.o
                0x000011be                _ZN7TwoWire4peekEv
 .text._ZN7TwoWire5flushEv
                0x000011dc        0x2 ./libraries/Wire/Wire.o
                0x000011dc                _ZN7TwoWire5flushEv
 .text._ZN7TwoWire5writeEPKhj
                0x000011de       0x58 ./libraries/Wire/Wire.o
                0x000011de                _ZN7TwoWire5writeEPKhj
 .text._ZN7TwoWire5writeEh
                0x00001236       0x5c ./libraries/Wire/Wire.o
                0x00001236                _ZN7TwoWire5writeEh
 .text._ZN7TwoWireC2Ev
                0x00001292       0x20 ./libraries/Wire/Wire.o
                0x00001292                _ZN7TwoWireC1Ev
                0x00001292                _ZN7TwoWireC2Ev
 .text._ZN7TwoWire5beginEv
                0x000012b2       0x12 ./libraries/Wire/Wire.o
                0x000012b2                _ZN7TwoWire5beginEv
 .text._ZN7TwoWire11requestFromEhhh
                0x000012c4       0x18 ./libraries/Wire/Wire.o
                0x000012c4                _ZN7TwoWire11requestFromEhhh
 .text._ZN7TwoWire11requestFromEii
                0x000012dc        0x4 ./libraries/Wire/Wire.o
                0x000012dc                _ZN7TwoWire11requestFromEii
 .text._ZN7TwoWire17beginTransmissionEh
                0x000012e0       0x14 ./libraries/Wire/Wire.o
                0x000012e0                _ZN7TwoWire17beginTransmissionEh
 .text._ZN7TwoWire17beginTransmissionEi
                0x000012f4        0x2 ./libraries/Wire/Wire.o
                0x000012f4                _ZN7TwoWire17beginTransmissionEi
 .text._ZN7TwoWire15endTransmissionEh
                0x000012f6       0x24 ./libraries/Wire/Wire.o
                0x000012f6                _ZN7TwoWire15endTransmissionEh
 .text._ZN7TwoWire15endTransmissionEv
                0x0000131a        0x4 ./libraries/Wire/Wire.o
                0x0000131a                _ZN7TwoWire15endTransmissionEv
 .text.startup._GLOBAL__sub_I__ZN7TwoWire8rxBufferE
                0x0000131e        0x6 ./libraries/Wire/Wire.o
 .text._ZN8TimerOne16isrDefaultUnusedEv
                0x00001324        0x2 ./libraries/TimerOne/TimerOne.o
                0x00001324                _ZN8TimerOne16isrDefaultUnusedEv
 .text.__vector_13
                0x00001326       0x4e ./libraries/TimerOne/TimerOne.o
                0x00001326                __vector_13
 .text._ZN8SPIClass14endTransactionEv.part.3
                0x00001374       0x1a ./libraries/SD/utility/Sd2Card.o
 .text._ZN8SPIClass16beginTransactionE11SPISettings
                0x0000138e       0x34 ./libraries/SD/utility/Sd2Card.o
                0x0000138e                _ZN8SPIClass16beginTransactionE11SPISettings
 .text._ZN8SPIClass8transferEh
                0x000013c2        0xe ./libraries/SD/utility/Sd2Card.o
                0x000013c2                _ZN8SPIClass8transferEh
 .text._ZL6spiRecv
                0x000013d0        0x4 ./libraries/SD/utility/Sd2Card.o
 .text._ZN7Sd2Card14chipSelectHighEv
                0x000013d4       0x1e ./libraries/SD/utility/Sd2Card.o
                0x000013d4                _ZN7Sd2Card14chipSelectHighEv
 .text._ZN7Sd2Card13chipSelectLowEv
                0x000013f2       0x28 ./libraries/SD/utility/Sd2Card.o
                0x000013f2                _ZN7Sd2Card13chipSelectLowEv
 .text._ZN7Sd2Card7readEndEv
                0x0000141a       0x30 ./libraries/SD/utility/Sd2Card.o
                0x0000141a                _ZN7Sd2Card7readEndEv
 .text._ZN7Sd2Card11waitNotBusyEj
                0x0000144a       0x30 ./libraries/SD/utility/Sd2Card.o
                0x0000144a                _ZN7Sd2Card11waitNotBusyEj
 .text._ZN7Sd2Card11cardCommandEhm
                0x0000147a       0xb6 ./libraries/SD/utility/Sd2Card.o
                0x0000147a                _ZN7Sd2Card11cardCommandEhm
 .text._ZN7Sd2Card14waitStartBlockEv
                0x00001530       0x42 ./libraries/SD/utility/Sd2Card.o
                0x00001530                _ZN7Sd2Card14waitStartBlockEv
 .text._ZN7Sd2Card8readDataEmjjPh
                0x00001572       0xf2 ./libraries/SD/utility/Sd2Card.o
                0x00001572                _ZN7Sd2Card8readDataEmjjPh
 .text._ZN7Sd2Card9readBlockEmPh
                0x00001664       0x1e ./libraries/SD/utility/Sd2Card.o
                0x00001664                _ZN7Sd2Card9readBlockEmPh
 .text._ZN7Sd2Card9writeDataEhPKh
                0x00001682       0x7a ./libraries/SD/utility/Sd2Card.o
                0x00001682                _ZN7Sd2Card9writeDataEhPKh
 .text._ZN7Sd2Card10writeBlockEmPKh
                0x000016fc       0x8e ./libraries/SD/utility/Sd2Card.o
                0x000016fc                _ZN7Sd2Card10writeBlockEmPKh
 .text.startup._GLOBAL__sub_I__ZN7Sd2Card11cardCommandEhm
                0x0000178a        0xc ./libraries/SD/utility/Sd2Card.o
 .text._ZN6SdFile10addClusterEv
                0x00001796       0x52 ./libraries/SD/utility/SdFile.o
                0x00001796                _ZN6SdFile10addClusterEv
 .text._ZN6SdFile13cacheDirEntryEh
                0x000017e8       0x30 ./libraries/SD/utility/SdFile.o
                0x000017e8                _ZN6SdFile13cacheDirEntryEh
 .text._ZN6SdFile7seekSetEm
                0x00001818      0x136 ./libraries/SD/utility/SdFile.o
                0x00001818                _ZN6SdFile7seekSetEm
 .text._ZN6SdFile4syncEv
                0x0000194e       0x8a ./libraries/SD/utility/SdFile.o
                0x0000194e                _ZN6SdFile4syncEv
 .text._ZN6SdFile5writeEPKvj
                0x000019d8      0x330 ./libraries/SD/utility/SdFile.o
                0x000019d8                _ZN6SdFile5writeEPKvj
 .text._ZN6SdFile5writeEh
                0x00001d08       0x20 ./libraries/SD/utility/SdFile.o
                0x00001d08                _ZN6SdFile5writeEh
 .text._ZN8SdVolume10cacheFlushEv
                0x00001d28       0x72 ./libraries/SD/utility/SdVolume.o
                0x00001d28                _ZN8SdVolume10cacheFlushEv
 .text._ZN8SdVolume13cacheRawBlockEmh
                0x00001d9a       0x72 ./libraries/SD/utility/SdVolume.o
                0x00001d9a                _ZN8SdVolume13cacheRawBlockEmh
 .text._ZNK8SdVolume6fatGetEmPm
                0x00001e0c      0x106 ./libraries/SD/utility/SdVolume.o
                0x00001e0c                _ZNK8SdVolume6fatGetEmPm
 .text._ZN8SdVolume6fatPutEmm
                0x00001f12      0x140 ./libraries/SD/utility/SdVolume.o
                0x00001f12                _ZN8SdVolume6fatPutEmm
 .text._ZN8SdVolume15allocContiguousEmPm
                0x00002052      0x222 ./libraries/SD/utility/SdVolume.o
                0x00002052                _ZN8SdVolume15allocContiguousEmPm
 .text.startup._GLOBAL__sub_I__Z20getNextPathComponentPcPjS_
                0x00002274       0x46 ./libraries/SD/SD.o
 .text._ZN17LiquidCrystal_I2CC2Ehhh
                0x000022ba       0x18 ./libraries/LiquidCrystal_I2C/LiquidCrystal_I2C.o
                0x000022ba                _ZN17LiquidCrystal_I2CC1Ehhh
                0x000022ba                _ZN17LiquidCrystal_I2CC2Ehhh
 .text._ZN17LiquidCrystal_I2C13expanderWriteEh
                0x000022d2       0x38 ./libraries/LiquidCrystal_I2C/LiquidCrystal_I2C.o
                0x000022d2                _ZN17LiquidCrystal_I2C13expanderWriteEh
 .text._ZN17LiquidCrystal_I2C11noBacklightEv
                0x0000230a        0x8 ./libraries/LiquidCrystal_I2C/LiquidCrystal_I2C.o
                0x0000230a                _ZN17LiquidCrystal_I2C11noBacklightEv
 .text._ZN17LiquidCrystal_I2C9backlightEv
                0x00002312        0xa ./libraries/LiquidCrystal_I2C/LiquidCrystal_I2C.o
                0x00002312                _ZN17LiquidCrystal_I2C9backlightEv
 .text._ZN17LiquidCrystal_I2C11pulseEnableEh
                0x0000231c       0x2c ./libraries/LiquidCrystal_I2C/LiquidCrystal_I2C.o
                0x0000231c                _ZN17LiquidCrystal_I2C11pulseEnableEh
 .text._ZN17LiquidCrystal_I2C10write4bitsEh
                0x00002348       0x18 ./libraries/LiquidCrystal_I2C/LiquidCrystal_I2C.o
                0x00002348                _ZN17LiquidCrystal_I2C10write4bitsEh
 .text._ZN17LiquidCrystal_I2C4sendEhh
                0x00002360       0x36 ./libraries/LiquidCrystal_I2C/LiquidCrystal_I2C.o
                0x00002360                _ZN17LiquidCrystal_I2C4sendEhh
 .text._ZN17LiquidCrystal_I2C7commandEh
                0x00002396        0x4 ./libraries/LiquidCrystal_I2C/LiquidCrystal_I2C.o
                0x00002396                _ZN17LiquidCrystal_I2C7commandEh
 .text._ZN17LiquidCrystal_I2C5clearEv
                0x0000239a        0xc ./libraries/LiquidCrystal_I2C/LiquidCrystal_I2C.o
                0x0000239a                _ZN17LiquidCrystal_I2C5clearEv
 .text._ZN17LiquidCrystal_I2C4homeEv
                0x000023a6        0xc ./libraries/LiquidCrystal_I2C/LiquidCrystal_I2C.o
                0x000023a6                _ZN17LiquidCrystal_I2C4homeEv
 .text._ZN17LiquidCrystal_I2C9setCursorEhh
                0x000023b2       0x58 ./libraries/LiquidCrystal_I2C/LiquidCrystal_I2C.o
                0x000023b2                _ZN17LiquidCrystal_I2C9setCursorEhh
 .text._ZN17LiquidCrystal_I2C7displayEv
                0x0000240a        0xe ./libraries/LiquidCrystal_I2C/LiquidCrystal_I2C.o
                0x0000240a                _ZN17LiquidCrystal_I2C7displayEv
 .text._ZN17LiquidCrystal_I2C10createCharEhPh
                0x00002418       0x72 ./libraries/LiquidCrystal_I2C/LiquidCrystal_I2C.o
                0x00002418                _ZN17LiquidCrystal_I2C10createCharEhPh
 .text._ZN17LiquidCrystal_I2C5writeEh
                0x0000248a        0xa ./libraries/LiquidCrystal_I2C/LiquidCrystal_I2C.o
                0x0000248a                _ZN17LiquidCrystal_I2C5writeEh
 .text._ZN17LiquidCrystal_I2C5beginEhhh
                0x00002494       0x90 ./libraries/LiquidCrystal_I2C/LiquidCrystal_I2C.o
                0x00002494                _ZN17LiquidCrystal_I2C5beginEhhh
 .text._ZN17LiquidCrystal_I2C9init_privEv
                0x00002524       0x1e ./libraries/LiquidCrystal_I2C/LiquidCrystal_I2C.o
                0x00002524                _ZN17LiquidCrystal_I2C9init_privEv
 .text._ZN17LiquidCrystal_I2C4initEv
                0x00002542        0x2 ./libraries/LiquidCrystal_I2C/LiquidCrystal_I2C.o
                0x00002542                _ZN17LiquidCrystal_I2C4initEv
 .text._ZN7TwoWire5writeEi
                0x00002544        0xe ./libraries/DS1337RTC/DS1337RTC.o
                0x00002544                _ZN7TwoWire5writeEi
 .text._ZN9DS1337RTC11resetAlarmsEv
                0x00002552       0x28 ./libraries/DS1337RTC/DS1337RTC.o
                0x00002552                _ZN9DS1337RTC11resetAlarmsEv
 .text._ZN9DS1337RTC7dec2bcdEh
                0x0000257a       0x12 ./libraries/DS1337RTC/DS1337RTC.o
                0x0000257a                _ZN9DS1337RTC7dec2bcdEh
 .text._ZN9DS1337RTC7bcd2decEh
                0x0000258c       0x12 ./libraries/DS1337RTC/DS1337RTC.o
                0x0000258c                _ZN9DS1337RTC7bcd2decEh
 .text.startup._GLOBAL__sub_I_controlRegister
                0x0000259e        0x8 ./libraries/DS1337RTC/DS1337RTC.o
 .text._ZN9DS1337RTC4readER12tmElements_ti
                0x000025a6      0x100 ./libraries/DS1337RTC/DS1337RTC.o
                0x000025a6                _ZN9DS1337RTC4readER12tmElements_ti
 .text._ZN9DS1337RTC5writeER12tmElements_ti
                0x000026a6       0xaa ./libraries/DS1337RTC/DS1337RTC.o
                0x000026a6                _ZN9DS1337RTC5writeER12tmElements_ti
 .text._ZN9DS1337RTC12disableAlarmEi
                0x00002750       0x46 ./libraries/DS1337RTC/DS1337RTC.o
                0x00002750                _ZN9DS1337RTC12disableAlarmEi
 .text._ZN9DS1337RTC15interruptSelectEi
                0x00002796       0x46 ./libraries/DS1337RTC/DS1337RTC.o
                0x00002796                _ZN9DS1337RTC15interruptSelectEi
 .text._Z11interrupt_0v
                0x000027dc       0x12 ./trapapoul.o
                0x000027dc                _Z11interrupt_0v
 .text._Z17interrupt_blinkerv
                0x000027ee       0x20 ./trapapoul.o
                0x000027ee                _Z17interrupt_blinkerv
 .text.setup    0x0000280e      0x198 ./trapapoul.o
                0x0000280e                setup
 .text._Z10waitButtonv
                0x000029a6       0x6c ./trapapoul.o
                0x000029a6                _Z10waitButtonv
 .text._Z11isDateValidP12tmElements_t
                0x00002a12       0x5c ./trapapoul.o
                0x00002a12                _Z11isDateValidP12tmElements_t
 .text._Z9enterTimeP12tmElements_t
                0x00002a6e      0x87c ./trapapoul.o
                0x00002a6e                _Z9enterTimeP12tmElements_t
 .text.startup._GLOBAL__sub_I_timeToGo
                0x000032ea       0x1a ./trapapoul.o
 .text.exit._GLOBAL__sub_D_timeToGo
                0x00003304        0x8 ./trapapoul.o
 .text._Z13userInterfacev
                0x0000330c      0x608 ./trapapoul.o
                0x0000330c                _Z13userInterfacev
 .text.loop     0x00003914       0x5c ./trapapoul.o
                0x00003914                loop
 .text.libgcc.div
                0x00003970       0x18 c:/program files (x86)/arduino/hardware/tools/avr/bin/../lib/gcc/avr/4.8.1/avr5\libgcc.a(_udivmodqi4.o)
                0x00003970                __udivmodqi4
 .text.libgcc.div
                0x00003988       0x26 c:/program files (x86)/arduino/hardware/tools/avr/bin/../lib/gcc/avr/4.8.1/avr5\libgcc.a(_divmodhi4.o)
                0x00003988                _div
                0x00003988                __divmodhi4
 .text.libgcc.div
                0x000039ae       0x44 c:/program files (x86)/arduino/hardware/tools/avr/bin/../lib/gcc/avr/4.8.1/avr5\libgcc.a(_udivmodsi4.o)
                0x000039ae                __udivmodsi4
 .text.libgcc.div
                0x000039f2       0x28 c:/program files (x86)/arduino/hardware/tools/avr/bin/../lib/gcc/avr/4.8.1/avr5\libgcc.a(_udivmodhi4.o)
                0x000039f2                __udivmodhi4
 .text.libgcc   0x00003a1a        0xc c:/program files (x86)/arduino/hardware/tools/avr/bin/../lib/gcc/avr/4.8.1/avr5\libgcc.a(_tablejump.o)
                0x00003a1a                __tablejump2__
                0x00003a1e                __tablejump__
 .text.avr-libc
                0x00003a26      0x24e c:/program files (x86)/arduino/hardware/tools/avr/bin/../lib/gcc/avr/4.8.1/../../../../avr/lib/avr5\libc.a(malloc.o)
                0x00003a26                malloc
                0x00003b56                free
 .text.avr-libc
                0x00003c74      0x186 c:/program files (x86)/arduino/hardware/tools/avr/bin/../lib/gcc/avr/4.8.1/../../../../avr/lib/avr5\libc.a(realloc.o)
                0x00003c74                realloc
 .text.avr-libc
                0x00003dfa       0x12 c:/program files (x86)/arduino/hardware/tools/avr/bin/../lib/gcc/avr/4.8.1/../../../../avr/lib/avr5\libc.a(memcpy.o)
                0x00003dfa                memcpy
 .text.avr-libc
                0x00003e0c        0xe c:/program files (x86)/arduino/hardware/tools/avr/bin/../lib/gcc/avr/4.8.1/../../../../avr/lib/avr5\libc.a(strcpy.o)
                0x00003e0c                strcpy
 .text.libgcc.prologue
                0x00003e1a       0x38 c:/program files (x86)/arduino/hardware/tools/avr/bin/../lib/gcc/avr/4.8.1/avr5\libgcc.a(_prologue.o)
                0x00003e1a                __prologue_saves__
 .text.libgcc.prologue
                0x00003e52       0x36 c:/program files (x86)/arduino/hardware/tools/avr/bin/../lib/gcc/avr/4.8.1/avr5\libgcc.a(_epilogue.o)
                0x00003e52                __epilogue_restores__
                0x00003e88                . = ALIGN (0x2)
 *(.fini9)
 .fini9         0x00003e88        0x0 c:/program files (x86)/arduino/hardware/tools/avr/bin/../lib/gcc/avr/4.8.1/avr5\libgcc.a(_exit.o)
                0x00003e88                _exit
                0x00003e88                exit
 *(.fini9)
 *(.fini8)
 *(.fini8)
 *(.fini7)
 *(.fini7)
 *(.fini6)
 .fini6         0x00003e88       0x14 c:/program files (x86)/arduino/hardware/tools/avr/bin/../lib/gcc/avr/4.8.1/avr5\libgcc.a(_dtors.o)
                0x00003e88                __do_global_dtors
 *(.fini6)
 *(.fini5)
 *(.fini5)
 *(.fini4)
 *(.fini4)
 *(.fini3)
 *(.fini3)
 *(.fini2)
 *(.fini2)
 *(.fini1)
 *(.fini1)
 *(.fini0)
 .fini0         0x00003e9c        0x4 c:/program files (x86)/arduino/hardware/tools/avr/bin/../lib/gcc/avr/4.8.1/avr5\libgcc.a(_exit.o)
 *(.fini0)
                0x00003ea0                _etext = .

.data           0x00800100      0x25c load address 0x00003ea0
                0x00800100                PROVIDE (__data_start, .)
 *(.data)
 .data          0x00800100        0x0 c:/program files (x86)/arduino/hardware/tools/avr/bin/../lib/gcc/avr/4.8.1/../../../../avr/lib/avr5/crtm328p.o
 .data          0x00800100        0x0 ./libraries/core/CDC.o
 .data          0x00800100        0x0 ./libraries/core/HID.o
 .data          0x00800100        0x0 ./libraries/core/HardwareSerial.o
 .data          0x00800100        0x0 ./libraries/core/HardwareSerial0.o
 .data          0x00800100        0x0 ./libraries/core/HardwareSerial1.o
 .data          0x00800100        0x0 ./libraries/core/HardwareSerial2.o
 .data          0x00800100        0x0 ./libraries/core/HardwareSerial3.o
 .data          0x00800100        0x0 ./libraries/core/IPAddress.o
 .data          0x00800100        0x0 ./libraries/core/Print.o
 .data          0x00800100        0x0 ./libraries/core/Stream.o
 .data          0x00800100        0x0 ./libraries/core/Tone.o
 .data          0x00800100        0x0 ./libraries/core/USBCore.o
 .data          0x00800100        0x0 ./libraries/core/WInterrupts.o
 .data          0x00800100        0x0 ./libraries/core/WMath.o
 .data          0x00800100        0x0 ./libraries/core/WString.o
 .data          0x00800100        0x0 ./libraries/core/abi.o
 .data          0x00800100        0x0 ./libraries/core/hooks.o
 .data          0x00800100        0x0 ./libraries/core/main.o
 .data          0x00800100        0x0 ./libraries/core/new.o
 .data          0x00800100        0x0 ./libraries/core/wiring.o
 .data          0x00800100        0x0 ./libraries/core/wiring_analog.o
 .data          0x00800100        0x0 ./libraries/core/wiring_digital.o
 .data          0x00800100        0x0 ./libraries/core/wiring_pulse.o
 .data          0x00800100        0x0 ./libraries/core/wiring_shift.o
 .data          0x00800100        0x0 ./libraries/Wire/utility/twi.o
 .data          0x00800100        0x0 ./libraries/Wire/Wire.o
 .data          0x00800100        0x0 ./libraries/TimerOne/TimerOne.o
 .data          0x00800100        0x0 ./libraries/Time/DateStrings.o
 .data          0x00800100        0x0 ./libraries/Time/Time.o
 .data          0x00800100        0x0 ./libraries/SPI/SPI.o
 .data          0x00800100        0x0 ./libraries/SD/utility/Sd2Card.o
 .data          0x00800100        0x0 ./libraries/SD/utility/SdFile.o
 .data          0x00800100        0x0 ./libraries/SD/utility/SdVolume.o
 .data          0x00800100        0x0 ./libraries/SD/File.o
 .data          0x00800100        0x0 ./libraries/SD/SD.o
 .data          0x00800100        0x0 ./libraries/LiquidCrystal_I2C/LiquidCrystal_I2C.o
 .data          0x00800100        0x0 ./libraries/DS1337RTC/DS1337RTC.o
 .data          0x00800100        0x0 ./trapapoul.o
 .data          0x00800100        0x0 c:/program files (x86)/arduino/hardware/tools/avr/bin/../lib/gcc/avr/4.8.1/avr5\libgcc.a(_mulsi3.o)
 .data          0x00800100        0x0 c:/program files (x86)/arduino/hardware/tools/avr/bin/../lib/gcc/avr/4.8.1/avr5\libgcc.a(_udivmodqi4.o)
 .data          0x00800100        0x0 c:/program files (x86)/arduino/hardware/tools/avr/bin/../lib/gcc/avr/4.8.1/avr5\libgcc.a(_divmodhi4.o)
 .data          0x00800100        0x0 c:/program files (x86)/arduino/hardware/tools/avr/bin/../lib/gcc/avr/4.8.1/avr5\libgcc.a(_udivmodsi4.o)
 .data          0x00800100        0x0 c:/program files (x86)/arduino/hardware/tools/avr/bin/../lib/gcc/avr/4.8.1/avr5\libgcc.a(_divmodsi4.o)
 .data          0x00800100        0x0 c:/program files (x86)/arduino/hardware/tools/avr/bin/../lib/gcc/avr/4.8.1/avr5\libgcc.a(_negsi2.o)
 .data          0x00800100        0x0 c:/program files (x86)/arduino/hardware/tools/avr/bin/../lib/gcc/avr/4.8.1/avr5\libgcc.a(_exit.o)
 .data          0x00800100        0x0 c:/program files (x86)/arduino/hardware/tools/avr/bin/../lib/gcc/avr/4.8.1/avr5\libgcc.a(_copy_data.o)
 .data          0x00800100        0x0 c:/program files (x86)/arduino/hardware/tools/avr/bin/../lib/gcc/avr/4.8.1/avr5\libgcc.a(_clear_bss.o)
 .data          0x00800100        0x0 c:/program files (x86)/arduino/hardware/tools/avr/bin/../lib/gcc/avr/4.8.1/avr5\libgcc.a(_ctors.o)
 .data          0x00800100        0x0 c:/program files (x86)/arduino/hardware/tools/avr/bin/../lib/gcc/avr/4.8.1/avr5\libgcc.a(_dtors.o)
 .data          0x00800100        0x0 c:/program files (x86)/arduino/hardware/tools/avr/bin/../lib/gcc/avr/4.8.1/avr5\libgcc.a(_umulhisi3.o)
 .data          0x00800100        0x0 c:/program files (x86)/arduino/hardware/tools/avr/bin/../lib/gcc/avr/4.8.1/avr5\libgcc.a(_muluhisi3.o)
 .data          0x00800100        0x0 c:/program files (x86)/arduino/hardware/tools/avr/bin/../lib/gcc/avr/4.8.1/avr5\libgcc.a(_mulshisi3.o)
 .data          0x00800100        0x0 c:/program files (x86)/arduino/hardware/tools/avr/bin/../lib/gcc/avr/4.8.1/avr5\libgcc.a(_udivmodhi4.o)
 .data          0x00800100        0x0 c:/program files (x86)/arduino/hardware/tools/avr/bin/../lib/gcc/avr/4.8.1/avr5\libgcc.a(_tablejump.o)
 .data          0x00800100        0x0 c:/program files (x86)/arduino/hardware/tools/avr/bin/../lib/gcc/avr/4.8.1/../../../../avr/lib/avr5\libm.a(addsf3.o)
 .data          0x00800100        0x0 c:/program files (x86)/arduino/hardware/tools/avr/bin/../lib/gcc/avr/4.8.1/../../../../avr/lib/avr5\libm.a(addsf3x.o)
 .data          0x00800100        0x0 c:/program files (x86)/arduino/hardware/tools/avr/bin/../lib/gcc/avr/4.8.1/../../../../avr/lib/avr5\libm.a(cmpsf2.o)
 .data          0x00800100        0x0 c:/program files (x86)/arduino/hardware/tools/avr/bin/../lib/gcc/avr/4.8.1/../../../../avr/lib/avr5\libm.a(divsf3.o)
 .data          0x00800100        0x0 c:/program files (x86)/arduino/hardware/tools/avr/bin/../lib/gcc/avr/4.8.1/../../../../avr/lib/avr5\libm.a(divsf3x.o)
 .data          0x00800100        0x0 c:/program files (x86)/arduino/hardware/tools/avr/bin/../lib/gcc/avr/4.8.1/../../../../avr/lib/avr5\libm.a(fixsfsi.o)
 .data          0x00800100        0x0 c:/program files (x86)/arduino/hardware/tools/avr/bin/../lib/gcc/avr/4.8.1/../../../../avr/lib/avr5\libm.a(fixunssfsi.o)
 .data          0x00800100        0x0 c:/program files (x86)/arduino/hardware/tools/avr/bin/../lib/gcc/avr/4.8.1/../../../../avr/lib/avr5\libm.a(floatsisf.o)
 .data          0x00800100        0x0 c:/program files (x86)/arduino/hardware/tools/avr/bin/../lib/gcc/avr/4.8.1/../../../../avr/lib/avr5\libm.a(fp_cmp.o)
 .data          0x00800100        0x0 c:/program files (x86)/arduino/hardware/tools/avr/bin/../lib/gcc/avr/4.8.1/../../../../avr/lib/avr5\libm.a(fp_inf.o)
 .data          0x00800100        0x0 c:/program files (x86)/arduino/hardware/tools/avr/bin/../lib/gcc/avr/4.8.1/../../../../avr/lib/avr5\libm.a(fp_nan.o)
 .data          0x00800100        0x0 c:/program files (x86)/arduino/hardware/tools/avr/bin/../lib/gcc/avr/4.8.1/../../../../avr/lib/avr5\libm.a(fp_pscA.o)
 .data          0x00800100        0x0 c:/program files (x86)/arduino/hardware/tools/avr/bin/../lib/gcc/avr/4.8.1/../../../../avr/lib/avr5\libm.a(fp_pscB.o)
 .data          0x00800100        0x0 c:/program files (x86)/arduino/hardware/tools/avr/bin/../lib/gcc/avr/4.8.1/../../../../avr/lib/avr5\libm.a(fp_round.o)
 .data          0x00800100        0x0 c:/program files (x86)/arduino/hardware/tools/avr/bin/../lib/gcc/avr/4.8.1/../../../../avr/lib/avr5\libm.a(fp_split3.o)
 .data          0x00800100        0x0 c:/program files (x86)/arduino/hardware/tools/avr/bin/../lib/gcc/avr/4.8.1/../../../../avr/lib/avr5\libm.a(fp_zero.o)
 .data          0x00800100        0x0 c:/program files (x86)/arduino/hardware/tools/avr/bin/../lib/gcc/avr/4.8.1/../../../../avr/lib/avr5\libm.a(gesf2.o)
 .data          0x00800100        0x0 c:/program files (x86)/arduino/hardware/tools/avr/bin/../lib/gcc/avr/4.8.1/../../../../avr/lib/avr5\libm.a(mulsf3.o)
 .data          0x00800100        0x0 c:/program files (x86)/arduino/hardware/tools/avr/bin/../lib/gcc/avr/4.8.1/../../../../avr/lib/avr5\libm.a(mulsf3x.o)
 .data          0x00800100        0x0 c:/program files (x86)/arduino/hardware/tools/avr/bin/../lib/gcc/avr/4.8.1/../../../../avr/lib/avr5\libm.a(unordsf2.o)
 .data          0x00800100        0x0 c:/program files (x86)/arduino/hardware/tools/avr/bin/../lib/gcc/avr/4.8.1/../../../../avr/lib/avr5\libc.a(dtostrf.o)
 .data          0x00800100        0x6 c:/program files (x86)/arduino/hardware/tools/avr/bin/../lib/gcc/avr/4.8.1/../../../../avr/lib/avr5\libc.a(malloc.o)
                0x00800100                __malloc_heap_end
                0x00800102                __malloc_heap_start
                0x00800104                __malloc_margin
 .data          0x00800106        0x4 c:/program files (x86)/arduino/hardware/tools/avr/bin/../lib/gcc/avr/4.8.1/../../../../avr/lib/avr5\libc.a(random.o)
 .data          0x0080010a        0x0 c:/program files (x86)/arduino/hardware/tools/avr/bin/../lib/gcc/avr/4.8.1/../../../../avr/lib/avr5\libc.a(realloc.o)
 .data          0x0080010a        0x0 c:/program files (x86)/arduino/hardware/tools/avr/bin/../lib/gcc/avr/4.8.1/../../../../avr/lib/avr5\libc.a(abort.o)
 .data          0x0080010a        0x0 c:/program files (x86)/arduino/hardware/tools/avr/bin/../lib/gcc/avr/4.8.1/../../../../avr/lib/avr5\libc.a(atof.o)
 .data          0x0080010a        0x0 c:/program files (x86)/arduino/hardware/tools/avr/bin/../lib/gcc/avr/4.8.1/../../../../avr/lib/avr5\libc.a(atol.o)
 .data          0x0080010a        0x0 c:/program files (x86)/arduino/hardware/tools/avr/bin/../lib/gcc/avr/4.8.1/../../../../avr/lib/avr5\libc.a(isspace.o)
 .data          0x0080010a        0x0 c:/program files (x86)/arduino/hardware/tools/avr/bin/../lib/gcc/avr/4.8.1/../../../../avr/lib/avr5\libc.a(tolower.o)
 .data          0x0080010a        0x0 c:/program files (x86)/arduino/hardware/tools/avr/bin/../lib/gcc/avr/4.8.1/../../../../avr/lib/avr5\libc.a(toupper.o)
 .data          0x0080010a        0x0 c:/program files (x86)/arduino/hardware/tools/avr/bin/../lib/gcc/avr/4.8.1/../../../../avr/lib/avr5\libc.a(strcpy_P.o)
 .data          0x0080010a        0x0 c:/program files (x86)/arduino/hardware/tools/avr/bin/../lib/gcc/avr/4.8.1/../../../../avr/lib/avr5\libc.a(strlen_P.o)
 .data          0x0080010a        0x0 c:/program files (x86)/arduino/hardware/tools/avr/bin/../lib/gcc/avr/4.8.1/../../../../avr/lib/avr5\libc.a(memcmp.o)
 .data          0x0080010a        0x0 c:/program files (x86)/arduino/hardware/tools/avr/bin/../lib/gcc/avr/4.8.1/../../../../avr/lib/avr5\libc.a(memcpy.o)
 .data          0x0080010a        0x0 c:/program files (x86)/arduino/hardware/tools/avr/bin/../lib/gcc/avr/4.8.1/../../../../avr/lib/avr5\libc.a(memmove.o)
 .data          0x0080010a        0x0 c:/program files (x86)/arduino/hardware/tools/avr/bin/../lib/gcc/avr/4.8.1/../../../../avr/lib/avr5\libc.a(strchr.o)
 .data          0x0080010a        0x0 c:/program files (x86)/arduino/hardware/tools/avr/bin/../lib/gcc/avr/4.8.1/../../../../avr/lib/avr5\libc.a(strcmp.o)
 .data          0x0080010a        0x0 c:/program files (x86)/arduino/hardware/tools/avr/bin/../lib/gcc/avr/4.8.1/../../../../avr/lib/avr5\libc.a(strcpy.o)
 .data          0x0080010a        0x0 c:/program files (x86)/arduino/hardware/tools/avr/bin/../lib/gcc/avr/4.8.1/../../../../avr/lib/avr5\libc.a(strncmp.o)
 .data          0x0080010a        0x0 c:/program files (x86)/arduino/hardware/tools/avr/bin/../lib/gcc/avr/4.8.1/../../../../avr/lib/avr5\libc.a(strncpy.o)
 .data          0x0080010a        0x0 c:/program files (x86)/arduino/hardware/tools/avr/bin/../lib/gcc/avr/4.8.1/../../../../avr/lib/avr5\libc.a(strrchr.o)
 .data          0x0080010a        0x0 c:/program files (x86)/arduino/hardware/tools/avr/bin/../lib/gcc/avr/4.8.1/../../../../avr/lib/avr5\libc.a(strstr.o)
 .data          0x0080010a        0x0 c:/program files (x86)/arduino/hardware/tools/avr/bin/../lib/gcc/avr/4.8.1/../../../../avr/lib/avr5\libc.a(itoa.o)
 .data          0x0080010a        0x0 c:/program files (x86)/arduino/hardware/tools/avr/bin/../lib/gcc/avr/4.8.1/../../../../avr/lib/avr5\libc.a(itoa_ncheck.o)
 .data          0x0080010a        0x0 c:/program files (x86)/arduino/hardware/tools/avr/bin/../lib/gcc/avr/4.8.1/../../../../avr/lib/avr5\libc.a(ltoa.o)
 .data          0x0080010a        0x0 c:/program files (x86)/arduino/hardware/tools/avr/bin/../lib/gcc/avr/4.8.1/../../../../avr/lib/avr5\libc.a(ltoa_ncheck.o)
 .data          0x0080010a        0x0 c:/program files (x86)/arduino/hardware/tools/avr/bin/../lib/gcc/avr/4.8.1/../../../../avr/lib/avr5\libc.a(mulsi10.o)
 .data          0x0080010a        0x0 c:/program files (x86)/arduino/hardware/tools/avr/bin/../lib/gcc/avr/4.8.1/../../../../avr/lib/avr5\libc.a(ultoa.o)
 .data          0x0080010a        0x0 c:/program files (x86)/arduino/hardware/tools/avr/bin/../lib/gcc/avr/4.8.1/../../../../avr/lib/avr5\libc.a(ultoa_ncheck.o)
 .data          0x0080010a        0x0 c:/program files (x86)/arduino/hardware/tools/avr/bin/../lib/gcc/avr/4.8.1/../../../../avr/lib/avr5\libc.a(utoa.o)
 .data          0x0080010a        0x0 c:/program files (x86)/arduino/hardware/tools/avr/bin/../lib/gcc/avr/4.8.1/../../../../avr/lib/avr5\libc.a(utoa_ncheck.o)
 .data          0x0080010a        0x0 c:/program files (x86)/arduino/hardware/tools/avr/bin/../lib/gcc/avr/4.8.1/../../../../avr/lib/avr5\libc.a(dtoa_prf.o)
 .data          0x0080010a        0x0 c:/program files (x86)/arduino/hardware/tools/avr/bin/../lib/gcc/avr/4.8.1/../../../../avr/lib/avr5\libc.a(strtod.o)
 .data          0x0080010a        0x0 c:/program files (x86)/arduino/hardware/tools/avr/bin/../lib/gcc/avr/4.8.1/../../../../avr/lib/avr5\libc.a(ftoa_engine.o)
 .data          0x0080010a        0x0 c:/program files (x86)/arduino/hardware/tools/avr/bin/../lib/gcc/avr/4.8.1/../../../../avr/lib/avr5\libc.a(cty_isfalse.o)
 .data          0x0080010a        0x0 c:/program files (x86)/arduino/hardware/tools/avr/bin/../lib/gcc/avr/4.8.1/../../../../avr/lib/avr5\libc.a(strncasecmp_P.o)
 .data          0x0080010a        0x0 c:/program files (x86)/arduino/hardware/tools/avr/bin/../lib/gcc/avr/4.8.1/../../../../avr/lib/avr5\libc.a(strrev.o)
 .data          0x0080010a        0x0 c:/program files (x86)/arduino/hardware/tools/avr/bin/../lib/gcc/avr/4.8.1/../../../../avr/lib/avr5\libc.a(errno.o)
 .data          0x0080010a        0x0 c:/program files (x86)/arduino/hardware/tools/avr/bin/../lib/gcc/avr/4.8.1/avr5\libgcc.a(_prologue.o)
 .data          0x0080010a        0x0 c:/program files (x86)/arduino/hardware/tools/avr/bin/../lib/gcc/avr/4.8.1/avr5\libgcc.a(_epilogue.o)
 *(.data*)
 .data._ZL9tone_pins
                0x0080010a        0x1 ./libraries/core/Tone.o
 .data._ZN8TimerOne11isrCallbackE
                0x0080010b        0x2 ./libraries/TimerOne/TimerOne.o
                0x0080010b                _ZN8TimerOne11isrCallbackE
 .data._ZN8SdVolume17cacheBlockNumber_E
                0x0080010d        0x4 ./libraries/SD/utility/SdVolume.o
                0x0080010d                _ZN8SdVolume17cacheBlockNumber_E
 .data.controlRegister
                0x00800111        0x1 ./libraries/DS1337RTC/DS1337RTC.o
                0x00800111                controlRegister
 .data.closeMode
                0x00800112        0x1 ./trapapoul.o
                0x00800112                closeMode
 .data.openMode
                0x00800113        0x1 ./trapapoul.o
                0x00800113                openMode
 *(.rodata)
 .rodata        0x00800114        0x8 ./libraries/LiquidCrystal_I2C/LiquidCrystal_I2C.o
 *(.rodata*)
 .rodata._ZTV14HardwareSerial
                0x0080011c       0x10 ./libraries/core/HardwareSerial.o
                0x0080011c                _ZTV14HardwareSerial
 .rodata._ZTV9IPAddress
                0x0080012c        0x6 ./libraries/core/IPAddress.o
                0x0080012c                _ZTV9IPAddress
 .rodata.str1.1
                0x00800132       0x11 ./libraries/core/Print.o
 .rodata._ZTV7TwoWire
                0x00800143       0x10 ./libraries/Wire/Wire.o
                0x00800143                _ZTV7TwoWire
 .rodata._ZTV6SdFile
                0x00800153        0x8 ./libraries/SD/utility/SdFile.o
                0x00800153                _ZTV6SdFile
 .rodata._ZTV17LiquidCrystal_I2C
                0x0080015b        0x8 ./libraries/LiquidCrystal_I2C/LiquidCrystal_I2C.o
                0x0080015b                _ZTV17LiquidCrystal_I2C
 .rodata.str1.1
                0x00800163      0x1ed ./trapapoul.o
                                0x205 (size before relaxing)
 .rodata._ZL9monthDays
                0x00800350        0xc ./trapapoul.o
 *(.gnu.linkonce.d*)
                0x0080035c                . = ALIGN (0x2)
                0x0080035c                _edata = .
                0x0080035c                PROVIDE (__data_end, .)

.bss            0x0080035c      0x3f2
                0x0080035c                PROVIDE (__bss_start, .)
 *(.bss)
 *(.bss*)
 .bss.Serial    0x0080035c       0x9d ./libraries/core/HardwareSerial0.o
                0x0080035c                Serial
 .bss._ZL11INADDR_NONE
                0x008003f9        0x6 ./libraries/core/IPAddress.o
 .bss.timer2_pin_mask
                0x008003ff        0x1 ./libraries/core/Tone.o
                0x008003ff                timer2_pin_mask
 .bss.timer2_pin_port
                0x00800400        0x2 ./libraries/core/Tone.o
                0x00800400                timer2_pin_port
 .bss.timer2_toggle_count
                0x00800402        0x4 ./libraries/core/Tone.o
                0x00800402                timer2_toggle_count
 .bss.intFunc   0x00800406        0x4 ./libraries/core/WInterrupts.o
 .bss.timer0_fract
                0x0080040a        0x1 ./libraries/core/wiring.o
 .bss.timer0_millis
                0x0080040b        0x4 ./libraries/core/wiring.o
                0x0080040b                timer0_millis
 .bss.timer0_overflow_count
                0x0080040f        0x4 ./libraries/core/wiring.o
                0x0080040f                timer0_overflow_count
 .bss.twi_error
                0x00800413        0x1 ./libraries/Wire/utility/twi.o
 .bss.twi_rxBufferIndex
                0x00800414        0x1 ./libraries/Wire/utility/twi.o
 .bss.twi_rxBuffer
                0x00800415       0x20 ./libraries/Wire/utility/twi.o
 .bss.twi_txBufferLength
                0x00800435        0x1 ./libraries/Wire/utility/twi.o
 .bss.twi_txBufferIndex
                0x00800436        0x1 ./libraries/Wire/utility/twi.o
 .bss.twi_txBuffer
                0x00800437       0x20 ./libraries/Wire/utility/twi.o
 .bss.twi_masterBufferLength
                0x00800457        0x1 ./libraries/Wire/utility/twi.o
 .bss.twi_masterBufferIndex
                0x00800458        0x1 ./libraries/Wire/utility/twi.o
 .bss.twi_masterBuffer
                0x00800459       0x20 ./libraries/Wire/utility/twi.o
 .bss.twi_onSlaveReceive
                0x00800479        0x2 ./libraries/Wire/utility/twi.o
 .bss.twi_onSlaveTransmit
                0x0080047b        0x2 ./libraries/Wire/utility/twi.o
 .bss.twi_inRepStart
                0x0080047d        0x1 ./libraries/Wire/utility/twi.o
 .bss.twi_sendStop
                0x0080047e        0x1 ./libraries/Wire/utility/twi.o
 .bss.twi_slarw
                0x0080047f        0x1 ./libraries/Wire/utility/twi.o
 .bss.twi_state
                0x00800480        0x1 ./libraries/Wire/utility/twi.o
 .bss.Wire      0x00800481        0xc ./libraries/Wire/Wire.o
                0x00800481                Wire
 .bss._ZN7TwoWire12transmittingE
                0x0080048d        0x1 ./libraries/Wire/Wire.o
                0x0080048d                _ZN7TwoWire12transmittingE
 .bss._ZN7TwoWire14txBufferLengthE
                0x0080048e        0x1 ./libraries/Wire/Wire.o
                0x0080048e                _ZN7TwoWire14txBufferLengthE
 .bss._ZN7TwoWire13txBufferIndexE
                0x0080048f        0x1 ./libraries/Wire/Wire.o
                0x0080048f                _ZN7TwoWire13txBufferIndexE
 .bss._ZN7TwoWire8txBufferE
                0x00800490       0x20 ./libraries/Wire/Wire.o
                0x00800490                _ZN7TwoWire8txBufferE
 .bss._ZN7TwoWire9txAddressE
                0x008004b0        0x1 ./libraries/Wire/Wire.o
                0x008004b0                _ZN7TwoWire9txAddressE
 .bss._ZN7TwoWire14rxBufferLengthE
                0x008004b1        0x1 ./libraries/Wire/Wire.o
                0x008004b1                _ZN7TwoWire14rxBufferLengthE
 .bss._ZN7TwoWire13rxBufferIndexE
                0x008004b2        0x1 ./libraries/Wire/Wire.o
                0x008004b2                _ZN7TwoWire13rxBufferIndexE
 .bss._ZN7TwoWire8rxBufferE
                0x008004b3       0x20 ./libraries/Wire/Wire.o
                0x008004b3                _ZN7TwoWire8rxBufferE
 .bss._ZN8TimerOne15clockSelectBitsE
                0x008004d3        0x1 ./libraries/TimerOne/TimerOne.o
                0x008004d3                _ZN8TimerOne15clockSelectBitsE
 .bss._ZN8TimerOne9pwmPeriodE
                0x008004d4        0x2 ./libraries/TimerOne/TimerOne.o
                0x008004d4                _ZN8TimerOne9pwmPeriodE
 .bss._ZN8SPIClass13interruptSaveE
                0x008004d6        0x1 ./libraries/SPI/SPI.o
                0x008004d6                _ZN8SPIClass13interruptSaveE
 .bss._ZN8SPIClass13interruptMaskE
                0x008004d7        0x1 ./libraries/SPI/SPI.o
                0x008004d7                _ZN8SPIClass13interruptMaskE
 .bss._ZN8SPIClass13interruptModeE
                0x008004d8        0x1 ./libraries/SPI/SPI.o
                0x008004d8                _ZN8SPIClass13interruptModeE
 .bss._ZL20chip_select_asserted
                0x008004d9        0x1 ./libraries/SD/utility/Sd2Card.o
 .bss._ZL8settings
                0x008004da        0x2 ./libraries/SD/utility/Sd2Card.o
 .bss._ZN6SdFile9dateTime_E
                0x008004dc        0x2 ./libraries/SD/utility/SdFile.o
                0x008004dc                _ZN6SdFile9dateTime_E
 .bss._ZN8SdVolume17cacheMirrorBlock_E
                0x008004de        0x4 ./libraries/SD/utility/SdVolume.o
                0x008004de                _ZN8SdVolume17cacheMirrorBlock_E
 .bss._ZN8SdVolume11cacheDirty_E
                0x008004e2        0x1 ./libraries/SD/utility/SdVolume.o
                0x008004e2                _ZN8SdVolume11cacheDirty_E
 .bss._ZN8SdVolume7sdCard_E
                0x008004e3        0x2 ./libraries/SD/utility/SdVolume.o
                0x008004e3                _ZN8SdVolume7sdCard_E
 .bss._ZN8SdVolume12cacheBuffer_E
                0x008004e5      0x200 ./libraries/SD/utility/SdVolume.o
                0x008004e5                _ZN8SdVolume12cacheBuffer_E
 .bss.SD        0x008006e5       0x49 ./libraries/SD/SD.o
                0x008006e5                SD
 .bss.lcd       0x0080072e        0xc ./trapapoul.o
                0x0080072e                lcd
 .bss.blinkCount
                0x0080073a        0x1 ./trapapoul.o
                0x0080073a                blinkCount
 .bss.blink     0x0080073b        0x1 ./trapapoul.o
                0x0080073b                blink
 .bss.timeElements
                0x0080073c        0x7 ./trapapoul.o
                0x0080073c                timeElements
 .bss.timeToGo  0x00800743        0x1 ./trapapoul.o
                0x00800743                timeToGo
 .bss._ZL11LogFileName
                0x00800744        0x6 ./trapapoul.o
 *(COMMON)
 COMMON         0x0080074a        0x4 c:/program files (x86)/arduino/hardware/tools/avr/bin/../lib/gcc/avr/4.8.1/../../../../avr/lib/avr5\libc.a(malloc.o)
                0x0080074a                __brkval
                0x0080074c                __flp
                0x0080074e                PROVIDE (__bss_end, .)
                0x00003ea0                __data_load_start = LOADADDR (.data)
                0x000040fc                __data_load_end = (__data_load_start + SIZEOF (.data))

.noinit         0x0080074e        0x0
                0x0080074e                PROVIDE (__noinit_start, .)
 *(.noinit*)
                0x0080074e                PROVIDE (__noinit_end, .)
                0x0080074e                _end = .
                0x0080074e                PROVIDE (__heap_start, .)

.eeprom         0x00810000        0x0
 *(.eeprom*)
                0x00810000                __eeprom_end = .

.fuse
 *(.fuse)
 *(.lfuse)
 *(.hfuse)
 *(.efuse)

.lock
 *(.lock*)

.signature
 *(.signature*)

.stab           0x00000000    0x14ca0
 *(.stab)
 .stab          0x00000000      0x690 ./libraries/core/CDC.o
 .stab          0x00000690      0x684 ./libraries/core/HID.o
                                0x690 (size before relaxing)
 .stab          0x00000d14      0xa5c ./libraries/core/HardwareSerial.o
                                0xc24 (size before relaxing)
 .stab          0x00001770      0x81c ./libraries/core/HardwareSerial0.o
                                0x828 (size before relaxing)
 .stab          0x00001f8c      0x690 ./libraries/core/HardwareSerial1.o
                                0x69c (size before relaxing)
 .stab          0x0000261c      0x690 ./libraries/core/HardwareSerial2.o
                                0x69c (size before relaxing)
 .stab          0x00002cac      0x690 ./libraries/core/HardwareSerial3.o
                                0x69c (size before relaxing)
 .stab          0x0000333c      0x810 ./libraries/core/IPAddress.o
                                0xa5c (size before relaxing)
 .stab          0x00003b4c      0x9e4 ./libraries/core/Print.o
                               0x1344 (size before relaxing)
 .stab          0x00004530      0x5d0 ./libraries/core/Stream.o
                               0x12b4 (size before relaxing)
 .stab          0x00004b00      0x8c4 ./libraries/core/Tone.o
                                0xd80 (size before relaxing)
 .stab          0x000053c4      0x684 ./libraries/core/USBCore.o
                                0x690 (size before relaxing)
 .stab          0x00005a48      0x75c ./libraries/core/WInterrupts.o
                                0x7d4 (size before relaxing)
 .stab          0x000061a4      0x348 ./libraries/core/WMath.o
                                0x528 (size before relaxing)
 .stab          0x000064ec      0x780 ./libraries/core/WString.o
                               0x2c04 (size before relaxing)
 .stab          0x00006c6c      0x348 ./libraries/core/abi.o
                                0x3a8 (size before relaxing)
 .stab          0x00006fb4      0x270 ./libraries/core/hooks.o
                                0x27c (size before relaxing)
 .stab          0x00007224      0x708 ./libraries/core/main.o
                                0x738 (size before relaxing)
 .stab          0x0000792c      0x348 ./libraries/core/new.o
                                0x420 (size before relaxing)
 .stab          0x00007c74      0x78c ./libraries/core/wiring.o
                                0xa2c (size before relaxing)
 .stab          0x00008400      0x2e8 ./libraries/core/wiring_analog.o
                                0x8d0 (size before relaxing)
 .stab          0x000086e8      0x870 ./libraries/core/wiring_digital.o
                                0xb1c (size before relaxing)
 .stab          0x00008f58      0x2e8 ./libraries/core/wiring_pulse.o
                                0x894 (size before relaxing)
 .stab          0x00009240      0x2e8 ./libraries/core/wiring_shift.o
                                0x7b0 (size before relaxing)
 .stab          0x00009528      0xac8 ./libraries/Wire/utility/twi.o
                                0xd8c (size before relaxing)
 .stab          0x00009ff0      0xb7c ./libraries/Wire/Wire.o
                                0xe58 (size before relaxing)
 .stab          0x0000ab6c      0x720 ./libraries/TimerOne/TimerOne.o
                                0x72c (size before relaxing)
 .stab          0x0000b28c      0x51c ./libraries/Time/DateStrings.o
                                0x870 (size before relaxing)
 .stab          0x0000b7a8      0x66c ./libraries/Time/Time.o
                               0x135c (size before relaxing)
 .stab          0x0000be14      0x630 ./libraries/SPI/SPI.o
                                0xaa4 (size before relaxing)
 .stab          0x0000c444     0x153c ./libraries/SD/utility/Sd2Card.o
                               0x2088 (size before relaxing)
 .stab          0x0000d980     0x1050 ./libraries/SD/utility/SdFile.o
                               0x3a14 (size before relaxing)
 .stab          0x0000e9d0      0xbb8 ./libraries/SD/utility/SdVolume.o
                               0x1674 (size before relaxing)
 .stab          0x0000f588      0x798 ./libraries/SD/File.o
                               0x1524 (size before relaxing)
 .stab          0x0000fd20      0xdec ./libraries/SD/SD.o
                               0x1cb0 (size before relaxing)
 .stab          0x00010b0c      0xdbc ./libraries/LiquidCrystal_I2C/LiquidCrystal_I2C.o
                               0x1488 (size before relaxing)
 .stab          0x000118c8      0xb1c ./libraries/DS1337RTC/DS1337RTC.o
                                0xf30 (size before relaxing)
 .stab          0x000123e4     0x28bc ./trapapoul.o
                               0x2a30 (size before relaxing)

.stabstr        0x00000000    0x10648
 *(.stabstr)
 .stabstr       0x00000000    0x10648 ./libraries/core/CDC.o

.stab.excl
 *(.stab.excl)

.stab.exclstr
 *(.stab.exclstr)

.stab.index
 *(.stab.index)

.stab.indexstr
 *(.stab.indexstr)

.comment        0x00000000       0x11
 *(.comment)
 .comment       0x00000000       0x11 ./libraries/core/CDC.o
                                 0x12 (size before relaxing)
 .comment       0x00000011       0x12 ./libraries/core/HID.o
 .comment       0x00000011       0x12 ./libraries/core/HardwareSerial.o
 .comment       0x00000011       0x12 ./libraries/core/HardwareSerial0.o
 .comment       0x00000011       0x12 ./libraries/core/HardwareSerial1.o
 .comment       0x00000011       0x12 ./libraries/core/HardwareSerial2.o
 .comment       0x00000011       0x12 ./libraries/core/HardwareSerial3.o
 .comment       0x00000011       0x12 ./libraries/core/IPAddress.o
 .comment       0x00000011       0x12 ./libraries/core/Print.o
 .comment       0x00000011       0x12 ./libraries/core/Stream.o
 .comment       0x00000011       0x12 ./libraries/core/Tone.o
 .comment       0x00000011       0x12 ./libraries/core/USBCore.o
 .comment       0x00000011       0x12 ./libraries/core/WInterrupts.o
 .comment       0x00000011       0x12 ./libraries/core/WMath.o
 .comment       0x00000011       0x12 ./libraries/core/WString.o
 .comment       0x00000011       0x12 ./libraries/core/abi.o
 .comment       0x00000011       0x12 ./libraries/core/hooks.o
 .comment       0x00000011       0x12 ./libraries/core/main.o
 .comment       0x00000011       0x12 ./libraries/core/new.o
 .comment       0x00000011       0x12 ./libraries/core/wiring.o
 .comment       0x00000011       0x12 ./libraries/core/wiring_analog.o
 .comment       0x00000011       0x12 ./libraries/core/wiring_digital.o
 .comment       0x00000011       0x12 ./libraries/core/wiring_pulse.o
 .comment       0x00000011       0x12 ./libraries/core/wiring_shift.o
 .comment       0x00000011       0x12 ./libraries/Wire/utility/twi.o
 .comment       0x00000011       0x12 ./libraries/Wire/Wire.o
 .comment       0x00000011       0x12 ./libraries/TimerOne/TimerOne.o
 .comment       0x00000011       0x12 ./libraries/Time/DateStrings.o
 .comment       0x00000011       0x12 ./libraries/Time/Time.o
 .comment       0x00000011       0x12 ./libraries/SPI/SPI.o
 .comment       0x00000011       0x12 ./libraries/SD/utility/Sd2Card.o
 .comment       0x00000011       0x12 ./libraries/SD/utility/SdFile.o
 .comment       0x00000011       0x12 ./libraries/SD/utility/SdVolume.o
 .comment       0x00000011       0x12 ./libraries/SD/File.o
 .comment       0x00000011       0x12 ./libraries/SD/SD.o
 .comment       0x00000011       0x12 ./libraries/LiquidCrystal_I2C/LiquidCrystal_I2C.o
 .comment       0x00000011       0x12 ./libraries/DS1337RTC/DS1337RTC.o
 .comment       0x00000011       0x12 ./trapapoul.o
 .comment       0x00000011       0x12 c:/program files (x86)/arduino/hardware/tools/avr/bin/../lib/gcc/avr/4.8.1/../../../../avr/lib/avr5\libc.a(dtostrf.o)
 .comment       0x00000011       0x12 c:/program files (x86)/arduino/hardware/tools/avr/bin/../lib/gcc/avr/4.8.1/../../../../avr/lib/avr5\libc.a(malloc.o)
 .comment       0x00000011       0x12 c:/program files (x86)/arduino/hardware/tools/avr/bin/../lib/gcc/avr/4.8.1/../../../../avr/lib/avr5\libc.a(random.o)
 .comment       0x00000011       0x12 c:/program files (x86)/arduino/hardware/tools/avr/bin/../lib/gcc/avr/4.8.1/../../../../avr/lib/avr5\libc.a(realloc.o)
 .comment       0x00000011       0x12 c:/program files (x86)/arduino/hardware/tools/avr/bin/../lib/gcc/avr/4.8.1/../../../../avr/lib/avr5\libc.a(dtoa_prf.o)
 .comment       0x00000011       0x12 c:/program files (x86)/arduino/hardware/tools/avr/bin/../lib/gcc/avr/4.8.1/../../../../avr/lib/avr5\libc.a(strtod.o)
 .comment       0x00000011       0x12 c:/program files (x86)/arduino/hardware/tools/avr/bin/../lib/gcc/avr/4.8.1/../../../../avr/lib/avr5\libc.a(errno.o)

.note.gnu.build-id
 *(.note.gnu.build-id)

.debug
 *(.debug)

.line
 *(.line)

.debug_srcinfo
 *(.debug_srcinfo)

.debug_sfnames
 *(.debug_sfnames)

.debug_aranges
 *(.debug_aranges)

.debug_pubnames
 *(.debug_pubnames)

.debug_info
 *(.debug_info .gnu.linkonce.wi.*)

.debug_abbrev
 *(.debug_abbrev)

.debug_line
 *(.debug_line .debug_line.* .debug_line_end)

.debug_frame
 *(.debug_frame)

.debug_str
 *(.debug_str)

.debug_loc
 *(.debug_loc)

.debug_macinfo
 *(.debug_macinfo)

.debug_weaknames
 *(.debug_weaknames)

.debug_funcnames
 *(.debug_funcnames)

.debug_typenames
 *(.debug_typenames)

.debug_varnames
 *(.debug_varnames)

.debug_pubtypes
 *(.debug_pubtypes)

.debug_ranges
 *(.debug_ranges)

.debug_macro
 *(.debug_macro)
OUTPUT(trapapoul.elf elf32-avr)
LOAD linker stubs

Cross Reference Table

Symbol                                            File
RTC                                               ./libraries/DS1337RTC/DS1337RTC.o
SD                                                ./libraries/SD/SD.o
                                                  ./trapapoul.o
SPI                                               ./libraries/SPI/SPI.o
Serial                                            ./libraries/core/HardwareSerial0.o
                                                  ./trapapoul.o
                                                  ./libraries/SD/utility/SdFile.o
Timer1                                            ./libraries/TimerOne/TimerOne.o
Wire                                              ./libraries/Wire/Wire.o
                                                  ./libraries/DS1337RTC/DS1337RTC.o
                                                  ./libraries/LiquidCrystal_I2C/LiquidCrystal_I2C.o
_Z10adjustTimel                                   ./libraries/Time/Time.o
_Z10randomSeedm                                   ./libraries/core/WMath.o
_Z10timeStatusv                                   ./libraries/Time/Time.o
_Z10waitButtonv                                   ./trapapoul.o
_Z11dayShortStrh                                  ./libraries/Time/DateStrings.o
_Z11interrupt_0v                                  ./trapapoul.o
_Z11isDateValidP12tmElements_t                    ./trapapoul.o
_Z11isTimeValidP12tmElements_t                    ./trapapoul.o
_Z11numberInputhh                                 ./trapapoul.o
_Z11serialEventv                                  ./libraries/core/HardwareSerial.o
_Z12disableTimerh                                 ./libraries/core/Tone.o
_Z12hourFormat12m                                 ./libraries/Time/Time.o
_Z12hourFormat12v                                 ./libraries/Time/Time.o
_Z12refreshCachem                                 ./libraries/Time/Time.o
_Z13monthShortStrh                                ./libraries/Time/DateStrings.o
_Z13userInterfacev                                ./trapapoul.o
_Z14callback_rmdirR6SdFilePcbPv                   ./libraries/SD/SD.o
_Z14serialEventRunv                               ./libraries/core/HardwareSerial.o
                                                  ./libraries/core/main.o
_Z14serialSetAlarmv                               ./trapapoul.o
_Z15callback_removeR6SdFilePcbPv                  ./libraries/SD/SD.o
_Z15setSyncIntervalm                              ./libraries/Time/Time.o
_Z15setSyncProviderPFmvE                          ./libraries/Time/Time.o
_Z17Serial0_availablev                            ./libraries/core/HardwareSerial0.o
                                                  ./libraries/core/HardwareSerial.o
_Z17interrupt_blinkerv                            ./trapapoul.o
_Z19callback_pathExistsR6SdFilePcbPv              ./libraries/SD/SD.o
_Z20callback_makeDirPathR6SdFilePcbPv             ./libraries/SD/SD.o
_Z20getNextPathComponentPcPjS_                    ./libraries/SD/SD.o
_Z3daym                                           ./libraries/Time/Time.o
_Z3dayv                                           ./libraries/Time/Time.o
_Z3maplllll                                       ./libraries/core/WMath.o
_Z3nowv                                           ./libraries/Time/Time.o
_Z4hourm                                          ./libraries/Time/Time.o
_Z4hourv                                          ./libraries/Time/Time.o
_Z4isAMm                                          ./libraries/Time/Time.o
_Z4isAMv                                          ./libraries/Time/Time.o
_Z4isPMm                                          ./libraries/Time/Time.o
_Z4isPMv                                          ./libraries/Time/Time.o
_Z4tonehjm                                        ./libraries/core/Tone.o
_Z4yearm                                          ./libraries/Time/Time.o
_Z4yearv                                          ./libraries/Time/Time.o
_Z5monthm                                         ./libraries/Time/Time.o
_Z5monthv                                         ./libraries/Time/Time.o
_Z6dayStrh                                        ./libraries/Time/DateStrings.o
_Z6minutem                                        ./libraries/Time/Time.o
_Z6minutev                                        ./libraries/Time/Time.o
_Z6noToneh                                        ./libraries/core/Tone.o
_Z6randoml                                        ./libraries/core/WMath.o
_Z6randomll                                       ./libraries/core/WMath.o
_Z6secondm                                        ./libraries/Time/Time.o
_Z6secondv                                        ./libraries/Time/Time.o
_Z7pushLog6String                                 ./trapapoul.o
_Z7setTimeiiiiii                                  ./libraries/Time/Time.o
_Z7setTimem                                       ./libraries/Time/Time.o
_Z7weekdaym                                       ./libraries/Time/Time.o
_Z7weekdayv                                       ./libraries/Time/Time.o
_Z8makeTimeR12tmElements_t                        ./libraries/Time/Time.o
                                                  ./libraries/DS1337RTC/DS1337RTC.o
_Z8makeWordhh                                     ./libraries/core/WMath.o
_Z8makeWordj                                      ./libraries/core/WMath.o
_Z8monthStrh                                      ./libraries/Time/DateStrings.o
_Z8walkPathPcR6SdFilePFbS1_S_bPvES2_              ./libraries/SD/SD.o
_Z9breakTimemR12tmElements_t                      ./libraries/Time/Time.o
                                                  ./libraries/DS1337RTC/DS1337RTC.o
_Z9enterTimeP12tmElements_t                       ./trapapoul.o
_ZN14HardwareSerial17_tx_udr_empty_irqEv          ./libraries/core/HardwareSerial.o
                                                  ./libraries/core/HardwareSerial0.o
_ZN14HardwareSerial17availableForWriteEv          ./libraries/core/HardwareSerial.o
_ZN14HardwareSerial3endEv                         ./libraries/core/HardwareSerial.o
_ZN14HardwareSerial4peekEv                        ./libraries/core/HardwareSerial.o
_ZN14HardwareSerial4readEv                        ./libraries/core/HardwareSerial.o
_ZN14HardwareSerial5beginEmh                      ./libraries/core/HardwareSerial.o
                                                  ./trapapoul.o
_ZN14HardwareSerial5flushEv                       ./libraries/core/HardwareSerial.o
_ZN14HardwareSerial5writeEh                       ./libraries/core/HardwareSerial.o
                                                  ./libraries/SD/utility/SdFile.o
_ZN14HardwareSerial9availableEv                   ./libraries/core/HardwareSerial.o
                                                  ./libraries/core/HardwareSerial0.o
_ZN17LiquidCrystal_I2C10autoscrollEv              ./libraries/LiquidCrystal_I2C/LiquidCrystal_I2C.o
_ZN17LiquidCrystal_I2C10createCharEhPh            ./libraries/LiquidCrystal_I2C/LiquidCrystal_I2C.o
                                                  ./trapapoul.o
_ZN17LiquidCrystal_I2C10cursor_offEv              ./libraries/LiquidCrystal_I2C/LiquidCrystal_I2C.o
_ZN17LiquidCrystal_I2C10write4bitsEh              ./libraries/LiquidCrystal_I2C/LiquidCrystal_I2C.o
_ZN17LiquidCrystal_I2C11leftToRightEv             ./libraries/LiquidCrystal_I2C/LiquidCrystal_I2C.o
_ZN17LiquidCrystal_I2C11noBacklightEv             ./libraries/LiquidCrystal_I2C/LiquidCrystal_I2C.o
                                                  ./trapapoul.o
_ZN17LiquidCrystal_I2C11pulseEnableEh             ./libraries/LiquidCrystal_I2C/LiquidCrystal_I2C.o
_ZN17LiquidCrystal_I2C11rightToLeftEv             ./libraries/LiquidCrystal_I2C/LiquidCrystal_I2C.o
_ZN17LiquidCrystal_I2C11setContrastEh             ./libraries/LiquidCrystal_I2C/LiquidCrystal_I2C.o
_ZN17LiquidCrystal_I2C12noAutoscrollEv            ./libraries/LiquidCrystal_I2C/LiquidCrystal_I2C.o
_ZN17LiquidCrystal_I2C12setBacklightEh            ./libraries/LiquidCrystal_I2C/LiquidCrystal_I2C.o
_ZN17LiquidCrystal_I2C13expanderWriteEh           ./libraries/LiquidCrystal_I2C/LiquidCrystal_I2C.o
_ZN17LiquidCrystal_I2C13init_bargraphEh           ./libraries/LiquidCrystal_I2C/LiquidCrystal_I2C.o
_ZN17LiquidCrystal_I2C17scrollDisplayLeftEv       ./libraries/LiquidCrystal_I2C/LiquidCrystal_I2C.o
_ZN17LiquidCrystal_I2C18scrollDisplayRightEv      ./libraries/LiquidCrystal_I2C/LiquidCrystal_I2C.o
_ZN17LiquidCrystal_I2C19draw_vertical_graphEhhhh  ./libraries/LiquidCrystal_I2C/LiquidCrystal_I2C.o
_ZN17LiquidCrystal_I2C21draw_horizontal_graphEhhhh ./libraries/LiquidCrystal_I2C/LiquidCrystal_I2C.o
_ZN17LiquidCrystal_I2C21load_custom_characterEhPh ./libraries/LiquidCrystal_I2C/LiquidCrystal_I2C.o
_ZN17LiquidCrystal_I2C2onEv                       ./libraries/LiquidCrystal_I2C/LiquidCrystal_I2C.o
_ZN17LiquidCrystal_I2C3offEv                      ./libraries/LiquidCrystal_I2C/LiquidCrystal_I2C.o
_ZN17LiquidCrystal_I2C4homeEv                     ./libraries/LiquidCrystal_I2C/LiquidCrystal_I2C.o
_ZN17LiquidCrystal_I2C4initEv                     ./libraries/LiquidCrystal_I2C/LiquidCrystal_I2C.o
                                                  ./trapapoul.o
_ZN17LiquidCrystal_I2C4sendEhh                    ./libraries/LiquidCrystal_I2C/LiquidCrystal_I2C.o
_ZN17LiquidCrystal_I2C5beginEhhh                  ./libraries/LiquidCrystal_I2C/LiquidCrystal_I2C.o
_ZN17LiquidCrystal_I2C5blinkEv                    ./libraries/LiquidCrystal_I2C/LiquidCrystal_I2C.o
_ZN17LiquidCrystal_I2C5clearEv                    ./libraries/LiquidCrystal_I2C/LiquidCrystal_I2C.o
                                                  ./trapapoul.o
_ZN17LiquidCrystal_I2C5writeEh                    ./libraries/LiquidCrystal_I2C/LiquidCrystal_I2C.o
                                                  ./trapapoul.o
_ZN17LiquidCrystal_I2C6cursorEv                   ./libraries/LiquidCrystal_I2C/LiquidCrystal_I2C.o
_ZN17LiquidCrystal_I2C6keypadEv                   ./libraries/LiquidCrystal_I2C/LiquidCrystal_I2C.o
_ZN17LiquidCrystal_I2C6statusEv                   ./libraries/LiquidCrystal_I2C/LiquidCrystal_I2C.o
_ZN17LiquidCrystal_I2C7commandEh                  ./libraries/LiquidCrystal_I2C/LiquidCrystal_I2C.o
_ZN17LiquidCrystal_I2C7displayEv                  ./libraries/LiquidCrystal_I2C/LiquidCrystal_I2C.o
_ZN17LiquidCrystal_I2C7noBlinkEv                  ./libraries/LiquidCrystal_I2C/LiquidCrystal_I2C.o
_ZN17LiquidCrystal_I2C8blink_onEv                 ./libraries/LiquidCrystal_I2C/LiquidCrystal_I2C.o
_ZN17LiquidCrystal_I2C8noCursorEv                 ./libraries/LiquidCrystal_I2C/LiquidCrystal_I2C.o
_ZN17LiquidCrystal_I2C8printstrEPKc               ./libraries/LiquidCrystal_I2C/LiquidCrystal_I2C.o
_ZN17LiquidCrystal_I2C8setDelayEii                ./libraries/LiquidCrystal_I2C/LiquidCrystal_I2C.o
_ZN17LiquidCrystal_I2C9backlightEv                ./libraries/LiquidCrystal_I2C/LiquidCrystal_I2C.o
                                                  ./trapapoul.o
_ZN17LiquidCrystal_I2C9blink_offEv                ./libraries/LiquidCrystal_I2C/LiquidCrystal_I2C.o
_ZN17LiquidCrystal_I2C9cursor_onEv                ./libraries/LiquidCrystal_I2C/LiquidCrystal_I2C.o
_ZN17LiquidCrystal_I2C9init_privEv                ./libraries/LiquidCrystal_I2C/LiquidCrystal_I2C.o
_ZN17LiquidCrystal_I2C9noDisplayEv                ./libraries/LiquidCrystal_I2C/LiquidCrystal_I2C.o
_ZN17LiquidCrystal_I2C9setCursorEhh               ./libraries/LiquidCrystal_I2C/LiquidCrystal_I2C.o
                                                  ./trapapoul.o
_ZN17LiquidCrystal_I2CC1Ehhh                      ./libraries/LiquidCrystal_I2C/LiquidCrystal_I2C.o
                                                  ./trapapoul.o
_ZN17LiquidCrystal_I2CC2Ehhh                      ./libraries/LiquidCrystal_I2C/LiquidCrystal_I2C.o
_ZN4File11isDirectoryEv                           ./libraries/SD/File.o
                                                  ./libraries/SD/SD.o
_ZN4File12openNextFileEh                          ./libraries/SD/SD.o
_ZN4File15rewindDirectoryEv                       ./libraries/SD/SD.o
_ZN4File4nameEv                                   ./libraries/SD/File.o
_ZN4File4peekEv                                   ./libraries/SD/File.o
_ZN4File4readEPvj                                 ./libraries/SD/File.o
_ZN4File4readEv                                   ./libraries/SD/File.o
_ZN4File4seekEm                                   ./libraries/SD/File.o
_ZN4File4sizeEv                                   ./libraries/SD/File.o
_ZN4File5closeEv                                  ./libraries/SD/File.o
                                                  ./trapapoul.o
_ZN4File5flushEv                                  ./libraries/SD/File.o
_ZN4File5writeEPKhj                               ./libraries/SD/File.o
_ZN4File5writeEh                                  ./libraries/SD/File.o
_ZN4File8positionEv                               ./libraries/SD/File.o
_ZN4File9availableEv                              ./libraries/SD/File.o
_ZN4FileC1E6SdFilePKc                             ./libraries/SD/File.o
                                                  ./libraries/SD/SD.o
_ZN4FileC1Ev                                      ./libraries/SD/File.o
                                                  ./libraries/SD/SD.o
_ZN4FileC2E6SdFilePKc                             ./libraries/SD/File.o
_ZN4FileC2Ev                                      ./libraries/SD/File.o
_ZN4FilecvbEv                                     ./libraries/SD/File.o
                                                  ./trapapoul.o
_ZN5Print10printFloatEdh                          ./libraries/core/Print.o
_ZN5Print11printNumberEmh                         ./libraries/core/Print.o
_ZN5Print5printEPK19__FlashStringHelper           ./libraries/core/Print.o
_ZN5Print5printEPKc                               ./libraries/core/Print.o
                                                  ./trapapoul.o
                                                  ./libraries/LiquidCrystal_I2C/LiquidCrystal_I2C.o
                                                  ./libraries/SD/utility/SdFile.o
_ZN5Print5printERK6String                         ./libraries/core/Print.o
                                                  ./trapapoul.o
_ZN5Print5printERK9Printable                      ./libraries/core/Print.o
_ZN5Print5printEc                                 ./libraries/core/Print.o
                                                  ./trapapoul.o
                                                  ./libraries/SD/utility/SdFile.o
                                                  ./libraries/core/IPAddress.o
_ZN5Print5printEdi                                ./libraries/core/Print.o
_ZN5Print5printEhi                                ./libraries/core/Print.o
                                                  ./trapapoul.o
                                                  ./libraries/core/IPAddress.o
_ZN5Print5printEii                                ./libraries/core/Print.o
_ZN5Print5printEji                                ./libraries/core/Print.o
                                                  ./trapapoul.o
                                                  ./libraries/SD/utility/SdFile.o
_ZN5Print5printEli                                ./libraries/core/Print.o
_ZN5Print5printEmi                                ./libraries/core/Print.o
                                                  ./libraries/SD/utility/SdFile.o
_ZN5Print5writeEPKc                               ./libraries/core/Print.o
_ZN5Print5writeEPKhj                              ./libraries/core/Print.o
                                                  ./libraries/LiquidCrystal_I2C/LiquidCrystal_I2C.o
                                                  ./libraries/SD/File.o
                                                  ./libraries/SD/utility/SdFile.o
                                                  ./libraries/Wire/Wire.o
                                                  ./libraries/core/HardwareSerial.o
_ZN5Print7printlnEPK19__FlashStringHelper         ./libraries/core/Print.o
_ZN5Print7printlnEPKc                             ./libraries/core/Print.o
                                                  ./trapapoul.o
_ZN5Print7printlnERK6String                       ./libraries/core/Print.o
                                                  ./trapapoul.o
_ZN5Print7printlnERK9Printable                    ./libraries/core/Print.o
_ZN5Print7printlnEc                               ./libraries/core/Print.o
_ZN5Print7printlnEdi                              ./libraries/core/Print.o
_ZN5Print7printlnEhi                              ./libraries/core/Print.o
_ZN5Print7printlnEii                              ./libraries/core/Print.o
_ZN5Print7printlnEji                              ./libraries/core/Print.o
_ZN5Print7printlnEli                              ./libraries/core/Print.o
_ZN5Print7printlnEmi                              ./libraries/core/Print.o
_ZN5Print7printlnEv                               ./libraries/core/Print.o
                                                  ./libraries/SD/utility/SdFile.o
_ZN6SdFile10addClusterEv                          ./libraries/SD/utility/SdFile.o
_ZN6SdFile10make83NameEPKcPh                      ./libraries/SD/utility/SdFile.o
_ZN6SdFile12oldDateTime_E                         ./libraries/SD/utility/SdFile.o
_ZN6SdFile12printDirNameERK14directoryEntryh      ./libraries/SD/utility/SdFile.o
_ZN6SdFile12printFatDateEj                        ./libraries/SD/utility/SdFile.o
_ZN6SdFile12printFatTimeEj                        ./libraries/SD/utility/SdFile.o
_ZN6SdFile12readDirCacheEv                        ./libraries/SD/utility/SdFile.o
_ZN6SdFile13addDirClusterEv                       ./libraries/SD/utility/SdFile.o
_ZN6SdFile13cacheDirEntryEh                       ./libraries/SD/utility/SdFile.o
_ZN6SdFile14printTwoDigitsEh                      ./libraries/SD/utility/SdFile.o
_ZN6SdFile15contiguousRangeEPmS0_                 ./libraries/SD/utility/SdFile.o
_ZN6SdFile15openCachedEntryEhh                    ./libraries/SD/utility/SdFile.o
_ZN6SdFile16createContiguousEPS_PKcm              ./libraries/SD/utility/SdFile.o
_ZN6SdFile2lsEhh                                  ./libraries/SD/utility/SdFile.o
_ZN6SdFile4openEPS_PKch                           ./libraries/SD/utility/SdFile.o
                                                  ./libraries/SD/SD.o
_ZN6SdFile4openEPS_jh                             ./libraries/SD/utility/SdFile.o
_ZN6SdFile4readEPvj                               ./libraries/SD/utility/SdFile.o
                                                  ./libraries/SD/File.o
_ZN6SdFile4readEv                                 ./libraries/SD/File.o
_ZN6SdFile4syncEv                                 ./libraries/SD/utility/SdFile.o
                                                  ./libraries/SD/File.o
_ZN6SdFile5closeEv                                ./libraries/SD/utility/SdFile.o
                                                  ./libraries/SD/SD.o
                                                  ./libraries/SD/File.o
_ZN6SdFile5rmDirEv                                ./libraries/SD/utility/SdFile.o
                                                  ./libraries/SD/SD.o
_ZN6SdFile5writeEPKc                              ./libraries/SD/utility/SdFile.o
_ZN6SdFile5writeEPKvj                             ./libraries/SD/utility/SdFile.o
                                                  ./libraries/SD/File.o
_ZN6SdFile5writeEh                                ./libraries/SD/utility/SdFile.o
_ZN6SdFile6removeEPS_PKc                          ./libraries/SD/utility/SdFile.o
                                                  ./libraries/SD/SD.o
_ZN6SdFile6removeEv                               ./libraries/SD/utility/SdFile.o
_ZN6SdFile7dirNameERK14directoryEntryPc           ./libraries/SD/utility/SdFile.o
                                                  ./libraries/SD/SD.o
_ZN6SdFile7makeDirEPS_PKc                         ./libraries/SD/utility/SdFile.o
                                                  ./libraries/SD/SD.o
_ZN6SdFile7readDirEP14directoryEntry              ./libraries/SD/utility/SdFile.o
                                                  ./libraries/SD/SD.o
_ZN6SdFile7seekSetEm                              ./libraries/SD/utility/SdFile.o
                                                  ./libraries/SD/SD.o
                                                  ./libraries/SD/File.o
_ZN6SdFile7write_PEPKc                            ./libraries/SD/utility/SdFile.o
_ZN6SdFile8dirEntryEP14directoryEntry             ./libraries/SD/utility/SdFile.o
_ZN6SdFile8openRootEP8SdVolume                    ./libraries/SD/utility/SdFile.o
                                                  ./libraries/SD/SD.o
_ZN6SdFile8rmRfStarEv                             ./libraries/SD/utility/SdFile.o
_ZN6SdFile8truncateEm                             ./libraries/SD/utility/SdFile.o
_ZN6SdFile9dateTime_E                             ./libraries/SD/utility/SdFile.o
_ZN6SdFile9timestampEhjhhhhh                      ./libraries/SD/utility/SdFile.o
_ZN6SdFile9writeln_PEPKc                          ./libraries/SD/utility/SdFile.o
_ZN6SdFileC1ERKS_                                 ./libraries/SD/SD.o
_ZN6SdFileC2ERKS_                                 ./libraries/SD/SD.o
_ZN6Stream10parseFloatEc                          ./libraries/core/Stream.o
_ZN6Stream10parseFloatEv                          ./libraries/core/Stream.o
_ZN6Stream10readStringEv                          ./libraries/core/Stream.o
_ZN6Stream10setTimeoutEm                          ./libraries/core/Stream.o
_ZN6Stream13peekNextDigitEv                       ./libraries/core/Stream.o
_ZN6Stream14readBytesUntilEcPcj                   ./libraries/core/Stream.o
_ZN6Stream15readStringUntilEc                     ./libraries/core/Stream.o
_ZN6Stream4findEPc                                ./libraries/core/Stream.o
_ZN6Stream4findEPcj                               ./libraries/core/Stream.o
_ZN6Stream8parseIntEc                             ./libraries/core/Stream.o
_ZN6Stream8parseIntEv                             ./libraries/core/Stream.o
_ZN6Stream9findMultiEPNS_11MultiTargetEi          ./libraries/core/Stream.o
_ZN6Stream9findUntilEPcS0_                        ./libraries/core/Stream.o
_ZN6Stream9findUntilEPcjS0_j                      ./libraries/core/Stream.o
_ZN6Stream9readBytesEPcj                          ./libraries/core/Stream.o
_ZN6Stream9timedPeekEv                            ./libraries/core/Stream.o
_ZN6Stream9timedReadEv                            ./libraries/core/Stream.o
_ZN6String10invalidateEv                          ./libraries/core/WString.o
_ZN6String11toLowerCaseEv                         ./libraries/core/WString.o
_ZN6String11toUpperCaseEv                         ./libraries/core/WString.o
_ZN6String12changeBufferEj                        ./libraries/core/WString.o
_ZN6String4copyEPK19__FlashStringHelperj          ./libraries/core/WString.o
_ZN6String4copyEPKcj                              ./libraries/core/WString.o
_ZN6String4trimEv                                 ./libraries/core/WString.o
_ZN6String6concatEPK19__FlashStringHelper         ./libraries/core/WString.o
_ZN6String6concatEPKc                             ./libraries/core/WString.o
_ZN6String6concatEPKcj                            ./libraries/core/WString.o
_ZN6String6concatERKS_                            ./libraries/core/WString.o
_ZN6String6concatEc                               ./libraries/core/WString.o
                                                  ./libraries/core/Stream.o
_ZN6String6concatEd                               ./libraries/core/WString.o
_ZN6String6concatEf                               ./libraries/core/WString.o
_ZN6String6concatEh                               ./libraries/core/WString.o
_ZN6String6concatEi                               ./libraries/core/WString.o
_ZN6String6concatEj                               ./libraries/core/WString.o
_ZN6String6concatEl                               ./libraries/core/WString.o
_ZN6String6concatEm                               ./libraries/core/WString.o
_ZN6String6removeEj                               ./libraries/core/WString.o
_ZN6String6removeEjj                              ./libraries/core/WString.o
_ZN6String7replaceERKS_S1_                        ./libraries/core/WString.o
_ZN6String7replaceEcc                             ./libraries/core/WString.o
_ZN6String7reserveEj                              ./libraries/core/WString.o
_ZN6String9setCharAtEjc                           ./libraries/core/WString.o
_ZN6StringC1EPK19__FlashStringHelper              ./libraries/core/WString.o
_ZN6StringC1EPKc                                  ./libraries/core/WString.o
                                                  ./trapapoul.o
                                                  ./libraries/core/Stream.o
_ZN6StringC1ERKS_                                 ./libraries/core/WString.o
_ZN6StringC1Ec                                    ./libraries/core/WString.o
_ZN6StringC1Edh                                   ./libraries/core/WString.o
_ZN6StringC1Efh                                   ./libraries/core/WString.o
_ZN6StringC1Ehh                                   ./libraries/core/WString.o
_ZN6StringC1Eih                                   ./libraries/core/WString.o
_ZN6StringC1Ejh                                   ./libraries/core/WString.o
_ZN6StringC1Elh                                   ./libraries/core/WString.o
_ZN6StringC1Emh                                   ./libraries/core/WString.o
_ZN6StringC2EPK19__FlashStringHelper              ./libraries/core/WString.o
_ZN6StringC2EPKc                                  ./libraries/core/WString.o
_ZN6StringC2ERKS_                                 ./libraries/core/WString.o
_ZN6StringC2Ec                                    ./libraries/core/WString.o
_ZN6StringC2Edh                                   ./libraries/core/WString.o
_ZN6StringC2Efh                                   ./libraries/core/WString.o
_ZN6StringC2Ehh                                   ./libraries/core/WString.o
_ZN6StringC2Eih                                   ./libraries/core/WString.o
_ZN6StringC2Ejh                                   ./libraries/core/WString.o
_ZN6StringC2Elh                                   ./libraries/core/WString.o
_ZN6StringC2Emh                                   ./libraries/core/WString.o
_ZN6StringD1Ev                                    ./libraries/core/WString.o
                                                  ./trapapoul.o
_ZN6StringD2Ev                                    ./libraries/core/WString.o
_ZN6StringaSEPK19__FlashStringHelper              ./libraries/core/WString.o
_ZN6StringaSEPKc                                  ./libraries/core/WString.o