Archive member included to satisfy reference by file (symbol)

c:/program files (x86)/arduino/hardware/tools/avr/bin/../lib/gcc/avr/4.8.1/avr5\libgcc.a(_mulsi3.o)
                              ./libraries/core/WMath.o (__mulsi3)
c:/program files (x86)/arduino/hardware/tools/avr/bin/../lib/gcc/avr/4.8.1/avr5\libgcc.a(_udivmodqi4.o)
                              ./libraries/SD/utility/SdFile.o (__udivmodqi4)
c:/program files (x86)/arduino/hardware/tools/avr/bin/../lib/gcc/avr/4.8.1/avr5\libgcc.a(_udivmodhi4.o)
                              ./libraries/RTC-MCP7940/MCP7940.o (__udivmodhi4)
c:/program files (x86)/arduino/hardware/tools/avr/bin/../lib/gcc/avr/4.8.1/avr5\libgcc.a(_divmodhi4.o)
                              ./libraries/Time/Time.o (__divmodhi4)
c:/program files (x86)/arduino/hardware/tools/avr/bin/../lib/gcc/avr/4.8.1/avr5\libgcc.a(_udivmodsi4.o)
                              ./libraries/core/HardwareSerial.o (__udivmodsi4)
c:/program files (x86)/arduino/hardware/tools/avr/bin/../lib/gcc/avr/4.8.1/avr5\libgcc.a(_divmodsi4.o)
                              ./libraries/core/WMath.o (__divmodsi4)
c:/program files (x86)/arduino/hardware/tools/avr/bin/../lib/gcc/avr/4.8.1/avr5\libgcc.a(_negsi2.o)
                              c:/program files (x86)/arduino/hardware/tools/avr/bin/../lib/gcc/avr/4.8.1/avr5\libgcc.a(_divmodsi4.o) (__negsi2)
c:/program files (x86)/arduino/hardware/tools/avr/bin/../lib/gcc/avr/4.8.1/avr5\libgcc.a(_exit.o)
                              c:/program files (x86)/arduino/hardware/tools/avr/bin/../lib/gcc/avr/4.8.1/../../../../avr/lib/avr5/crtm328p.o (exit)
c:/program files (x86)/arduino/hardware/tools/avr/bin/../lib/gcc/avr/4.8.1/avr5\libgcc.a(_tablejump.o)
                              ./libraries/RTC-MCP7940/MCP7940.o (__tablejump2__)
c:/program files (x86)/arduino/hardware/tools/avr/bin/../lib/gcc/avr/4.8.1/avr5\libgcc.a(_copy_data.o)
                              ./libraries/core/HardwareSerial.o (__do_copy_data)
c:/program files (x86)/arduino/hardware/tools/avr/bin/../lib/gcc/avr/4.8.1/avr5\libgcc.a(_clear_bss.o)
                              ./libraries/core/HardwareSerial0.o (__do_clear_bss)
c:/program files (x86)/arduino/hardware/tools/avr/bin/../lib/gcc/avr/4.8.1/avr5\libgcc.a(_ctors.o)
                              ./libraries/core/HardwareSerial0.o (__do_global_ctors)
c:/program files (x86)/arduino/hardware/tools/avr/bin/../lib/gcc/avr/4.8.1/avr5\libgcc.a(_dtors.o)
                              ./trapapoul.o (__do_global_dtors)
c:/program files (x86)/arduino/hardware/tools/avr/bin/../lib/gcc/avr/4.8.1/avr5\libgcc.a(_umulhisi3.o)
                              ./libraries/Time/Time.o (__umulhisi3)
c:/program files (x86)/arduino/hardware/tools/avr/bin/../lib/gcc/avr/4.8.1/avr5\libgcc.a(_muluhisi3.o)
                              ./libraries/core/Stream.o (__muluhisi3)
c:/program files (x86)/arduino/hardware/tools/avr/bin/../lib/gcc/avr/4.8.1/avr5\libgcc.a(_mulshisi3.o)
                              ./libraries/Time/Time.o (__mulshisi3)
c:/program files (x86)/arduino/hardware/tools/avr/bin/../lib/gcc/avr/4.8.1/../../../../avr/lib/avr5\libm.a(addsf3.o)
                              ./libraries/core/Print.o (__subsf3)
c:/program files (x86)/arduino/hardware/tools/avr/bin/../lib/gcc/avr/4.8.1/../../../../avr/lib/avr5\libm.a(addsf3x.o)
                              c:/program files (x86)/arduino/hardware/tools/avr/bin/../lib/gcc/avr/4.8.1/../../../../avr/lib/avr5\libm.a(addsf3.o) (__addsf3x)
c:/program files (x86)/arduino/hardware/tools/avr/bin/../lib/gcc/avr/4.8.1/../../../../avr/lib/avr5\libm.a(cmpsf2.o)
                              ./libraries/core/Print.o (__ltsf2)
c:/program files (x86)/arduino/hardware/tools/avr/bin/../lib/gcc/avr/4.8.1/../../../../avr/lib/avr5\libm.a(divsf3.o)
                              ./libraries/core/Print.o (__divsf3)
c:/program files (x86)/arduino/hardware/tools/avr/bin/../lib/gcc/avr/4.8.1/../../../../avr/lib/avr5\libm.a(divsf3x.o)
                              c:/program files (x86)/arduino/hardware/tools/avr/bin/../lib/gcc/avr/4.8.1/../../../../avr/lib/avr5\libm.a(divsf3.o) (__divsf3x)
c:/program files (x86)/arduino/hardware/tools/avr/bin/../lib/gcc/avr/4.8.1/../../../../avr/lib/avr5\libm.a(fixsfsi.o)
                              ./libraries/core/Print.o (__fixsfsi)
c:/program files (x86)/arduino/hardware/tools/avr/bin/../lib/gcc/avr/4.8.1/../../../../avr/lib/avr5\libm.a(fixunssfsi.o)
                              ./libraries/core/Print.o (__fixunssfsi)
c:/program files (x86)/arduino/hardware/tools/avr/bin/../lib/gcc/avr/4.8.1/../../../../avr/lib/avr5\libm.a(floatsisf.o)
                              ./libraries/core/Print.o (__floatunsisf)
c:/program files (x86)/arduino/hardware/tools/avr/bin/../lib/gcc/avr/4.8.1/../../../../avr/lib/avr5\libm.a(fp_cmp.o)
                              c:/program files (x86)/arduino/hardware/tools/avr/bin/../lib/gcc/avr/4.8.1/../../../../avr/lib/avr5\libm.a(cmpsf2.o) (__fp_cmp)
[...]
Memory Configuration

Name             Origin             Length             Attributes
text             0x00000000         0x00020000         xr
data             0x00800060         0x0000ffa0         rw !x
eeprom           0x00810000         0x00010000         rw !x
fuse             0x00820000         0x00000400         rw !x
lock             0x00830000         0x00000400         rw !x
signature        0x00840000         0x00000400         rw !x
*default*        0x00000000         0xffffffff

Linker script and memory map

Address of section .data set to 0x800100
LOAD c:/program files (x86)/arduino/hardware/tools/avr/bin/../lib/gcc/avr/4.8.1/../../../../avr/lib/avr5/crtm328p.o
LOAD ./libraries/core/CDC.o
LOAD ./libraries/core/HID.o
LOAD ./libraries/core/HardwareSerial.o
LOAD ./libraries/core/HardwareSerial0.o
LOAD ./libraries/core/HardwareSerial1.o
LOAD ./libraries/core/HardwareSerial2.o
LOAD ./libraries/core/HardwareSerial3.o
LOAD ./libraries/core/IPAddress.o
LOAD ./libraries/core/Print.o
LOAD ./libraries/core/Stream.o
LOAD ./libraries/core/Tone.o
LOAD ./libraries/core/USBCore.o
LOAD ./libraries/core/WInterrupts.o
LOAD ./libraries/core/WMath.o
LOAD ./libraries/core/WString.o
LOAD ./libraries/core/abi.o
LOAD ./libraries/core/hooks.o
LOAD ./libraries/core/main.o
LOAD ./libraries/core/new.o
LOAD ./libraries/core/wiring.o
LOAD ./libraries/core/wiring_analog.o
LOAD ./libraries/core/wiring_digital.o
LOAD ./libraries/core/wiring_pulse.o
LOAD ./libraries/core/wiring_shift.o
LOAD ./libraries/Wire/utility/twi.o
LOAD ./libraries/Wire/Wire.o
LOAD ./libraries/TimerOne/TimerOne.o
LOAD ./libraries/Time/DateStrings.o
LOAD ./libraries/Time/Time.o
LOAD ./libraries/SPI/SPI.o
LOAD ./libraries/SD/utility/Sd2Card.o
LOAD ./libraries/SD/utility/SdFile.o
LOAD ./libraries/SD/utility/SdVolume.o
LOAD ./libraries/SD/File.o
LOAD ./libraries/SD/SD.o
LOAD ./libraries/RTC-MCP7940/MCP7940.o
LOAD ./libraries/LiquidCrystal/src/LiquidCrystal.o
LOAD ./trapapoul.o
LOAD c:/program files (x86)/arduino/hardware/tools/avr/bin/../lib/gcc/avr/4.8.1/avr5\libgcc.a
LOAD c:/program files (x86)/arduino/hardware/tools/avr/bin/../lib/gcc/avr/4.8.1/../../../../avr/lib/avr5\libm.a
START GROUP
LOAD c:/program files (x86)/arduino/hardware/tools/avr/bin/../lib/gcc/avr/4.8.1/avr5\libgcc.a
LOAD c:/program files (x86)/arduino/hardware/tools/avr/bin/../lib/gcc/avr/4.8.1/../../../../avr/lib/avr5\libm.a
LOAD c:/program files (x86)/arduino/hardware/tools/avr/bin/../lib/gcc/avr/4.8.1/../../../../avr/lib/avr5\libc.a
END GROUP

.hash
 *(.hash)

.dynsym
 *(.dynsym)

.dynstr
 *(.dynstr)

.gnu.version
 *(.gnu.version)

.gnu.version_d
 *(.gnu.version_d)

.gnu.version_r
 *(.gnu.version_r)

.rel.init
 *(.rel.init)

.rela.init
 *(.rela.init)

.rel.text
 *(.rel.text)
 *(.rel.text.*)
 *(.rel.gnu.linkonce.t*)

.rela.text
 *(.rela.text)
 *(.rela.text.*)
 *(.rela.gnu.linkonce.t*)

.rel.fini
 *(.rel.fini)

.rela.fini
 *(.rela.fini)

.rel.rodata
 *(.rel.rodata)
 *(.rel.rodata.*)
 *(.rel.gnu.linkonce.r*)

.rela.rodata
 *(.rela.rodata)
 *(.rela.rodata.*)
 *(.rela.gnu.linkonce.r*)

.rel.data
 *(.rel.data)
 *(.rel.data.*)
 *(.rel.gnu.linkonce.d*)

.rela.data
 *(.rela.data)
 *(.rela.data.*)
 *(.rela.gnu.linkonce.d*)

.rel.ctors
 *(.rel.ctors)

.rela.ctors
 *(.rela.ctors)

.rel.dtors
 *(.rel.dtors)

.rela.dtors
 *(.rela.dtors)

.rel.got
 *(.rel.got)

.rela.got
 *(.rela.got)

.rel.bss
 *(.rel.bss)

.rela.bss
 *(.rela.bss)

.rel.plt
 *(.rel.plt)

.rela.plt
 *(.rela.plt)

.text           0x00000000     0x5340
 *(.vectors)
 .vectors       0x00000000       0x68 c:/program files (x86)/arduino/hardware/tools/avr/bin/../lib/gcc/avr/4.8.1/../../../../avr/lib/avr5/crtm328p.o
                0x00000000                __vector_default
                0x00000000                __vectors
 *(.vectors)
 *(.progmem.gcc*)
                0x00000068                . = ALIGN (0x2)
                0x00000068                __trampolines_start = .
 *(.trampolines)
 .trampolines   0x00000068        0x0 linker stubs
 *(.trampolines*)
                0x00000068                __trampolines_end = .
 *(.progmem*)
 .progmem.data._ZL21tone_pin_to_timer_PGM
                0x00000068        0x1 ./libraries/core/Tone.o
 .progmem.data.digital_pin_to_timer_PGM
                0x00000069       0x14 ./libraries/core/wiring_digital.o
                0x00000069                digital_pin_to_timer_PGM
 .progmem.data.digital_pin_to_bit_mask_PGM
                0x0000007d       0x14 ./libraries/core/wiring_digital.o
                0x0000007d                digital_pin_to_bit_mask_PGM
 .progmem.data.digital_pin_to_port_PGM
                0x00000091       0x14 ./libraries/core/wiring_digital.o
                0x00000091                digital_pin_to_port_PGM
 .progmem.data.port_to_input_PGM
                0x000000a5        0xa ./libraries/core/wiring_digital.o
                0x000000a5                port_to_input_PGM
 .progmem.data.port_to_output_PGM
                0x000000af        0xa ./libraries/core/wiring_digital.o
                0x000000af                port_to_output_PGM
 .progmem.data.port_to_mode_PGM
                0x000000b9        0xa ./libraries/core/wiring_digital.o
                0x000000b9                port_to_mode_PGM
 .progmem.data._ZZN6SdFile10make83NameEPKcPhE3__c
                0x000000c3       0x10 ./libraries/SD/utility/SdFile.o
 .progmem.data._ZL11daysInMonth
                0x000000d3        0xc ./libraries/RTC-MCP7940/MCP7940.o
                0x000000e0                . = ALIGN (0x2)
 *fill*         0x000000df        0x1 
 *(.jumptables)
 *(.jumptables*)
 *(.lowtext)
 *(.lowtext*)
                0x000000e0                __ctors_start = .
 *(.ctors)
 .ctors         0x000000e0        0x2 ./libraries/core/HardwareSerial0.o
 .ctors         0x000000e2        0x2 ./libraries/core/IPAddress.o
 .ctors         0x000000e4        0x2 ./libraries/Wire/Wire.o
 .ctors         0x000000e6        0x2 ./libraries/SD/utility/Sd2Card.o
 .ctors         0x000000e8        0x2 ./libraries/SD/SD.o
 .ctors         0x000000ea        0x2 ./trapapoul.o
                0x000000ec                __ctors_end = .
                0x000000ec                __dtors_start = .
 *(.dtors)
 .dtors         0x000000ec        0x2 ./trapapoul.o
                0x000000ee                __dtors_end = .
 SORT(*)(.ctors)
 SORT(*)(.dtors)
 *(.init0)
 .init0         0x000000ee        0x0 c:/program files (x86)/arduino/hardware/tools/avr/bin/../lib/gcc/avr/4.8.1/../../../../avr/lib/avr5/crtm328p.o
                0x000000ee                __init
 *(.init0)
 *(.init1)
 *(.init1)
 *(.init2)
 .init2         0x000000ee        0xc c:/program files (x86)/arduino/hardware/tools/avr/bin/../lib/gcc/avr/4.8.1/../../../../avr/lib/avr5/crtm328p.o
 *(.init2)
 *(.init3)
 *(.init3)
 *(.init4)
 .init4         0x000000fa       0x16 c:/program files (x86)/arduino/hardware/tools/avr/bin/../lib/gcc/avr/4.8.1/avr5\libgcc.a(_copy_data.o)
                0x000000fa                __do_copy_data
 .init4         0x00000110       0x10 c:/program files (x86)/arduino/hardware/tools/avr/bin/../lib/gcc/avr/4.8.1/avr5\libgcc.a(_clear_bss.o)
                0x00000110                __do_clear_bss
 *(.init4)
 *(.init5)
 *(.init5)
 *(.init6)
 .init6         0x00000120       0x16 c:/program files (x86)/arduino/hardware/tools/avr/bin/../lib/gcc/avr/4.8.1/avr5\libgcc.a(_ctors.o)
                0x00000120                __do_global_ctors
 *(.init6)
 *(.init7)
 *(.init7)
 *(.init8)
 *(.init8)
 *(.init9)
 .init9         0x00000136        0x6 c:/program files (x86)/arduino/hardware/tools/avr/bin/../lib/gcc/avr/4.8.1/../../../../avr/lib/avr5/crtm328p.o
 *(.init9)
 *(.text)
 .text          0x0000013c        0x2 c:/program files (x86)/arduino/hardware/tools/avr/bin/../lib/gcc/avr/4.8.1/../../../../avr/lib/avr5/crtm328p.o
                0x0000013c                __vector_22
                0x0000013c                __vector_12
                0x0000013c                __bad_interrupt
                0x0000013c                __vector_6
                0x0000013c                __vector_3
                0x0000013c                __vector_23
                0x0000013c                __vector_25
                0x0000013c                __vector_11
                0x0000013c                __vector_17
                0x0000013c                __vector_5
                0x0000013c                __vector_4
                0x0000013c                __vector_9
                0x0000013c                __vector_21
                0x0000013c                __vector_15
                0x0000013c                __vector_8
                0x0000013c                __vector_14
                0x0000013c                __vector_10
                0x0000013c                __vector_20
                0x0000013e                . = ALIGN (0x2)
 *(.text.*)
 .text._ZN14HardwareSerial9availableEv
                0x0000013e       0x16 ./libraries/core/HardwareSerial.o
                0x0000013e                _ZN14HardwareSerial9availableEv
 .text._ZN14HardwareSerial4peekEv
                0x00000154       0x1c ./libraries/core/HardwareSerial.o
                0x00000154                _ZN14HardwareSerial4peekEv
 .text._ZN14HardwareSerial4readEv
                0x00000170       0x28 ./libraries/core/HardwareSerial.o
                0x00000170                _ZN14HardwareSerial4readEv
 .text._Z14serialEventRunv
                0x00000198       0x1a ./libraries/core/HardwareSerial.o
                0x00000198                _Z14serialEventRunv
 .text._ZN14HardwareSerial17_tx_udr_empty_irqEv
                0x000001b2       0x42 ./libraries/core/HardwareSerial.o
                0x000001b2                _ZN14HardwareSerial17_tx_udr_empty_irqEv
 .text._ZN14HardwareSerial5flushEv
                0x000001f4       0x42 ./libraries/core/HardwareSerial.o
                0x000001f4                _ZN14HardwareSerial5flushEv
 .text._ZN14HardwareSerial5writeEh
                0x00000236       0xc8 ./libraries/core/HardwareSerial.o
                0x00000236                _ZN14HardwareSerial5writeEh
 .text._ZN14HardwareSerial5beginEmh
                0x000002fe       0xc4 ./libraries/core/HardwareSerial.o
                0x000002fe                _ZN14HardwareSerial5beginEmh
 .text._ZN14HardwareSerial3endEv
                0x000003c2       0x38 ./libraries/core/HardwareSerial.o
                0x000003c2                _ZN14HardwareSerial3endEv
 .text.__vector_18
                0x000003fa       0x64 ./libraries/core/HardwareSerial0.o
                0x000003fa                __vector_18
 .text.__vector_19
                0x0000045e       0x4a ./libraries/core/HardwareSerial0.o
                0x0000045e                __vector_19
 .text._Z17Serial0_availablev
                0x000004a8       0x12 ./libraries/core/HardwareSerial0.o
                0x000004a8                _Z17Serial0_availablev
 .text.startup._GLOBAL__sub_I___vector_18
                0x000004ba       0x86 ./libraries/core/HardwareSerial0.o
 .text._ZNK9IPAddress7printToER5Print
                0x00000540       0x6e ./libraries/core/IPAddress.o
                0x00000540                _ZNK9IPAddress7printToER5Print
 .text.startup._GLOBAL__sub_I__ZN9IPAddressC2Ev
                0x000005ae       0x1e ./libraries/core/IPAddress.o
 .text._ZN5Print5writeEPKhj
                0x000005cc       0x50 ./libraries/core/Print.o
                0x000005cc                _ZN5Print5writeEPKhj
 .text._ZN5Print5writeEPKc
                0x0000061c       0x2c ./libraries/core/Print.o
                0x0000061c                _ZN5Print5writeEPKc
 .text._ZN5Print5printERK6String
                0x00000648       0x1c ./libraries/core/Print.o
                0x00000648                _ZN5Print5printERK6String
 .text._ZN5Print5printEPKc
                0x00000664        0x2 ./libraries/core/Print.o
                0x00000664                _ZN5Print5printEPKc
 .text._ZN5Print5printEc
                0x00000666        0xe ./libraries/core/Print.o
                0x00000666                _ZN5Print5printEc
 .text._ZN5Print7printlnEv
                0x00000674        0x6 ./libraries/core/Print.o
                0x00000674                _ZN5Print7printlnEv
 .text._ZN5Print7printlnERK6String
                0x0000067a       0x20 ./libraries/core/Print.o
                0x0000067a                _ZN5Print7printlnERK6String
 .text._ZN5Print7printlnEPKc
                0x0000069a       0x20 ./libraries/core/Print.o
                0x0000069a                _ZN5Print7printlnEPKc
 .text._ZN5Print11printNumberEmh
                0x000006ba       0xb0 ./libraries/core/Print.o
                0x000006ba                _ZN5Print11printNumberEmh
 .text._ZN5Print5printEmi
                0x0000076a       0x18 ./libraries/core/Print.o
                0x0000076a                _ZN5Print5printEmi
 .text._ZN5Print5printEhi
                0x00000782        0xc ./libraries/core/Print.o
                0x00000782                _ZN5Print5printEhi
 .text._ZN6Stream9timedPeekEv
                0x0000078e       0x58 ./libraries/core/Stream.o
                0x0000078e                _ZN6Stream9timedPeekEv
 .text._ZN6Stream13peekNextDigitEv
                0x000007e6       0x36 ./libraries/core/Stream.o
                0x000007e6                _ZN6Stream13peekNextDigitEv
 .text._ZN6Stream8parseIntEc
                0x0000081c       0xd6 ./libraries/core/Stream.o
                0x0000081c                _ZN6Stream8parseIntEc
 .text._ZN6Stream8parseIntEv
                0x000008f2        0x4 ./libraries/core/Stream.o
                0x000008f2                _ZN6Stream8parseIntEv
 .text._Z12disableTimerh
                0x000008f6       0x40 ./libraries/core/Tone.o
                0x000008f6                _Z12disableTimerh
 .text._Z6noToneh
                0x00000936       0x26 ./libraries/core/Tone.o
                0x00000936                _Z6noToneh
 .text.__vector_7
                0x0000095c       0xb6 ./libraries/core/Tone.o
                0x0000095c                __vector_7
 .text.__vector_1
                0x00000a12       0x5a ./libraries/core/WInterrupts.o
                0x00000a12                __vector_1
 .text.__vector_2
                0x00000a6c       0x5a ./libraries/core/WInterrupts.o
                0x00000a6c                __vector_2
 .text._ZN6StringD2Ev
                0x00000ac6        0xa ./libraries/core/WString.o
                0x00000ac6                _ZN6StringD2Ev
                0x00000ac6                _ZN6StringD1Ev
 .text._ZN6String10invalidateEv
                0x00000ad0       0x24 ./libraries/core/WString.o
                0x00000ad0                _ZN6String10invalidateEv
 .text._ZN6String12changeBufferEj
                0x00000af4       0x34 ./libraries/core/WString.o
                0x00000af4                _ZN6String12changeBufferEj
 .text._ZN6String7reserveEj
                0x00000b28       0x36 ./libraries/core/WString.o
                0x00000b28                _ZN6String7reserveEj
 .text._ZN6String4copyEPKcj
                0x00000b5e       0x3e ./libraries/core/WString.o
                0x00000b5e                _ZN6String4copyEPKcj
 .text._ZN6StringC2EPKc
                0x00000b9c       0x2a ./libraries/core/WString.o
                0x00000b9c                _ZN6StringC2EPKc
                0x00000b9c                _ZN6StringC1EPKc
 .text._ZN6StringaSEPKc
                0x00000bc6       0x2c ./libraries/core/WString.o
                0x00000bc6                _ZN6StringaSEPKc
 .text._ZN6StringC2Eih
                0x00000bf2       0x56 ./libraries/core/WString.o
                0x00000bf2                _ZN6StringC2Eih
                0x00000bf2                _ZN6StringC1Eih
 .text._ZN6StringC2Ejh
                0x00000c48       0x56 ./libraries/core/WString.o
                0x00000c48                _ZN6StringC1Ejh
                0x00000c48                _ZN6StringC2Ejh
 .text._ZN6String6concatEPKcj
                0x00000c9e       0x56 ./libraries/core/WString.o
                0x00000c9e                _ZN6String6concatEPKcj
 .text._ZN6String6concatEPKc
                0x00000cf4       0x1e ./libraries/core/WString.o
                0x00000cf4                _ZN6String6concatEPKc
 .text._ZN6String6concatEh
                0x00000d12       0x58 ./libraries/core/WString.o
                0x00000d12                _ZN6String6concatEh
 .text._ZN6String6concatEj
                0x00000d6a       0x62 ./libraries/core/WString.o
                0x00000d6a                _ZN6String6concatEj
 .text.__empty  0x00000dcc        0x2 ./libraries/core/hooks.o
                0x00000dcc                yield
 .text.initVariant
                0x00000dce        0x2 ./libraries/core/main.o
                0x00000dce                initVariant
 .text.startup.main
                0x00000dd0       0x18 ./libraries/core/main.o
                0x00000dd0                main
 .text.__vector_16
                0x00000de8       0x94 ./libraries/core/wiring.o
                0x00000de8                __vector_16
 .text.millis   0x00000e7c       0x18 ./libraries/core/wiring.o
                0x00000e7c                millis
 .text.micros   0x00000e94       0x46 ./libraries/core/wiring.o
                0x00000e94                micros
 .text.delay    0x00000eda       0x4a ./libraries/core/wiring.o
                0x00000eda                delay
 .text.init     0x00000f24       0x76 ./libraries/core/wiring.o
                0x00000f24                init
 .text.turnOffPWM
                0x00000f9a       0x52 ./libraries/core/wiring_digital.o
 .text.pinMode  0x00000fec       0x72 ./libraries/core/wiring_digital.o
                0x00000fec                pinMode
 .text.digitalWrite
                0x0000105e       0x6a ./libraries/core/wiring_digital.o
                0x0000105e                digitalWrite
 .text.digitalRead
                0x000010c8       0x50 ./libraries/core/wiring_digital.o
                0x000010c8                digitalRead
 .text.twi_init
                0x00001118       0x38 ./libraries/Wire/utility/twi.o
                0x00001118                twi_init
 .text.twi_readFrom
                0x00001150       0x88 ./libraries/Wire/utility/twi.o
                0x00001150                twi_readFrom
 .text.twi_writeTo
                0x000011d8       0xa6 ./libraries/Wire/utility/twi.o
                0x000011d8                twi_writeTo
 .text.twi_transmit
                0x0000127e       0x32 ./libraries/Wire/utility/twi.o
                0x0000127e                twi_transmit
 .text.twi_stop
                0x000012b0       0x14 ./libraries/Wire/utility/twi.o
                0x000012b0                twi_stop
 .text.twi_releaseBus
                0x000012c4        0xc ./libraries/Wire/utility/twi.o
                0x000012c4                twi_releaseBus
 .text.__vector_24
                0x000012d0      0x254 ./libraries/Wire/utility/twi.o
                0x000012d0                __vector_24
 .text._ZN7TwoWire9availableEv
                0x00001524       0x10 ./libraries/Wire/Wire.o
                0x00001524                _ZN7TwoWire9availableEv
 .text._ZN7TwoWire4readEv
                0x00001534       0x26 ./libraries/Wire/Wire.o
                0x00001534                _ZN7TwoWire4readEv
 .text._ZN7TwoWire4peekEv
                0x0000155a       0x1e ./libraries/Wire/Wire.o
                0x0000155a                _ZN7TwoWire4peekEv
 .text._ZN7TwoWire5flushEv
                0x00001578        0x2 ./libraries/Wire/Wire.o
                0x00001578                _ZN7TwoWire5flushEv
 .text._ZN7TwoWire5writeEPKhj
                0x0000157a       0x58 ./libraries/Wire/Wire.o
                0x0000157a                _ZN7TwoWire5writeEPKhj
 .text._ZN7TwoWire5writeEh
                0x000015d2       0x5c ./libraries/Wire/Wire.o
                0x000015d2                _ZN7TwoWire5writeEh
 .text._ZN7TwoWireC2Ev
                0x0000162e       0x20 ./libraries/Wire/Wire.o
                0x0000162e                _ZN7TwoWireC1Ev
                0x0000162e                _ZN7TwoWireC2Ev
 .text._ZN7TwoWire5beginEv
                0x0000164e       0x12 ./libraries/Wire/Wire.o
                0x0000164e                _ZN7TwoWire5beginEv
 .text._ZN7TwoWire11requestFromEhhh
                0x00001660       0x18 ./libraries/Wire/Wire.o
                0x00001660                _ZN7TwoWire11requestFromEhhh
 .text._ZN7TwoWire11requestFromEii
                0x00001678        0x4 ./libraries/Wire/Wire.o
                0x00001678                _ZN7TwoWire11requestFromEii
 .text._ZN7TwoWire17beginTransmissionEh
                0x0000167c       0x14 ./libraries/Wire/Wire.o
                0x0000167c                _ZN7TwoWire17beginTransmissionEh
 .text._ZN7TwoWire17beginTransmissionEi
                0x00001690        0x2 ./libraries/Wire/Wire.o
                0x00001690                _ZN7TwoWire17beginTransmissionEi
 .text._ZN7TwoWire15endTransmissionEh
                0x00001692       0x24 ./libraries/Wire/Wire.o
                0x00001692                _ZN7TwoWire15endTransmissionEh
 .text._ZN7TwoWire15endTransmissionEv
                0x000016b6        0x4 ./libraries/Wire/Wire.o
                0x000016b6                _ZN7TwoWire15endTransmissionEv
 .text.startup._GLOBAL__sub_I__ZN7TwoWire8rxBufferE
                0x000016ba        0x6 ./libraries/Wire/Wire.o
 .text._ZN8TimerOne16isrDefaultUnusedEv
                0x000016c0        0x2 ./libraries/TimerOne/TimerOne.o
                0x000016c0                _ZN8TimerOne16isrDefaultUnusedEv
 .text.__vector_13
                0x000016c2       0x4e ./libraries/TimerOne/TimerOne.o
                0x000016c2                __vector_13
 .text._ZN8SPIClass5beginEv
                0x00001710       0x64 ./libraries/SPI/SPI.o
                0x00001710                _ZN8SPIClass5beginEv
 .text._ZN8SPIClass14endTransactionEv.part.3
                0x00001774       0x1a ./libraries/SD/utility/Sd2Card.o
 .text._ZN8SPIClass16beginTransactionE11SPISettings
                0x0000178e       0x34 ./libraries/SD/utility/Sd2Card.o
                0x0000178e                _ZN8SPIClass16beginTransactionE11SPISettings
 .text._ZN8SPIClass8transferEh
                0x000017c2        0xe ./libraries/SD/utility/Sd2Card.o
                0x000017c2                _ZN8SPIClass8transferEh
 .text._ZL6spiRecv
                0x000017d0        0x4 ./libraries/SD/utility/Sd2Card.o
 .text._ZN7Sd2Card14chipSelectHighEv
                0x000017d4       0x1e ./libraries/SD/utility/Sd2Card.o
                0x000017d4                _ZN7Sd2Card14chipSelectHighEv
 .text._ZN7Sd2Card13chipSelectLowEv
                0x000017f2       0x28 ./libraries/SD/utility/Sd2Card.o
                0x000017f2                _ZN7Sd2Card13chipSelectLowEv
 .text._ZN7Sd2Card7readEndEv
                0x0000181a       0x30 ./libraries/SD/utility/Sd2Card.o
                0x0000181a                _ZN7Sd2Card7readEndEv
 .text._ZN7Sd2Card10setSckRateEh
                0x0000184a       0x56 ./libraries/SD/utility/Sd2Card.o
                0x0000184a                _ZN7Sd2Card10setSckRateEh
 .text._ZN7Sd2Card11waitNotBusyEj
                0x000018a0       0x30 ./libraries/SD/utility/Sd2Card.o
                0x000018a0                _ZN7Sd2Card11waitNotBusyEj
 .text._ZN7Sd2Card11cardCommandEhm
                0x000018d0       0xb6 ./libraries/SD/utility/Sd2Card.o
                0x000018d0                _ZN7Sd2Card11cardCommandEhm
 .text._ZN7Sd2Card4initEhh
                0x00001986      0x158 ./libraries/SD/utility/Sd2Card.o
                0x00001986                _ZN7Sd2Card4initEhh
 .text._ZN7Sd2Card14waitStartBlockEv
                0x00001ade       0x42 ./libraries/SD/utility/Sd2Card.o
                0x00001ade                _ZN7Sd2Card14waitStartBlockEv
 .text._ZN7Sd2Card8readDataEmjjPh
                0x00001b20       0xf2 ./libraries/SD/utility/Sd2Card.o
                0x00001b20                _ZN7Sd2Card8readDataEmjjPh
 .text._ZN7Sd2Card9readBlockEmPh
                0x00001c12       0x1e ./libraries/SD/utility/Sd2Card.o
                0x00001c12                _ZN7Sd2Card9readBlockEmPh
 .text._ZN7Sd2Card9writeDataEhPKh
                0x00001c30       0x7a ./libraries/SD/utility/Sd2Card.o
                0x00001c30                _ZN7Sd2Card9writeDataEhPKh
 .text._ZN7Sd2Card10writeBlockEmPKh
                0x00001caa       0x8e ./libraries/SD/utility/Sd2Card.o
                0x00001caa                _ZN7Sd2Card10writeBlockEmPKh
 .text.startup._GLOBAL__sub_I__ZN7Sd2Card11cardCommandEhm
                0x00001d38        0xc ./libraries/SD/utility/Sd2Card.o
 .text._ZN6SdFile10addClusterEv
                0x00001d44       0x54 ./libraries/SD/utility/SdFile.o
                0x00001d44                _ZN6SdFile10addClusterEv
 .text._ZN6SdFile13addDirClusterEv
                0x00001d98       0xbe ./libraries/SD/utility/SdFile.o
                0x00001d98                _ZN6SdFile13addDirClusterEv
 .text._ZN6SdFile13cacheDirEntryEh
                0x00001e56       0x30 ./libraries/SD/utility/SdFile.o
                0x00001e56                _ZN6SdFile13cacheDirEntryEh
 .text._ZN6SdFile10make83NameEPKcPh
                0x00001e86       0x70 ./libraries/SD/utility/SdFile.o
                0x00001e86                _ZN6SdFile10make83NameEPKcPh
 .text._ZN6SdFile8openRootEP8SdVolume
                0x00001ef6       0x9e ./libraries/SD/utility/SdFile.o
                0x00001ef6                _ZN6SdFile8openRootEP8SdVolume
 .text._ZN6SdFile4readEPvj
                0x00001f94      0x20a ./libraries/SD/utility/SdFile.o
                0x00001f94                _ZN6SdFile4readEPvj
 .text._ZN6SdFile12readDirCacheEv
                0x0000219e       0x94 ./libraries/SD/utility/SdFile.o
                0x0000219e                _ZN6SdFile12readDirCacheEv
 .text._ZN6SdFile7seekSetEm
                0x00002232      0x136 ./libraries/SD/utility/SdFile.o
                0x00002232                _ZN6SdFile7seekSetEm
 .text._ZN6SdFile4syncEv
                0x00002368       0x8a ./libraries/SD/utility/SdFile.o
                0x00002368                _ZN6SdFile4syncEv
 .text._ZN6SdFile5closeEv
                0x000023f2       0x1a ./libraries/SD/utility/SdFile.o
                0x000023f2                _ZN6SdFile5closeEv
 .text._ZN6SdFile8truncateEm
                0x0000240c      0x162 ./libraries/SD/utility/SdFile.o
                0x0000240c                _ZN6SdFile8truncateEm
 .text._ZN6SdFile15openCachedEntryEhh
                0x0000256e       0xd8 ./libraries/SD/utility/SdFile.o
                0x0000256e                _ZN6SdFile15openCachedEntryEhh
 .text._ZN6SdFile4openEPS_PKch
                0x00002646      0x1be ./libraries/SD/utility/SdFile.o
                0x00002646                _ZN6SdFile4openEPS_PKch
 .text._ZN6SdFile5writeEPKvj
                0x00002804      0x330 ./libraries/SD/utility/SdFile.o
                0x00002804                _ZN6SdFile5writeEPKvj
 .text._ZN6SdFile5writeEh
                0x00002b34       0x20 ./libraries/SD/utility/SdFile.o
                0x00002b34                _ZN6SdFile5writeEh
 .text._ZN8SdVolume10cacheFlushEv
                0x00002b54       0x72 ./libraries/SD/utility/SdVolume.o
                0x00002b54                _ZN8SdVolume10cacheFlushEv
 .text._ZN8SdVolume13cacheRawBlockEmh
                0x00002bc6       0x72 ./libraries/SD/utility/SdVolume.o
                0x00002bc6                _ZN8SdVolume13cacheRawBlockEmh
 .text._ZN8SdVolume14cacheZeroBlockEm
                0x00002c38       0x4a ./libraries/SD/utility/SdVolume.o
                0x00002c38                _ZN8SdVolume14cacheZeroBlockEm
 .text._ZNK8SdVolume6fatGetEmPm
                0x00002c82      0x106 ./libraries/SD/utility/SdVolume.o
                0x00002c82                _ZNK8SdVolume6fatGetEmPm
 .text._ZNK8SdVolume9chainSizeEmPm
                0x00002d88       0xd4 ./libraries/SD/utility/SdVolume.o
                0x00002d88                _ZNK8SdVolume9chainSizeEmPm
 .text._ZN8SdVolume6fatPutEmm
                0x00002e5c      0x140 ./libraries/SD/utility/SdVolume.o
                0x00002e5c                _ZN8SdVolume6fatPutEmm
 .text._ZN8SdVolume15allocContiguousEmPm
                0x00002f9c      0x222 ./libraries/SD/utility/SdVolume.o
                0x00002f9c                _ZN8SdVolume15allocContiguousEmPm
 .text._ZN8SdVolume9freeChainEm
                0x000031be       0xa8 ./libraries/SD/utility/SdVolume.o
                0x000031be                _ZN8SdVolume9freeChainEm
 .text._ZN8SdVolume4initEP7Sd2Cardh
                0x00003266      0x224 ./libraries/SD/utility/SdVolume.o
                0x00003266                _ZN8SdVolume4initEP7Sd2Cardh
 .text._ZN4File5writeEh
                0x0000348a       0x2c ./libraries/SD/File.o
                0x0000348a                _ZN4File5writeEh
 .text._ZN4File5writeEPKhj
                0x000034b6       0x34 ./libraries/SD/File.o
                0x000034b6                _ZN4File5writeEPKhj
 .text._ZN4File5flushEv
                0x000034ea       0x10 ./libraries/SD/File.o
                0x000034ea                _ZN4File5flushEv
 .text._ZN6SdFile4readEv
                0x000034fa       0x2e ./libraries/SD/File.o
                0x000034fa                _ZN6SdFile4readEv
 .text._ZN4File4readEv
                0x00003528       0x12 ./libraries/SD/File.o
                0x00003528                _ZN4File4readEv
 .text._ZN4File4peekEv
                0x0000353a       0x54 ./libraries/SD/File.o
                0x0000353a                _ZN4File4peekEv
 .text._ZN4FileC2E6SdFilePKc
                0x0000358e       0x72 ./libraries/SD/File.o
                0x0000358e                _ZN4FileC1E6SdFilePKc
                0x0000358e                _ZN4FileC2E6SdFilePKc
 .text._ZN4FileC2Ev
                0x00003600       0x26 ./libraries/SD/File.o
                0x00003600                _ZN4FileC2Ev
                0x00003600                _ZN4FileC1Ev
 .text._ZN4File8positionEv
                0x00003626       0x20 ./libraries/SD/File.o
                0x00003626                _ZN4File8positionEv
 .text._ZN4File4sizeEv
                0x00003646       0x20 ./libraries/SD/File.o
                0x00003646                _ZN4File4sizeEv
 .text._ZN4File9availableEv
                0x00003666       0x5a ./libraries/SD/File.o
                0x00003666                _ZN4File9availableEv
 .text._ZN4File5closeEv
                0x000036c0       0x24 ./libraries/SD/File.o
                0x000036c0                _ZN4File5closeEv
 .text._ZN4FilecvbEv
                0x000036e4       0x1a ./libraries/SD/File.o
                0x000036e4                _ZN4FilecvbEv
 .text._ZN7SDClass5beginEh
                0x000036fe       0x5a ./libraries/SD/SD.o
                0x000036fe                _ZN7SDClass5beginEh
 .text._ZN6SdFileC2ERKS_
                0x00003758       0xa2 ./libraries/SD/SD.o
                0x00003758                _ZN6SdFileC1ERKS_
                0x00003758                _ZN6SdFileC2ERKS_
 .text._ZN7SDClass12getParentDirEPKcPi
                0x000037fa      0x12e ./libraries/SD/SD.o
                0x000037fa                _ZN7SDClass12getParentDirEPKcPi
 .text._ZN7SDClass4openEPKch
                0x00003928      0x112 ./libraries/SD/SD.o
                0x00003928                _ZN7SDClass4openEPKch
 .text.startup._GLOBAL__sub_I__Z20getNextPathComponentPcPjS_
                0x00003a3a       0x46 ./libraries/SD/SD.o
 .text._ZN8DateTimeC2El
                0x00003a80       0xb4 ./libraries/RTC-MCP7940/MCP7940.o
                0x00003a80                _ZN8DateTimeC1El
                0x00003a80                _ZN8DateTimeC2El
 .text._ZN8DateTimeC2Ejhhhhh
                0x00003b34       0x28 ./libraries/RTC-MCP7940/MCP7940.o
                0x00003b34                _ZN8DateTimeC2Ejhhhhh
                0x00003b34                _ZN8DateTimeC1Ejhhhhh
 .text._ZN11RTC_MCP79405beginEv
                0x00003b5c        0x8 ./libraries/RTC-MCP7940/MCP7940.o
                0x00003b5c                _ZN11RTC_MCP79405beginEv
 .text._ZN11RTC_MCP79406adjustERK8DateTime
                0x00003b64       0xd8 ./libraries/RTC-MCP7940/MCP7940.o
                0x00003b64                _ZN11RTC_MCP79406adjustERK8DateTime
 .text._ZN11RTC_MCP79405issetEv
                0x00003c3c       0x44 ./libraries/RTC-MCP7940/MCP7940.o
                0x00003c3c                _ZN11RTC_MCP79405issetEv
 .text._ZN11RTC_MCP79403nowEv
                0x00003c80      0x12e ./libraries/RTC-MCP7940/MCP7940.o
                0x00003c80                _ZN11RTC_MCP79403nowEv
 .text._Z7pushLog6String
                0x00003dae       0x5e ./trapapoul.o
                0x00003dae                _Z7pushLog6String
 .text._Z9printDatev
                0x00003e0c       0x88 ./trapapoul.o
                0x00003e0c                _Z9printDatev
 .text._Z9printTimev
                0x00003e94       0x94 ./trapapoul.o
                0x00003e94                _Z9printTimev
 .text._Z10motorAlignv
                0x00003f28      0x228 ./trapapoul.o
                0x00003f28                _Z10motorAlignv
 .text._Z9motorInitv
                0x00004150       0x22 ./trapapoul.o
                0x00004150                _Z9motorInitv
 .text._Z9motorGoToi
                0x00004172      0x3b8 ./trapapoul.o
                0x00004172                _Z9motorGoToi
 .text._Z9motorTurni
                0x0000452a        0xe ./trapapoul.o
                0x0000452a                _Z9motorTurni
 .text.startup._GLOBAL__sub_I_calendar
                0x00004538       0x18 ./trapapoul.o
 .text.exit._GLOBAL__sub_D_calendar
                0x00004550        0x8 ./trapapoul.o
 .text._Z12serialSetRtcv
                0x00004558      0x1cc ./trapapoul.o
                0x00004558                _Z12serialSetRtcv
 .text.setup    0x00004724      0x1fc ./trapapoul.o
                0x00004724                setup
 .text.loop     0x00004920      0x3aa ./trapapoul.o
                0x00004920                loop
 .text.libgcc.div
                0x00004cca       0x18 c:/program files (x86)/arduino/hardware/tools/avr/bin/../lib/gcc/avr/4.8.1/avr5\libgcc.a(_udivmodqi4.o)
                0x00004cca                __udivmodqi4
 .text.libgcc.div
                0x00004ce2       0x28 c:/program files (x86)/arduino/hardware/tools/avr/bin/../lib/gcc/avr/4.8.1/avr5\libgcc.a(_udivmodhi4.o)
                0x00004ce2                __udivmodhi4
 .text.libgcc.div
                0x00004d0a       0x26 c:/program files (x86)/arduino/hardware/tools/avr/bin/../lib/gcc/avr/4.8.1/avr5\libgcc.a(_divmodhi4.o)
                0x00004d0a                _div
                0x00004d0a                __divmodhi4
 .text.libgcc.div
                0x00004d30       0x44 c:/program files (x86)/arduino/hardware/tools/avr/bin/../lib/gcc/avr/4.8.1/avr5\libgcc.a(_udivmodsi4.o)
                0x00004d30                __udivmodsi4
 .text.libgcc.div
                0x00004d74       0x28 c:/program files (x86)/arduino/hardware/tools/avr/bin/../lib/gcc/avr/4.8.1/avr5\libgcc.a(_divmodsi4.o)
                0x00004d74                __divmodsi4
 .text.libgcc.div
                0x00004d9c       0x10 c:/program files (x86)/arduino/hardware/tools/avr/bin/../lib/gcc/avr/4.8.1/avr5\libgcc.a(_negsi2.o)
                0x00004d9c                __negsi2
 .text.libgcc   0x00004dac        0xc c:/program files (x86)/arduino/hardware/tools/avr/bin/../lib/gcc/avr/4.8.1/avr5\libgcc.a(_tablejump.o)
                0x00004dac                __tablejump2__
                0x00004db0                __tablejump__
 .text.libgcc.mul
                0x00004db8       0x1e c:/program files (x86)/arduino/hardware/tools/avr/bin/../lib/gcc/avr/4.8.1/avr5\libgcc.a(_umulhisi3.o)
                0x00004db8                __umulhisi3
 .text.libgcc.mul
                0x00004dd6       0x14 c:/program files (x86)/arduino/hardware/tools/avr/bin/../lib/gcc/avr/4.8.1/avr5\libgcc.a(_muluhisi3.o)
                0x00004dd6                __muluhisi3
 .text.avr-libc
                0x00004dea      0x24e c:/program files (x86)/arduino/hardware/tools/avr/bin/../lib/gcc/avr/4.8.1/../../../../avr/lib/avr5\libc.a(malloc.o)
                0x00004dea                malloc
                0x00004f1a                free
 .text.avr-libc
                0x00005038      0x186 c:/program files (x86)/arduino/hardware/tools/avr/bin/../lib/gcc/avr/4.8.1/../../../../avr/lib/avr5\libc.a(realloc.o)
                0x00005038                realloc
 .text.avr-libc
                0x000051be       0x1a c:/program files (x86)/arduino/hardware/tools/avr/bin/../lib/gcc/avr/4.8.1/../../../../avr/lib/avr5\libc.a(memcmp.o)
                0x000051be                memcmp
 .text.avr-libc
                0x000051d8       0x12 c:/program files (x86)/arduino/hardware/tools/avr/bin/../lib/gcc/avr/4.8.1/../../../../avr/lib/avr5\libc.a(memcpy.o)
                0x000051d8                memcpy
 .text.avr-libc
                0x000051ea       0x16 c:/program files (x86)/arduino/hardware/tools/avr/bin/../lib/gcc/avr/4.8.1/../../../../avr/lib/avr5\libc.a(strchr.o)
                0x000051ea                strchr
 .text.avr-libc
                0x00005200        0xe c:/program files (x86)/arduino/hardware/tools/avr/bin/../lib/gcc/avr/4.8.1/../../../../avr/lib/avr5\libc.a(strcpy.o)
                0x00005200                strcpy
 .text.avr-libc
                0x0000520e       0x1e c:/program files (x86)/arduino/hardware/tools/avr/bin/../lib/gcc/avr/4.8.1/../../../../avr/lib/avr5\libc.a(strncpy.o)
                0x0000520e                strncpy
 .text.avr-libc
                0x0000522c       0x14 c:/program files (x86)/arduino/hardware/tools/avr/bin/../lib/gcc/avr/4.8.1/../../../../avr/lib/avr5\libc.a(itoa.o)
                0x0000522c                __itoa
                0x0000522c                itoa
 .text.avr-libc
                0x00005240       0x14 c:/program files (x86)/arduino/hardware/tools/avr/bin/../lib/gcc/avr/4.8.1/../../../../avr/lib/avr5\libc.a(itoa_ncheck.o)
                0x00005240                __itoa_ncheck
 .text.avr-libc
                0x00005254       0x14 c:/program files (x86)/arduino/hardware/tools/avr/bin/../lib/gcc/avr/4.8.1/../../../../avr/lib/avr5\libc.a(utoa.o)
                0x00005254                __utoa
                0x00005254                utoa
 .text.avr-libc
                0x00005268       0x32 c:/program files (x86)/arduino/hardware/tools/avr/bin/../lib/gcc/avr/4.8.1/../../../../avr/lib/avr5\libc.a(utoa_ncheck.o)
                0x00005268                __utoa_ncheck
                0x0000526a                __utoa_common
 .text.avr-libc
                0x0000529a       0x20 c:/program files (x86)/arduino/hardware/tools/avr/bin/../lib/gcc/avr/4.8.1/../../../../avr/lib/avr5\libc.a(strrev.o)
                0x0000529a                strrev
 .text.libgcc.prologue
                0x000052ba       0x38 c:/program files (x86)/arduino/hardware/tools/avr/bin/../lib/gcc/avr/4.8.1/avr5\libgcc.a(_prologue.o)
                0x000052ba                __prologue_saves__
 .text.libgcc.prologue
                0x000052f2       0x36 c:/program files (x86)/arduino/hardware/tools/avr/bin/../lib/gcc/avr/4.8.1/avr5\libgcc.a(_epilogue.o)
                0x000052f2                __epilogue_restores__
                0x00005328                . = ALIGN (0x2)
 *(.fini9)
 .fini9         0x00005328        0x0 c:/program files (x86)/arduino/hardware/tools/avr/bin/../lib/gcc/avr/4.8.1/avr5\libgcc.a(_exit.o)
                0x00005328                _exit
                0x00005328                exit
 *(.fini9)
 *(.fini8)
 *(.fini8)
 *(.fini7)
 *(.fini7)
 *(.fini6)
 .fini6         0x00005328       0x14 c:/program files (x86)/arduino/hardware/tools/avr/bin/../lib/gcc/avr/4.8.1/avr5\libgcc.a(_dtors.o)
                0x00005328                __do_global_dtors
 *(.fini6)
 *(.fini5)
 *(.fini5)
 *(.fini4)
 *(.fini4)
 *(.fini3)
 *(.fini3)
 *(.fini2)
 *(.fini2)
 *(.fini1)
 *(.fini1)
 *(.fini0)
 .fini0         0x0000533c        0x4 c:/program files (x86)/arduino/hardware/tools/avr/bin/../lib/gcc/avr/4.8.1/avr5\libgcc.a(_exit.o)
 *(.fini0)
                0x00005340                _etext = .

.data           0x00800100      0x140 load address 0x00005340
                0x00800100                PROVIDE (__data_start, .)
 *(.data)
 .data          0x00800100        0x0 c:/program files (x86)/arduino/hardware/tools/avr/bin/../lib/gcc/avr/4.8.1/../../../../avr/lib/avr5/crtm328p.o
 .data          0x00800100        0x0 ./libraries/core/CDC.o
 .data          0x00800100        0x0 ./libraries/core/HID.o
 .data          0x00800100        0x0 ./libraries/core/HardwareSerial.o
 .data          0x00800100        0x0 ./libraries/core/HardwareSerial0.o
 .data          0x00800100        0x0 ./libraries/core/HardwareSerial1.o
 .data          0x00800100        0x0 ./libraries/core/HardwareSerial2.o
 .data          0x00800100        0x0 ./libraries/core/HardwareSerial3.o
 .data          0x00800100        0x0 ./libraries/core/IPAddress.o
 .data          0x00800100        0x0 ./libraries/core/Print.o
 .data          0x00800100        0x0 ./libraries/core/Stream.o
 .data          0x00800100        0x0 ./libraries/core/Tone.o
 .data          0x00800100        0x0 ./libraries/core/USBCore.o
 .data          0x00800100        0x0 ./libraries/core/WInterrupts.o
 .data          0x00800100        0x0 ./libraries/core/WMath.o
 .data          0x00800100        0x0 ./libraries/core/WString.o
 .data          0x00800100        0x0 ./libraries/core/abi.o
 .data          0x00800100        0x0 ./libraries/core/hooks.o
 .data          0x00800100        0x0 ./libraries/core/main.o
 .data          0x00800100        0x0 ./libraries/core/new.o
 .data          0x00800100        0x0 ./libraries/core/wiring.o
 .data          0x00800100        0x0 ./libraries/core/wiring_analog.o
 .data          0x00800100        0x0 ./libraries/core/wiring_digital.o
 .data          0x00800100        0x0 ./libraries/core/wiring_pulse.o
 .data          0x00800100        0x0 ./libraries/core/wiring_shift.o
 .data          0x00800100        0x0 ./libraries/Wire/utility/twi.o
 .data          0x00800100        0x0 ./libraries/Wire/Wire.o
 .data          0x00800100        0x0 ./libraries/TimerOne/TimerOne.o
 .data          0x00800100        0x0 ./libraries/Time/DateStrings.o
 .data          0x00800100        0x0 ./libraries/Time/Time.o
 .data          0x00800100        0x0 ./libraries/SPI/SPI.o
 .data          0x00800100        0x0 ./libraries/SD/utility/Sd2Card.o
 .data          0x00800100        0x0 ./libraries/SD/utility/SdFile.o
 .data          0x00800100        0x0 ./libraries/SD/utility/SdVolume.o
 .data          0x00800100        0x0 ./libraries/SD/File.o
 .data          0x00800100        0x0 ./libraries/SD/SD.o
 .data          0x00800100        0x0 ./libraries/RTC-MCP7940/MCP7940.o
 .data          0x00800100        0x0 ./libraries/LiquidCrystal/src/LiquidCrystal.o
 .data          0x00800100        0x0 ./trapapoul.o
 .data          0x00800100        0x0 c:/program files (x86)/arduino/hardware/tools/avr/bin/../lib/gcc/avr/4.8.1/avr5\libgcc.a(_mulsi3.o)
 .data          0x00800100        0x0 c:/program files (x86)/arduino/hardware/tools/avr/bin/../lib/gcc/avr/4.8.1/avr5\libgcc.a(_udivmodqi4.o)
 .data          0x00800100        0x0 c:/program files (x86)/arduino/hardware/tools/avr/bin/../lib/gcc/avr/4.8.1/avr5\libgcc.a(_udivmodhi4.o)
 .data          0x00800100        0x0 c:/program files (x86)/arduino/hardware/tools/avr/bin/../lib/gcc/avr/4.8.1/avr5\libgcc.a(_divmodhi4.o)
 .data          0x00800100        0x0 c:/program files (x86)/arduino/hardware/tools/avr/bin/../lib/gcc/avr/4.8.1/avr5\libgcc.a(_udivmodsi4.o)
 .data          0x00800100        0x0 c:/program files (x86)/arduino/hardware/tools/avr/bin/../lib/gcc/avr/4.8.1/avr5\libgcc.a(_divmodsi4.o)
 .data          0x00800100        0x0 c:/program files (x86)/arduino/hardware/tools/avr/bin/../lib/gcc/avr/4.8.1/avr5\libgcc.a(_negsi2.o)
 .data          0x00800100        0x0 c:/program files (x86)/arduino/hardware/tools/avr/bin/../lib/gcc/avr/4.8.1/avr5\libgcc.a(_exit.o)
 .data          0x00800100        0x0 c:/program files (x86)/arduino/hardware/tools/avr/bin/../lib/gcc/avr/4.8.1/avr5\libgcc.a(_tablejump.o)
 .data          0x00800100        0x0 c:/program files (x86)/arduino/hardware/tools/avr/bin/../lib/gcc/avr/4.8.1/avr5\libgcc.a(_copy_data.o)
 .data          0x00800100        0x0 c:/program files (x86)/arduino/hardware/tools/avr/bin/../lib/gcc/avr/4.8.1/avr5\libgcc.a(_clear_bss.o)
 .data          0x00800100        0x0 c:/program files (x86)/arduino/hardware/tools/avr/bin/../lib/gcc/avr/4.8.1/avr5\libgcc.a(_ctors.o)
 .data          0x00800100        0x0 c:/program files (x86)/arduino/hardware/tools/avr/bin/../lib/gcc/avr/4.8.1/avr5\libgcc.a(_dtors.o)
 .data          0x00800100        0x0 c:/program files (x86)/arduino/hardware/tools/avr/bin/../lib/gcc/avr/4.8.1/avr5\libgcc.a(_umulhisi3.o)
 .data          0x00800100        0x0 c:/program files (x86)/arduino/hardware/tools/avr/bin/../lib/gcc/avr/4.8.1/avr5\libgcc.a(_muluhisi3.o)
 .data          0x00800100        0x0 c:/program files (x86)/arduino/hardware/tools/avr/bin/../lib/gcc/avr/4.8.1/avr5\libgcc.a(_mulshisi3.o)
 .data          0x00800100        0x0 c:/program files (x86)/arduino/hardware/tools/avr/bin/../lib/gcc/avr/4.8.1/../../../../avr/lib/avr5\libm.a(addsf3.o)
 .data          0x00800100        0x0 c:/program files (x86)/arduino/hardware/tools/avr/bin/../lib/gcc/avr/4.8.1/../../../../avr/lib/avr5\libm.a(addsf3x.o)
 .data          0x00800100        0x0 c:/program files (x86)/arduino/hardware/tools/avr/bin/../lib/gcc/avr/4.8.1/../../../../avr/lib/avr5\libm.a(cmpsf2.o)
 .data          0x00800100        0x0 c:/program files (x86)/arduino/hardware/tools/avr/bin/../lib/gcc/avr/4.8.1/../../../../avr/lib/avr5\libm.a(divsf3.o)
 .data          0x00800100        0x0 c:/program files (x86)/arduino/hardware/tools/avr/bin/../lib/gcc/avr/4.8.1/../../../../avr/lib/avr5\libm.a(divsf3x.o)
 .data          0x00800100        0x0 c:/program files (x86)/arduino/hardware/tools/avr/bin/../lib/gcc/avr/4.8.1/../../../../avr/lib/avr5\libm.a(fixsfsi.o)
 .data          0x00800100        0x0 c:/program files (x86)/arduino/hardware/tools/avr/bin/../lib/gcc/avr/4.8.1/../../../../avr/lib/avr5\libm.a(fixunssfsi.o)
 .data          0x00800100        0x0 c:/program files (x86)/arduino/hardware/tools/avr/bin/../lib/gcc/avr/4.8.1/../../../../avr/lib/avr5\libm.a(floatsisf.o)
 .data          0x00800100        0x0 c:/program files (x86)/arduino/hardware/tools/avr/bin/../lib/gcc/avr/4.8.1/../../../../avr/lib/avr5\libm.a(fp_cmp.o)
 .data          0x00800100        0x0 c:/program files (x86)/arduino/hardware/tools/avr/bin/../lib/gcc/avr/4.8.1/../../../../avr/lib/avr5\libm.a(fp_inf.o)
 .data          0x00800100        0x0 c:/program files (x86)/arduino/hardware/tools/avr/bin/../lib/gcc/avr/4.8.1/../../../../avr/lib/avr5\libm.a(fp_nan.o)
 .data          0x00800100        0x0 c:/program files (x86)/arduino/hardware/tools/avr/bin/../lib/gcc/avr/4.8.1/../../../../avr/lib/avr5\libm.a(fp_pscA.o)
 .data          0x00800100        0x0 c:/program files (x86)/arduino/hardware/tools/avr/bin/../lib/gcc/avr/4.8.1/../../../../avr/lib/avr5\libm.a(fp_pscB.o)
 .data          0x00800100        0x0 c:/program files (x86)/arduino/hardware/tools/avr/bin/../lib/gcc/avr/4.8.1/../../../../avr/lib/avr5\libm.a(fp_round.o)
 .data          0x00800100        0x0 c:/program files (x86)/arduino/hardware/tools/avr/bin/../lib/gcc/avr/4.8.1/../../../../avr/lib/avr5\libm.a(fp_split3.o)
 .data          0x00800100        0x0 c:/program files (x86)/arduino/hardware/tools/avr/bin/../lib/gcc/avr/4.8.1/../../../../avr/lib/avr5\libm.a(fp_zero.o)
 .data          0x00800100        0x0 c:/program files (x86)/arduino/hardware/tools/avr/bin/../lib/gcc/avr/4.8.1/../../../../avr/lib/avr5\libm.a(gesf2.o)
 .data          0x00800100        0x0 c:/program files (x86)/arduino/hardware/tools/avr/bin/../lib/gcc/avr/4.8.1/../../../../avr/lib/avr5\libm.a(mulsf3.o)
 .data          0x00800100        0x0 c:/program files (x86)/arduino/hardware/tools/avr/bin/../lib/gcc/avr/4.8.1/../../../../avr/lib/avr5\libm.a(mulsf3x.o)
 .data          0x00800100        0x0 c:/program files (x86)/arduino/hardware/tools/avr/bin/../lib/gcc/avr/4.8.1/../../../../avr/lib/avr5\libm.a(unordsf2.o)
 .data          0x00800100        0x0 c:/program files (x86)/arduino/hardware/tools/avr/bin/../lib/gcc/avr/4.8.1/../../../../avr/lib/avr5\libc.a(dtostrf.o)
 .data          0x00800100        0x6 c:/program files (x86)/arduino/hardware/tools/avr/bin/../lib/gcc/avr/4.8.1/../../../../avr/lib/avr5\libc.a(malloc.o)
                0x00800100                __malloc_heap_end
                0x00800102                __malloc_heap_start
                0x00800104                __malloc_margin
 .data          0x00800106        0x4 c:/program files (x86)/arduino/hardware/tools/avr/bin/../lib/gcc/avr/4.8.1/../../../../avr/lib/avr5\libc.a(random.o)
 .data          0x0080010a        0x0 c:/program files (x86)/arduino/hardware/tools/avr/bin/../lib/gcc/avr/4.8.1/../../../../avr/lib/avr5\libc.a(realloc.o)
 .data          0x0080010a        0x0 c:/program files (x86)/arduino/hardware/tools/avr/bin/../lib/gcc/avr/4.8.1/../../../../avr/lib/avr5\libc.a(abort.o)
 .data          0x0080010a        0x0 c:/program files (x86)/arduino/hardware/tools/avr/bin/../lib/gcc/avr/4.8.1/../../../../avr/lib/avr5\libc.a(atof.o)
 .data          0x0080010a        0x0 c:/program files (x86)/arduino/hardware/tools/avr/bin/../lib/gcc/avr/4.8.1/../../../../avr/lib/avr5\libc.a(atol.o)
 .data          0x0080010a        0x0 c:/program files (x86)/arduino/hardware/tools/avr/bin/../lib/gcc/avr/4.8.1/../../../../avr/lib/avr5\libc.a(isspace.o)
 .data          0x0080010a        0x0 c:/program files (x86)/arduino/hardware/tools/avr/bin/../lib/gcc/avr/4.8.1/../../../../avr/lib/avr5\libc.a(tolower.o)
 .data          0x0080010a        0x0 c:/program files (x86)/arduino/hardware/tools/avr/bin/../lib/gcc/avr/4.8.1/../../../../avr/lib/avr5\libc.a(toupper.o)
 .data          0x0080010a        0x0 c:/program files (x86)/arduino/hardware/tools/avr/bin/../lib/gcc/avr/4.8.1/../../../../avr/lib/avr5\libc.a(strcpy_P.o)
 .data          0x0080010a        0x0 c:/program files (x86)/arduino/hardware/tools/avr/bin/../lib/gcc/avr/4.8.1/../../../../avr/lib/avr5\libc.a(strlen_P.o)
 .data          0x0080010a        0x0 c:/program files (x86)/arduino/hardware/tools/avr/bin/../lib/gcc/avr/4.8.1/../../../../avr/lib/avr5\libc.a(memcmp.o)
 .data          0x0080010a        0x0 c:/program files (x86)/arduino/hardware/tools/avr/bin/../lib/gcc/avr/4.8.1/../../../../avr/lib/avr5\libc.a(memcpy.o)
 .data          0x0080010a        0x0 c:/program files (x86)/arduino/hardware/tools/avr/bin/../lib/gcc/avr/4.8.1/../../../../avr/lib/avr5\libc.a(memmove.o)
 .data          0x0080010a        0x0 c:/program files (x86)/arduino/hardware/tools/avr/bin/../lib/gcc/avr/4.8.1/../../../../avr/lib/avr5\libc.a(strchr.o)
 .data          0x0080010a        0x0 c:/program files (x86)/arduino/hardware/tools/avr/bin/../lib/gcc/avr/4.8.1/../../../../avr/lib/avr5\libc.a(strcmp.o)
 .data          0x0080010a        0x0 c:/program files (x86)/arduino/hardware/tools/avr/bin/../lib/gcc/avr/4.8.1/../../../../avr/lib/avr5\libc.a(strcpy.o)
 .data          0x0080010a        0x0 c:/program files (x86)/arduino/hardware/tools/avr/bin/../lib/gcc/avr/4.8.1/../../../../avr/lib/avr5\libc.a(strncmp.o)
 .data          0x0080010a        0x0 c:/program files (x86)/arduino/hardware/tools/avr/bin/../lib/gcc/avr/4.8.1/../../../../avr/lib/avr5\libc.a(strncpy.o)
 .data          0x0080010a        0x0 c:/program files (x86)/arduino/hardware/tools/avr/bin/../lib/gcc/avr/4.8.1/../../../../avr/lib/avr5\libc.a(strrchr.o)
 .data          0x0080010a        0x0 c:/program files (x86)/arduino/hardware/tools/avr/bin/../lib/gcc/avr/4.8.1/../../../../avr/lib/avr5\libc.a(strstr.o)
 .data          0x0080010a        0x0 c:/program files (x86)/arduino/hardware/tools/avr/bin/../lib/gcc/avr/4.8.1/../../../../avr/lib/avr5\libc.a(itoa.o)
 .data          0x0080010a        0x0 c:/program files (x86)/arduino/hardware/tools/avr/bin/../lib/gcc/avr/4.8.1/../../../../avr/lib/avr5\libc.a(itoa_ncheck.o)
 .data          0x0080010a        0x0 c:/program files (x86)/arduino/hardware/tools/avr/bin/../lib/gcc/avr/4.8.1/../../../../avr/lib/avr5\libc.a(ltoa.o)
 .data          0x0080010a        0x0 c:/program files (x86)/arduino/hardware/tools/avr/bin/../lib/gcc/avr/4.8.1/../../../../avr/lib/avr5\libc.a(ltoa_ncheck.o)
 .data          0x0080010a        0x0 c:/program files (x86)/arduino/hardware/tools/avr/bin/../lib/gcc/avr/4.8.1/../../../../avr/lib/avr5\libc.a(mulsi10.o)
 .data          0x0080010a        0x0 c:/program files (x86)/arduino/hardware/tools/avr/bin/../lib/gcc/avr/4.8.1/../../../../avr/lib/avr5\libc.a(ultoa.o)
 .data          0x0080010a        0x0 c:/program files (x86)/arduino/hardware/tools/avr/bin/../lib/gcc/avr/4.8.1/../../../../avr/lib/avr5\libc.a(ultoa_ncheck.o)
 .data          0x0080010a        0x0 c:/program files (x86)/arduino/hardware/tools/avr/bin/../lib/gcc/avr/4.8.1/../../../../avr/lib/avr5\libc.a(utoa.o)
 .data          0x0080010a        0x0 c:/program files (x86)/arduino/hardware/tools/avr/bin/../lib/gcc/avr/4.8.1/../../../../avr/lib/avr5\libc.a(utoa_ncheck.o)
 .data          0x0080010a        0x0 c:/program files (x86)/arduino/hardware/tools/avr/bin/../lib/gcc/avr/4.8.1/../../../../avr/lib/avr5\libc.a(dtoa_prf.o)
 .data          0x0080010a        0x0 c:/program files (x86)/arduino/hardware/tools/avr/bin/../lib/gcc/avr/4.8.1/../../../../avr/lib/avr5\libc.a(strtod.o)
 .data          0x0080010a        0x0 c:/program files (x86)/arduino/hardware/tools/avr/bin/../lib/gcc/avr/4.8.1/../../../../avr/lib/avr5\libc.a(ftoa_engine.o)
 .data          0x0080010a        0x0 c:/program files (x86)/arduino/hardware/tools/avr/bin/../lib/gcc/avr/4.8.1/../../../../avr/lib/avr5\libc.a(cty_isfalse.o)
 .data          0x0080010a        0x0 c:/program files (x86)/arduino/hardware/tools/avr/bin/../lib/gcc/avr/4.8.1/../../../../avr/lib/avr5\libc.a(strncasecmp_P.o)
 .data          0x0080010a        0x0 c:/program files (x86)/arduino/hardware/tools/avr/bin/../lib/gcc/avr/4.8.1/../../../../avr/lib/avr5\libc.a(strrev.o)
 .data          0x0080010a        0x0 c:/program files (x86)/arduino/hardware/tools/avr/bin/../lib/gcc/avr/4.8.1/../../../../avr/lib/avr5\libc.a(errno.o)
 .data          0x0080010a        0x0 c:/program files (x86)/arduino/hardware/tools/avr/bin/../lib/gcc/avr/4.8.1/avr5\libgcc.a(_prologue.o)
 .data          0x0080010a        0x0 c:/program files (x86)/arduino/hardware/tools/avr/bin/../lib/gcc/avr/4.8.1/avr5\libgcc.a(_epilogue.o)
 *(.data*)
 .data._ZL9tone_pins
                0x0080010a        0x1 ./libraries/core/Tone.o
 .data._ZN8TimerOne11isrCallbackE
                0x0080010b        0x2 ./libraries/TimerOne/TimerOne.o
                0x0080010b                _ZN8TimerOne11isrCallbackE
 .data._ZN8SdVolume17cacheBlockNumber_E
                0x0080010d        0x4 ./libraries/SD/utility/SdVolume.o
                0x0080010d                _ZN8SdVolume17cacheBlockNumber_E
 *(.rodata)
 *(.rodata*)
 .rodata._ZTV14HardwareSerial
                0x00800111       0x10 ./libraries/core/HardwareSerial.o
                0x00800111                _ZTV14HardwareSerial
 .rodata._ZTV9IPAddress
                0x00800121        0x6 ./libraries/core/IPAddress.o
                0x00800121                _ZTV9IPAddress
 .rodata.str1.1
                0x00800127       0x11 ./libraries/core/Print.o
 .rodata._ZTV7TwoWire
                0x00800138       0x10 ./libraries/Wire/Wire.o
                0x00800138                _ZTV7TwoWire
 .rodata._ZTV6SdFile
                0x00800148        0x8 ./libraries/SD/utility/SdFile.o
                0x00800148                _ZTV6SdFile
 .rodata._ZTV4File
                0x00800150       0x10 ./libraries/SD/File.o
                0x00800150                _ZTV4File
 .rodata.str1.1
                0x00800160        0x2 ./libraries/SD/SD.o
 .rodata.str1.1
                0x00800162       0xde ./trapapoul.o
                                 0xe5 (size before relaxing)
 *(.gnu.linkonce.d*)
                0x00800240                . = ALIGN (0x2)
                0x00800240                _edata = .
                0x00800240                PROVIDE (__data_end, .)

.bss            0x00800240      0x3e2
                0x00800240                PROVIDE (__bss_start, .)
 *(.bss)
 *(.bss*)
 .bss.Serial    0x00800240       0x9d ./libraries/core/HardwareSerial0.o
                0x00800240                Serial
 .bss._ZL11INADDR_NONE
                0x008002dd        0x6 ./libraries/core/IPAddress.o
 .bss.timer2_pin_mask
                0x008002e3        0x1 ./libraries/core/Tone.o
                0x008002e3                timer2_pin_mask
 .bss.timer2_pin_port
                0x008002e4        0x2 ./libraries/core/Tone.o
                0x008002e4                timer2_pin_port
 .bss.timer2_toggle_count
                0x008002e6        0x4 ./libraries/core/Tone.o
                0x008002e6                timer2_toggle_count
 .bss.intFunc   0x008002ea        0x4 ./libraries/core/WInterrupts.o
 .bss.timer0_fract
                0x008002ee        0x1 ./libraries/core/wiring.o
 .bss.timer0_millis
                0x008002ef        0x4 ./libraries/core/wiring.o
                0x008002ef                timer0_millis
 .bss.timer0_overflow_count
                0x008002f3        0x4 ./libraries/core/wiring.o
                0x008002f3                timer0_overflow_count
 .bss.twi_error
                0x008002f7        0x1 ./libraries/Wire/utility/twi.o
 .bss.twi_rxBufferIndex
                0x008002f8        0x1 ./libraries/Wire/utility/twi.o
 .bss.twi_rxBuffer
                0x008002f9       0x20 ./libraries/Wire/utility/twi.o
 .bss.twi_txBufferLength
                0x00800319        0x1 ./libraries/Wire/utility/twi.o
 .bss.twi_txBufferIndex
                0x0080031a        0x1 ./libraries/Wire/utility/twi.o
 .bss.twi_txBuffer
                0x0080031b       0x20 ./libraries/Wire/utility/twi.o
 .bss.twi_masterBufferLength
                0x0080033b        0x1 ./libraries/Wire/utility/twi.o
 .bss.twi_masterBufferIndex
                0x0080033c        0x1 ./libraries/Wire/utility/twi.o
 .bss.twi_masterBuffer
                0x0080033d       0x20 ./libraries/Wire/utility/twi.o
 .bss.twi_onSlaveReceive
                0x0080035d        0x2 ./libraries/Wire/utility/twi.o
 .bss.twi_onSlaveTransmit
                0x0080035f        0x2 ./libraries/Wire/utility/twi.o
 .bss.twi_inRepStart
                0x00800361        0x1 ./libraries/Wire/utility/twi.o
 .bss.twi_sendStop
                0x00800362        0x1 ./libraries/Wire/utility/twi.o
 .bss.twi_slarw
                0x00800363        0x1 ./libraries/Wire/utility/twi.o
 .bss.twi_state
                0x00800364        0x1 ./libraries/Wire/utility/twi.o
 .bss.Wire      0x00800365        0xc ./libraries/Wire/Wire.o
                0x00800365                Wire
 .bss._ZN7TwoWire12transmittingE
                0x00800371        0x1 ./libraries/Wire/Wire.o
                0x00800371                _ZN7TwoWire12transmittingE
 .bss._ZN7TwoWire14txBufferLengthE
                0x00800372        0x1 ./libraries/Wire/Wire.o
                0x00800372                _ZN7TwoWire14txBufferLengthE
 .bss._ZN7TwoWire13txBufferIndexE
                0x00800373        0x1 ./libraries/Wire/Wire.o
                0x00800373                _ZN7TwoWire13txBufferIndexE
 .bss._ZN7TwoWire8txBufferE
                0x00800374       0x20 ./libraries/Wire/Wire.o
                0x00800374                _ZN7TwoWire8txBufferE
 .bss._ZN7TwoWire9txAddressE
                0x00800394        0x1 ./libraries/Wire/Wire.o
                0x00800394                _ZN7TwoWire9txAddressE
 .bss._ZN7TwoWire14rxBufferLengthE
                0x00800395        0x1 ./libraries/Wire/Wire.o
                0x00800395                _ZN7TwoWire14rxBufferLengthE
 .bss._ZN7TwoWire13rxBufferIndexE
                0x00800396        0x1 ./libraries/Wire/Wire.o
                0x00800396                _ZN7TwoWire13rxBufferIndexE
 .bss._ZN7TwoWire8rxBufferE
                0x00800397       0x20 ./libraries/Wire/Wire.o
                0x00800397                _ZN7TwoWire8rxBufferE
 .bss._ZN8SPIClass13interruptSaveE
                0x008003b7        0x1 ./libraries/SPI/SPI.o
                0x008003b7                _ZN8SPIClass13interruptSaveE
 .bss._ZN8SPIClass13interruptMaskE
                0x008003b8        0x1 ./libraries/SPI/SPI.o
                0x008003b8                _ZN8SPIClass13interruptMaskE
 .bss._ZN8SPIClass13interruptModeE
                0x008003b9        0x1 ./libraries/SPI/SPI.o
                0x008003b9                _ZN8SPIClass13interruptModeE
 .bss._ZN8SPIClass11initializedE
                0x008003ba        0x1 ./libraries/SPI/SPI.o
                0x008003ba                _ZN8SPIClass11initializedE
 .bss._ZL20chip_select_asserted
                0x008003bb        0x1 ./libraries/SD/utility/Sd2Card.o
 .bss._ZL8settings
                0x008003bc        0x2 ./libraries/SD/utility/Sd2Card.o
 .bss._ZN6SdFile9dateTime_E
                0x008003be        0x2 ./libraries/SD/utility/SdFile.o
                0x008003be                _ZN6SdFile9dateTime_E
 .bss._ZN8SdVolume17cacheMirrorBlock_E
                0x008003c0        0x4 ./libraries/SD/utility/SdVolume.o
                0x008003c0                _ZN8SdVolume17cacheMirrorBlock_E
 .bss._ZN8SdVolume11cacheDirty_E
                0x008003c4        0x1 ./libraries/SD/utility/SdVolume.o
                0x008003c4                _ZN8SdVolume11cacheDirty_E
 .bss._ZN8SdVolume7sdCard_E
                0x008003c5        0x2 ./libraries/SD/utility/SdVolume.o
                0x008003c5                _ZN8SdVolume7sdCard_E
 .bss._ZN8SdVolume12cacheBuffer_E
                0x008003c7      0x200 ./libraries/SD/utility/SdVolume.o
                0x008003c7                _ZN8SdVolume12cacheBuffer_E
 .bss.SD        0x008005c7       0x49 ./libraries/SD/SD.o
                0x008005c7                SD
 .bss.motorPosition
                0x00800610        0x2 ./trapapoul.o
                0x00800610                motorPosition
 .bss.calendar  0x00800612        0x6 ./trapapoul.o
                0x00800612                calendar
 .bss._ZL11logFileName
                0x00800618        0x6 ./trapapoul.o
 *(COMMON)
 COMMON         0x0080061e        0x4 c:/program files (x86)/arduino/hardware/tools/avr/bin/../lib/gcc/avr/4.8.1/../../../../avr/lib/avr5\libc.a(malloc.o)
                0x0080061e                __brkval
                0x00800620                __flp
                0x00800622                PROVIDE (__bss_end, .)
                0x00005340                __data_load_start = LOADADDR (.data)
                0x00005480                __data_load_end = (__data_load_start + SIZEOF (.data))

.noinit         0x00800622        0x0
                0x00800622                PROVIDE (__noinit_start, .)
 *(.noinit*)
                0x00800622                PROVIDE (__noinit_end, .)
                0x00800622                _end = .
                0x00800622                PROVIDE (__heap_start, .)

.eeprom         0x00810000        0x0
 *(.eeprom*)
                0x00810000                __eeprom_end = .

.fuse
 *(.fuse)
 *(.lfuse)
 *(.hfuse)
 *(.efuse)

.lock
 *(.lock*)

.signature
 *(.signature*)

.stab           0x00000000    0x1719c
 *(.stab)
 .stab          0x00000000      0x690 ./libraries/core/CDC.o
 .stab          0x00000690      0x684 ./libraries/core/HID.o
                                0x690 (size before relaxing)
 .stab          0x00000d14      0xac8 ./libraries/core/HardwareSerial.o
                                0xc24 (size before relaxing)
 .stab          0x000017dc      0x81c ./libraries/core/HardwareSerial0.o
                                0x828 (size before relaxing)
 .stab          0x00001ff8      0x690 ./libraries/core/HardwareSerial1.o
                                0x69c (size before relaxing)
 .stab          0x00002688      0x690 ./libraries/core/HardwareSerial2.o
                                0x69c (size before relaxing)
 .stab          0x00002d18      0x690 ./libraries/core/HardwareSerial3.o
                                0x69c (size before relaxing)
 .stab          0x000033a8      0x810 ./libraries/core/IPAddress.o
                                0xa5c (size before relaxing)
 .stab          0x00003bb8      0xa38 ./libraries/core/Print.o
                               0x1344 (size before relaxing)
 .stab          0x000045f0      0x858 ./libraries/core/Stream.o
                               0x12b4 (size before relaxing)
 .stab          0x00004e48      0x8c4 ./libraries/core/Tone.o
                                0xd80 (size before relaxing)
 .stab          0x0000570c      0x684 ./libraries/core/USBCore.o
                                0x690 (size before relaxing)
 .stab          0x00005d90      0x6c0 ./libraries/core/WInterrupts.o
                                0x7d4 (size before relaxing)
 .stab          0x00006450      0x348 ./libraries/core/WMath.o
                                0x528 (size before relaxing)
 .stab          0x00006798      0xbdc ./libraries/core/WString.o
                               0x2c04 (size before relaxing)
 .stab          0x00007374      0x348 ./libraries/core/abi.o
                                0x3a8 (size before relaxing)
 .stab          0x000076bc      0x270 ./libraries/core/hooks.o
                                0x27c (size before relaxing)
 .stab          0x0000792c      0x708 ./libraries/core/main.o
                                0x738 (size before relaxing)
 .stab          0x00008034      0x348 ./libraries/core/new.o
                                0x420 (size before relaxing)
 .stab          0x0000837c      0x738 ./libraries/core/wiring.o
                                0xa2c (size before relaxing)
 .stab          0x00008ab4      0x2e8 ./libraries/core/wiring_analog.o
                                0x8d0 (size before relaxing)
 .stab          0x00008d9c      0x870 ./libraries/core/wiring_digital.o
                                0xb1c (size before relaxing)
 .stab          0x0000960c      0x2e8 ./libraries/core/wiring_pulse.o
                                0x894 (size before relaxing)
 .stab          0x000098f4      0x2e8 ./libraries/core/wiring_shift.o
                                0x7b0 (size before relaxing)
 .stab          0x00009bdc      0xac8 ./libraries/Wire/utility/twi.o
                                0xd8c (size before relaxing)
 .stab          0x0000a6a4      0xb7c ./libraries/Wire/Wire.o
                                0xe58 (size before relaxing)
 .stab          0x0000b220      0x720 ./libraries/TimerOne/TimerOne.o
                                0x72c (size before relaxing)
 .stab          0x0000b940      0x51c ./libraries/Time/DateStrings.o
                                0x870 (size before relaxing)
 .stab          0x0000be5c      0x66c ./libraries/Time/Time.o
                               0x135c (size before relaxing)
 .stab          0x0000c4c8      0x750 ./libraries/SPI/SPI.o
                                0xaa4 (size before relaxing)
 .stab          0x0000cc18     0x1998 ./libraries/SD/utility/Sd2Card.o
                               0x2088 (size before relaxing)
 .stab          0x0000e5b0     0x1d58 ./libraries/SD/utility/SdFile.o
                               0x3a14 (size before relaxing)
 .stab          0x00010308     0x1668 ./libraries/SD/utility/SdVolume.o
                               0x1674 (size before relaxing)
 .stab          0x00011970     0x13d4 ./libraries/SD/File.o
                               0x1524 (size before relaxing)
 .stab          0x00012d44     0x12cc ./libraries/SD/SD.o
                               0x1cb0 (size before relaxing)
 .stab          0x00014010      0xc30 ./libraries/RTC-MCP7940/MCP7940.o
                               0x123c (size before relaxing)
 .stab          0x00014c40      0x5e8 ./libraries/LiquidCrystal/src/LiquidCrystal.o
                               0x15e4 (size before relaxing)
 .stab          0x00015228     0x1f74 ./trapapoul.o
                               0x1fb0 (size before relaxing)

.stabstr        0x00000000    0x10192
 *(.stabstr)
 .stabstr       0x00000000    0x10192 ./libraries/core/CDC.o

.stab.excl
 *(.stab.excl)

.stab.exclstr
 *(.stab.exclstr)

.stab.index
 *(.stab.index)

.stab.indexstr
 *(.stab.indexstr)

.comment        0x00000000       0x11
 *(.comment)
 .comment       0x00000000       0x11 ./libraries/core/CDC.o
                                 0x12 (size before relaxing)
 .comment       0x00000011       0x12 ./libraries/core/HID.o
 .comment       0x00000011       0x12 ./libraries/core/HardwareSerial.o
 .comment       0x00000011       0x12 ./libraries/core/HardwareSerial0.o
 .comment       0x00000011       0x12 ./libraries/core/HardwareSerial1.o
 .comment       0x00000011       0x12 ./libraries/core/HardwareSerial2.o
 .comment       0x00000011       0x12 ./libraries/core/HardwareSerial3.o
 .comment       0x00000011       0x12 ./libraries/core/IPAddress.o
 .comment       0x00000011       0x12 ./libraries/core/Print.o
 .comment       0x00000011       0x12 ./libraries/core/Stream.o
 .comment       0x00000011       0x12 ./libraries/core/Tone.o
 .comment       0x00000011       0x12 ./libraries/core/USBCore.o
 .comment       0x00000011       0x12 ./libraries/core/WInterrupts.o
 .comment       0x00000011       0x12 ./libraries/core/WMath.o
 .comment       0x00000011       0x12 ./libraries/core/WString.o
 .comment       0x00000011       0x12 ./libraries/core/abi.o
 .comment       0x00000011       0x12 ./libraries/core/hooks.o
 .comment       0x00000011       0x12 ./libraries/core/main.o
 .comment       0x00000011       0x12 ./libraries/core/new.o
 .comment       0x00000011       0x12 ./libraries/core/wiring.o
 .comment       0x00000011       0x12 ./libraries/core/wiring_analog.o
 .comment       0x00000011       0x12 ./libraries/core/wiring_digital.o
 .comment       0x00000011       0x12 ./libraries/core/wiring_pulse.o
 .comment       0x00000011       0x12 ./libraries/core/wiring_shift.o
 .comment       0x00000011       0x12 ./libraries/Wire/utility/twi.o
 .comment       0x00000011       0x12 ./libraries/Wire/Wire.o
 .comment       0x00000011       0x12 ./libraries/TimerOne/TimerOne.o
 .comment       0x00000011       0x12 ./libraries/Time/DateStrings.o
 .comment       0x00000011       0x12 ./libraries/Time/Time.o
 .comment       0x00000011       0x12 ./libraries/SPI/SPI.o
 .comment       0x00000011       0x12 ./libraries/SD/utility/Sd2Card.o
 .comment       0x00000011       0x12 ./libraries/SD/utility/SdFile.o
 .comment       0x00000011       0x12 ./libraries/SD/utility/SdVolume.o
 .comment       0x00000011       0x12 ./libraries/SD/File.o
 .comment       0x00000011       0x12 ./libraries/SD/SD.o
 .comment       0x00000011       0x12 ./libraries/RTC-MCP7940/MCP7940.o
 .comment       0x00000011       0x12 ./libraries/LiquidCrystal/src/LiquidCrystal.o
 .comment       0x00000011       0x12 ./trapapoul.o
 .comment       0x00000011       0x12 c:/program files (x86)/arduino/hardware/tools/avr/bin/../lib/gcc/avr/4.8.1/../../../../avr/lib/avr5\libc.a(dtostrf.o)
 .comment       0x00000011       0x12 c:/program files (x86)/arduino/hardware/tools/avr/bin/../lib/gcc/avr/4.8.1/../../../../avr/lib/avr5\libc.a(malloc.o)
 .comment       0x00000011       0x12 c:/program files (x86)/arduino/hardware/tools/avr/bin/../lib/gcc/avr/4.8.1/../../../../avr/lib/avr5\libc.a(random.o)
 .comment       0x00000011       0x12 c:/program files (x86)/arduino/hardware/tools/avr/bin/../lib/gcc/avr/4.8.1/../../../../avr/lib/avr5\libc.a(realloc.o)
 .comment       0x00000011       0x12 c:/program files (x86)/arduino/hardware/tools/avr/bin/../lib/gcc/avr/4.8.1/../../../../avr/lib/avr5\libc.a(dtoa_prf.o)
 .comment       0x00000011       0x12 c:/program files (x86)/arduino/hardware/tools/avr/bin/../lib/gcc/avr/4.8.1/../../../../avr/lib/avr5\libc.a(strtod.o)
 .comment       0x00000011       0x12 c:/program files (x86)/arduino/hardware/tools/avr/bin/../lib/gcc/avr/4.8.1/../../../../avr/lib/avr5\libc.a(errno.o)

.note.gnu.build-id
 *(.note.gnu.build-id)

.debug
 *(.debug)

.line
 *(.line)

.debug_srcinfo
 *(.debug_srcinfo)

.debug_sfnames
 *(.debug_sfnames)

.debug_aranges
 *(.debug_aranges)

.debug_pubnames
 *(.debug_pubnames)

.debug_info
 *(.debug_info .gnu.linkonce.wi.*)

.debug_abbrev
 *(.debug_abbrev)

.debug_line
 *(.debug_line .debug_line.* .debug_line_end)

.debug_frame
 *(.debug_frame)

.debug_str
 *(.debug_str)

.debug_loc
 *(.debug_loc)

.debug_macinfo
 *(.debug_macinfo)

.debug_weaknames
 *(.debug_weaknames)

.debug_funcnames
 *(.debug_funcnames)

.debug_typenames
 *(.debug_typenames)

.debug_varnames
 *(.debug_varnames)

.debug_pubtypes
 *(.debug_pubtypes)

.debug_ranges
 *(.debug_ranges)

.debug_macro
 *(.debug_macro)
OUTPUT(trapapoul.elf elf32-avr)
LOAD linker stubs

Cross Reference Table

Symbol                                            File
RTC                                               ./trapapoul.o
SD                                                ./libraries/SD/SD.o
                                                  ./trapapoul.o
SPI                                               ./libraries/SPI/SPI.o
Serial                                            ./libraries/core/HardwareSerial0.o
                                                  ./trapapoul.o
                                                  ./libraries/SD/utility/SdFile.o
Timer1                                            ./libraries/TimerOne/TimerOne.o
Wire                                              ./libraries/Wire/Wire.o
                                                  ./libraries/RTC-MCP7940/MCP7940.o
_Z10adjustTimel                                   ./libraries/Time/Time.o
_Z10motorAlignv                                   ./trapapoul.o
_Z10randomSeedm                                   ./libraries/core/WMath.o
_Z10timeStatusv                                   ./libraries/Time/Time.o
_Z11dayShortStrh                                  ./libraries/Time/DateStrings.o
_Z11serialEventv                                  ./libraries/core/HardwareSerial.o
_Z12disableTimerh                                 ./libraries/core/Tone.o
_Z12hourFormat12m                                 ./libraries/Time/Time.o
_Z12hourFormat12v                                 ./libraries/Time/Time.o
_Z12refreshCachem                                 ./libraries/Time/Time.o
_Z12serialSetRtcv                                 ./trapapoul.o
_Z13monthShortStrh                                ./libraries/Time/DateStrings.o
_Z14callback_rmdirR6SdFilePcbPv                   ./libraries/SD/SD.o
_Z14serialEventRunv                               ./libraries/core/HardwareSerial.o
                                                  ./libraries/core/main.o
_Z14serialSetAlarmv                               ./trapapoul.o
_Z15callback_removeR6SdFilePcbPv                  ./libraries/SD/SD.o
_Z15setSyncIntervalm                              ./libraries/Time/Time.o
_Z15setSyncProviderPFmvE                          ./libraries/Time/Time.o
_Z17Serial0_availablev                            ./libraries/core/HardwareSerial0.o
                                                  ./libraries/core/HardwareSerial.o
_Z19callback_pathExistsR6SdFilePcbPv              ./libraries/SD/SD.o
_Z20callback_makeDirPathR6SdFilePcbPv             ./libraries/SD/SD.o
_Z20getNextPathComponentPcPjS_                    ./libraries/SD/SD.o
_Z3daym                                           ./libraries/Time/Time.o
_Z3dayv                                           ./libraries/Time/Time.o
_Z3maplllll                                       ./libraries/core/WMath.o
_Z3nowv                                           ./libraries/Time/Time.o
_Z4hourm                                          ./libraries/Time/Time.o
_Z4hourv                                          ./libraries/Time/Time.o
_Z4isAMm                                          ./libraries/Time/Time.o
_Z4isAMv                                          ./libraries/Time/Time.o
_Z4isPMm                                          ./libraries/Time/Time.o
_Z4isPMv                                          ./libraries/Time/Time.o
_Z4tonehjm                                        ./libraries/core/Tone.o
_Z4yearm                                          ./libraries/Time/Time.o
_Z4yearv                                          ./libraries/Time/Time.o
_Z5monthm                                         ./libraries/Time/Time.o
_Z5monthv                                         ./libraries/Time/Time.o
_Z6dayStrh                                        ./libraries/Time/DateStrings.o
_Z6minutem                                        ./libraries/Time/Time.o
_Z6minutev                                        ./libraries/Time/Time.o
_Z6noToneh                                        ./libraries/core/Tone.o
_Z6randoml                                        ./libraries/core/WMath.o
_Z6randomll                                       ./libraries/core/WMath.o
_Z6secondm                                        ./libraries/Time/Time.o
_Z6secondv                                        ./libraries/Time/Time.o
_Z7pushLog6String                                 ./trapapoul.o
_Z7setTimeiiiiii                                  ./libraries/Time/Time.o
_Z7setTimem                                       ./libraries/Time/Time.o
_Z7weekdaym                                       ./libraries/Time/Time.o
_Z7weekdayv                                       ./libraries/Time/Time.o
_Z8makeTimeR12tmElements_t                        ./libraries/Time/Time.o
_Z8makeWordhh                                     ./libraries/core/WMath.o
_Z8makeWordj                                      ./libraries/core/WMath.o
_Z8monthStrh                                      ./libraries/Time/DateStrings.o
_Z8walkPathPcR6SdFilePFbS1_S_bPvES2_              ./libraries/SD/SD.o
_Z9breakTimemR12tmElements_t                      ./libraries/Time/Time.o
_Z9motorGoToi                                     ./trapapoul.o
_Z9motorInitv                                     ./trapapoul.o
_Z9motorTurni                                     ./trapapoul.o
_Z9printDatev                                     ./trapapoul.o
_Z9printTimev                                     ./trapapoul.o
_ZN11RTC_MCP794011ordinalDateEhh                  ./libraries/RTC-MCP7940/MCP7940.o
_ZN11RTC_MCP79403nowEv                            ./libraries/RTC-MCP7940/MCP7940.o
                                                  ./trapapoul.o
_ZN11RTC_MCP79405beginEv                          ./libraries/RTC-MCP7940/MCP7940.o
                                                  ./trapapoul.o
_ZN11RTC_MCP79405issetEv                          ./libraries/RTC-MCP7940/MCP7940.o
                                                  ./trapapoul.o
_ZN11RTC_MCP79406adjustERK8DateTime               ./libraries/RTC-MCP7940/MCP7940.o
                                                  ./trapapoul.o
_ZN11RTC_MCP79408setAlarmEh                       ./libraries/RTC-MCP7940/MCP7940.o
                                                  ./trapapoul.o
_ZN11RTC_MCP79409configureEh                      ./libraries/RTC-MCP7940/MCP7940.o
                                                  ./trapapoul.o
_ZN13LiquidCrystal10autoscrollEv                  ./libraries/LiquidCrystal/src/LiquidCrystal.o
_ZN13LiquidCrystal10createCharEhPh                ./libraries/LiquidCrystal/src/LiquidCrystal.o
_ZN13LiquidCrystal10write4bitsEh                  ./libraries/LiquidCrystal/src/LiquidCrystal.o
_ZN13LiquidCrystal10write8bitsEh                  ./libraries/LiquidCrystal/src/LiquidCrystal.o
_ZN13LiquidCrystal11leftToRightEv                 ./libraries/LiquidCrystal/src/LiquidCrystal.o
_ZN13LiquidCrystal11pulseEnableEv                 ./libraries/LiquidCrystal/src/LiquidCrystal.o
_ZN13LiquidCrystal11rightToLeftEv                 ./libraries/LiquidCrystal/src/LiquidCrystal.o
_ZN13LiquidCrystal12noAutoscrollEv                ./libraries/LiquidCrystal/src/LiquidCrystal.o
_ZN13LiquidCrystal13setRowOffsetsEiiii            ./libraries/LiquidCrystal/src/LiquidCrystal.o
_ZN13LiquidCrystal17scrollDisplayLeftEv           ./libraries/LiquidCrystal/src/LiquidCrystal.o
_ZN13LiquidCrystal18scrollDisplayRightEv          ./libraries/LiquidCrystal/src/LiquidCrystal.o
_ZN13LiquidCrystal4homeEv                         ./libraries/LiquidCrystal/src/LiquidCrystal.o
_ZN13LiquidCrystal4initEhhhhhhhhhhhh              ./libraries/LiquidCrystal/src/LiquidCrystal.o
_ZN13LiquidCrystal4sendEhh                        ./libraries/LiquidCrystal/src/LiquidCrystal.o
_ZN13LiquidCrystal5beginEhhh                      ./libraries/LiquidCrystal/src/LiquidCrystal.o
_ZN13LiquidCrystal5blinkEv                        ./libraries/LiquidCrystal/src/LiquidCrystal.o
_ZN13LiquidCrystal5clearEv                        ./libraries/LiquidCrystal/src/LiquidCrystal.o
_ZN13LiquidCrystal5writeEh                        ./libraries/LiquidCrystal/src/LiquidCrystal.o
_ZN13LiquidCrystal6cursorEv                       ./libraries/LiquidCrystal/src/LiquidCrystal.o
_ZN13LiquidCrystal7commandEh                      ./libraries/LiquidCrystal/src/LiquidCrystal.o
_ZN13LiquidCrystal7displayEv                      ./libraries/LiquidCrystal/src/LiquidCrystal.o
_ZN13LiquidCrystal7noBlinkEv                      ./libraries/LiquidCrystal/src/LiquidCrystal.o
_ZN13LiquidCrystal8noCursorEv                     ./libraries/LiquidCrystal/src/LiquidCrystal.o
_ZN13LiquidCrystal9noDisplayEv                    ./libraries/LiquidCrystal/src/LiquidCrystal.o
_ZN13LiquidCrystal9setCursorEhh                   ./libraries/LiquidCrystal/src/LiquidCrystal.o
_ZN13LiquidCrystalC1Ehhhhhh                       ./libraries/LiquidCrystal/src/LiquidCrystal.o
_ZN13LiquidCrystalC1Ehhhhhhh                      ./libraries/LiquidCrystal/src/LiquidCrystal.o
_ZN13LiquidCrystalC1Ehhhhhhhhhh                   ./libraries/LiquidCrystal/src/LiquidCrystal.o
_ZN13LiquidCrystalC1Ehhhhhhhhhhh                  ./libraries/LiquidCrystal/src/LiquidCrystal.o
_ZN13LiquidCrystalC2Ehhhhhh                       ./libraries/LiquidCrystal/src/LiquidCrystal.o
_ZN13LiquidCrystalC2Ehhhhhhh                      ./libraries/LiquidCrystal/src/LiquidCrystal.o
_ZN13LiquidCrystalC2Ehhhhhhhhhh                   ./libraries/LiquidCrystal/src/LiquidCrystal.o
_ZN13LiquidCrystalC2Ehhhhhhhhhhh                  ./libraries/LiquidCrystal/src/LiquidCrystal.o
_ZN14HardwareSerial17_tx_udr_empty_irqEv          ./libraries/core/HardwareSerial.o
                                                  ./libraries/core/HardwareSerial0.o
_ZN14HardwareSerial17availableForWriteEv          ./libraries/core/HardwareSerial.o
_ZN14HardwareSerial3endEv                         ./libraries/core/HardwareSerial.o
                                                  ./trapapoul.o
_ZN14HardwareSerial4peekEv                        ./libraries/core/HardwareSerial.o
                                                  ./trapapoul.o
_ZN14HardwareSerial4readEv                        ./libraries/core/HardwareSerial.o
                                                  ./trapapoul.o
_ZN14HardwareSerial5beginEmh                      ./libraries/core/HardwareSerial.o
                                                  ./trapapoul.o
_ZN14HardwareSerial5flushEv                       ./libraries/core/HardwareSerial.o
_ZN14HardwareSerial5writeEh                       ./libraries/core/HardwareSerial.o
                                                  ./libraries/SD/utility/SdFile.o
_ZN14HardwareSerial9availableEv                   ./libraries/core/HardwareSerial.o
                                                  ./trapapoul.o
                                                  ./libraries/core/HardwareSerial0.o
_ZN4File11isDirectoryEv                           ./libraries/SD/File.o
                                                  ./libraries/SD/SD.o
_ZN4File12openNextFileEh                          ./libraries/SD/SD.o
_ZN4File15rewindDirectoryEv                       ./libraries/SD/SD.o
_ZN4File4nameEv                                   ./libraries/SD/File.o
_ZN4File4peekEv                                   ./libraries/SD/File.o
_ZN4File4readEPvj                                 ./libraries/SD/File.o
_ZN4File4readEv                                   ./libraries/SD/File.o
_ZN4File4seekEm                                   ./libraries/SD/File.o
_ZN4File4sizeEv                                   ./libraries/SD/File.o
_ZN4File5closeEv                                  ./libraries/SD/File.o
                                                  ./trapapoul.o
_ZN4File5flushEv                                  ./libraries/SD/File.o
_ZN4File5writeEPKhj                               ./libraries/SD/File.o
_ZN4File5writeEh                                  ./libraries/SD/File.o
_ZN4File8positionEv                               ./libraries/SD/File.o
_ZN4File9availableEv                              ./libraries/SD/File.o
_ZN4FileC1E6SdFilePKc                             ./libraries/SD/File.o
                                                  ./libraries/SD/SD.o
_ZN4FileC1Ev                                      ./libraries/SD/File.o
                                                  ./libraries/SD/SD.o
_ZN4FileC2E6SdFilePKc                             ./libraries/SD/File.o
_ZN4FileC2Ev                                      ./libraries/SD/File.o
_ZN4FilecvbEv                                     ./libraries/SD/File.o
                                                  ./trapapoul.o
_ZN5Print10printFloatEdh                          ./libraries/core/Print.o
_ZN5Print11printNumberEmh                         ./libraries/core/Print.o
_ZN5Print5printEPK19__FlashStringHelper           ./libraries/core/Print.o
_ZN5Print5printEPKc                               ./libraries/core/Print.o
                                                  ./trapapoul.o
                                                  ./libraries/SD/utility/SdFile.o
_ZN5Print5printERK6String                         ./libraries/core/Print.o
                                                  ./trapapoul.o
_ZN5Print5printERK9Printable                      ./libraries/core/Print.o
_ZN5Print5printEc                                 ./libraries/core/Print.o
                                                  ./libraries/SD/utility/SdFile.o
                                                  ./libraries/core/IPAddress.o
_ZN5Print5printEdi                                ./libraries/core/Print.o
_ZN5Print5printEhi                                ./libraries/core/Print.o
                                                  ./libraries/core/IPAddress.o
_ZN5Print5printEii                                ./libraries/core/Print.o
_ZN5Print5printEji                                ./libraries/core/Print.o
                                                  ./libraries/SD/utility/SdFile.o
_ZN5Print5printEli                                ./libraries/core/Print.o
_ZN5Print5printEmi                                ./libraries/core/Print.o
                                                  ./libraries/SD/utility/SdFile.o
_ZN5Print5writeEPKc                               ./libraries/core/Print.o
_ZN5Print5writeEPKhj                              ./libraries/core/Print.o
                                                  ./libraries/LiquidCrystal/src/LiquidCrystal.o
                                                  ./libraries/SD/File.o
                                                  ./libraries/SD/utility/SdFile.o
                                                  ./libraries/Wire/Wire.o
                                                  ./libraries/core/HardwareSerial.o
_ZN5Print7printlnEPK19__FlashStringHelper         ./libraries/core/Print.o
_ZN5Print7printlnEPKc                             ./libraries/core/Print.o
                                                  ./trapapoul.o
_ZN5Print7printlnERK6String                       ./libraries/core/Print.o
                                                  ./trapapoul.o
_ZN5Print7printlnERK9Printable                    ./libraries/core/Print.o
_ZN5Print7printlnEc                               ./libraries/core/Print.o
_ZN5Print7printlnEdi                              ./libraries/core/Print.o
_ZN5Print7printlnEhi                              ./libraries/core/Print.o
_ZN5Print7printlnEii                              ./libraries/core/Print.o
_ZN5Print7printlnEji                              ./libraries/core/Print.o
_ZN5Print7printlnEli                              ./libraries/core/Print.o
_ZN5Print7printlnEmi                              ./libraries/core/Print.o
_ZN5Print7printlnEv                               ./libraries/core/Print.o
                                                  ./libraries/SD/utility/SdFile.o
_ZN6SdFile10addClusterEv                          ./libraries/SD/utility/SdFile.o
_ZN6SdFile10make83NameEPKcPh                      ./libraries/SD/utility/SdFile.o
_ZN6SdFile12oldDateTime_E                         ./libraries/SD/utility/SdFile.o
_ZN6SdFile12printDirNameERK14directoryEntryh      ./libraries/SD/utility/SdFile.o
_ZN6SdFile12printFatDateEj                        ./libraries/SD/utility/SdFile.o
_ZN6SdFile12printFatTimeEj                        ./libraries/SD/utility/SdFile.o
_ZN6SdFile12readDirCacheEv                        ./libraries/SD/utility/SdFile.o
_ZN6SdFile13addDirClusterEv                       ./libraries/SD/utility/SdFile.o
_ZN6SdFile13cacheDirEntryEh                       ./libraries/SD/utility/SdFile.o
_ZN6SdFile14printTwoDigitsEh                      ./libraries/SD/utility/SdFile.o
_ZN6SdFile15contiguousRangeEPmS0_                 ./libraries/SD/utility/SdFile.o
_ZN6SdFile15openCachedEntryEhh                    ./libraries/SD/utility/SdFile.o
_ZN6SdFile16createContiguousEPS_PKcm              ./libraries/SD/utility/SdFile.o
_ZN6SdFile2lsEhh                                  ./libraries/SD/utility/SdFile.o
_ZN6SdFile4openEPS_PKch                           ./libraries/SD/utility/SdFile.o
                                                  ./libraries/SD/SD.o
_ZN6SdFile4openEPS_jh                             ./libraries/SD/utility/SdFile.o
_ZN6SdFile4readEPvj                               ./libraries/SD/utility/SdFile.o
                                                  ./libraries/SD/File.o
_ZN6SdFile4readEv                                 ./libraries/SD/File.o
_ZN6SdFile4syncEv                                 ./libraries/SD/utility/SdFile.o
                                                  ./libraries/SD/File.o
_ZN6SdFile5closeEv                                ./libraries/SD/utility/SdFile.o
                                                  ./libraries/SD/SD.o
                                                  ./libraries/SD/File.o
_ZN6SdFile5rmDirEv                                ./libraries/SD/utility/SdFile.o
                                                  ./libraries/SD/SD.o
_ZN6SdFile5writeEPKc                              ./libraries/SD/utility/SdFile.o
_ZN6SdFile5writeEPKvj                             ./libraries/SD/utility/SdFile.o
                                                  ./libraries/SD/File.o
_ZN6SdFile5writeEh                                ./libraries/SD/utility/SdFile.o
_ZN6SdFile6removeEPS_PKc                          ./libraries/SD/utility/SdFile.o
                                                  ./libraries/SD/SD.o
_ZN6SdFile6removeEv                               ./libraries/SD/utility/SdFile.o
_ZN6SdFile7dirNameERK14directoryEntryPc           ./libraries/SD/utility/SdFile.o
                                                  ./libraries/SD/SD.o
_ZN6SdFile7makeDirEPS_PKc                         ./libraries/SD/utility/SdFile.o
                                                  ./libraries/SD/SD.o
_ZN6SdFile7readDirEP14directoryEntry              ./libraries/SD/utility/SdFile.o
                                                  ./libraries/SD/SD.o
_ZN6SdFile7seekSetEm                              ./libraries/SD/utility/SdFile.o
                                                  ./libraries/SD/SD.o
                                                  ./libraries/SD/File.o
_ZN6SdFile7write_PEPKc                            ./libraries/SD/utility/SdFile.o
_ZN6SdFile8dirEntryEP14directoryEntry             ./libraries/SD/utility/SdFile.o
_ZN6SdFile8openRootEP8SdVolume                    ./libraries/SD/utility/SdFile.o
                                                  ./libraries/SD/SD.o
_ZN6SdFile8rmRfStarEv                             ./libraries/SD/utility/SdFile.o
_ZN6SdFile8truncateEm                             ./libraries/SD/utility/SdFile.o
_ZN6SdFile9dateTime_E                             ./libraries/SD/utility/SdFile.o
_ZN6SdFile9timestampEhjhhhhh                      ./libraries/SD/utility/SdFile.o
_ZN6SdFile9writeln_PEPKc                          ./libraries/SD/utility/SdFile.o
_ZN6SdFileC1ERKS_                                 ./libraries/SD/SD.o
_ZN6SdFileC2ERKS_                                 ./libraries/SD/SD.o
_ZN6Stream10parseFloatEc                          ./libraries/core/Stream.o
_ZN6Stream10parseFloatEv                          ./libraries/core/Stream.o
_ZN6Stream10readStringEv                          ./libraries/core/Stream.o
_ZN6Stream10setTimeoutEm                          ./libraries/core/Stream.o
_ZN6Stream13peekNextDigitEv                       ./libraries/core/Stream.o
_ZN6Stream14readBytesUntilEcPcj                   ./libraries/core/Stream.o
_ZN6Stream15readStringUntilEc                     ./libraries/core/Stream.o
_ZN6Stream4findEPc                                ./libraries/core/Stream.o
_ZN6Stream4findEPcj                               ./libraries/core/Stream.o
_ZN6Stream8parseIntEc                             ./libraries/core/Stream.o
_ZN6Stream8parseIntEv                             ./libraries/core/Stream.o
                                                  ./trapapoul.o
_ZN6Stream9findMultiEPNS_11MultiTargetEi          ./libraries/core/Stream.o
_ZN6Stream9findUntilEPcS0_                        ./libraries/core/Stream.o
_ZN6Stream9findUntilEPcjS0_j                      ./libraries/core/Stream.o
_ZN6Stream9readBytesEPcj                          ./libraries/core/Stream.o
_ZN6Stream9timedPeekEv                            ./libraries/core/Stream.o
_ZN6Stream9timedReadEv                            ./libraries/core/Stream.o